Archive member included to satisfy reference by file (symbol)

c:/st/stm32cubeide_1.6.1/stm32cubeide/plugins/com.st.stm32cube.ide.mcu.externaltools.gnu-tools-for-stm32.9-2020-q2-update.win32_1.5.0.202011040924/tools/bin/../lib/gcc/arm-none-eabi/9.3.1/../../../../arm-none-eabi/lib/thumb/v7e-m+fp/hard\libc_nano.a(lib_a-errno.o)
                              Core/Src/syscalls.o (__errno)
c:/st/stm32cubeide_1.6.1/stm32cubeide/plugins/com.st.stm32cube.ide.mcu.externaltools.gnu-tools-for-stm32.9-2020-q2-update.win32_1.5.0.202011040924/tools/bin/../lib/gcc/arm-none-eabi/9.3.1/../../../../arm-none-eabi/lib/thumb/v7e-m+fp/hard\libc_nano.a(lib_a-exit.o)
                              c:/st/stm32cubeide_1.6.1/stm32cubeide/plugins/com.st.stm32cube.ide.mcu.externaltools.gnu-tools-for-stm32.9-2020-q2-update.win32_1.5.0.202011040924/tools/bin/../lib/gcc/arm-none-eabi/9.3.1/../../../../arm-none-eabi/lib/thumb/v7e-m+fp/hard/crt0.o (exit)
c:/st/stm32cubeide_1.6.1/stm32cubeide/plugins/com.st.stm32cube.ide.mcu.externaltools.gnu-tools-for-stm32.9-2020-q2-update.win32_1.5.0.202011040924/tools/bin/../lib/gcc/arm-none-eabi/9.3.1/../../../../arm-none-eabi/lib/thumb/v7e-m+fp/hard\libc_nano.a(lib_a-impure.o)
                              c:/st/stm32cubeide_1.6.1/stm32cubeide/plugins/com.st.stm32cube.ide.mcu.externaltools.gnu-tools-for-stm32.9-2020-q2-update.win32_1.5.0.202011040924/tools/bin/../lib/gcc/arm-none-eabi/9.3.1/../../../../arm-none-eabi/lib/thumb/v7e-m+fp/hard\libc_nano.a(lib_a-exit.o) (_global_impure_ptr)
c:/st/stm32cubeide_1.6.1/stm32cubeide/plugins/com.st.stm32cube.ide.mcu.externaltools.gnu-tools-for-stm32.9-2020-q2-update.win32_1.5.0.202011040924/tools/bin/../lib/gcc/arm-none-eabi/9.3.1/../../../../arm-none-eabi/lib/thumb/v7e-m+fp/hard\libc_nano.a(lib_a-init.o)
                              c:/st/stm32cubeide_1.6.1/stm32cubeide/plugins/com.st.stm32cube.ide.mcu.externaltools.gnu-tools-for-stm32.9-2020-q2-update.win32_1.5.0.202011040924/tools/bin/../lib/gcc/arm-none-eabi/9.3.1/../../../../arm-none-eabi/lib/thumb/v7e-m+fp/hard/crt0.o (__libc_init_array)
c:/st/stm32cubeide_1.6.1/stm32cubeide/plugins/com.st.stm32cube.ide.mcu.externaltools.gnu-tools-for-stm32.9-2020-q2-update.win32_1.5.0.202011040924/tools/bin/../lib/gcc/arm-none-eabi/9.3.1/../../../../arm-none-eabi/lib/thumb/v7e-m+fp/hard\libc_nano.a(lib_a-memcpy-stub.o)
                              Middlewares/Third_Party/FreeRTOS/Source/queue.o (memcpy)
c:/st/stm32cubeide_1.6.1/stm32cubeide/plugins/com.st.stm32cube.ide.mcu.externaltools.gnu-tools-for-stm32.9-2020-q2-update.win32_1.5.0.202011040924/tools/bin/../lib/gcc/arm-none-eabi/9.3.1/../../../../arm-none-eabi/lib/thumb/v7e-m+fp/hard\libc_nano.a(lib_a-memset.o)
                              c:/st/stm32cubeide_1.6.1/stm32cubeide/plugins/com.st.stm32cube.ide.mcu.externaltools.gnu-tools-for-stm32.9-2020-q2-update.win32_1.5.0.202011040924/tools/bin/../lib/gcc/arm-none-eabi/9.3.1/../../../../arm-none-eabi/lib/thumb/v7e-m+fp/hard/crt0.o (memset)
c:/st/stm32cubeide_1.6.1/stm32cubeide/plugins/com.st.stm32cube.ide.mcu.externaltools.gnu-tools-for-stm32.9-2020-q2-update.win32_1.5.0.202011040924/tools/bin/../lib/gcc/arm-none-eabi/9.3.1/../../../../arm-none-eabi/lib/thumb/v7e-m+fp/hard\libc_nano.a(lib_a-snprintf.o)
                              Core/Src/main.o (snprintf)
c:/st/stm32cubeide_1.6.1/stm32cubeide/plugins/com.st.stm32cube.ide.mcu.externaltools.gnu-tools-for-stm32.9-2020-q2-update.win32_1.5.0.202011040924/tools/bin/../lib/gcc/arm-none-eabi/9.3.1/../../../../arm-none-eabi/lib/thumb/v7e-m+fp/hard\libc_nano.a(lib_a-strlen.o)
                              Drivers/CMSIS/BSP/Components/LCD/LiquidCrystal.o (strlen)
c:/st/stm32cubeide_1.6.1/stm32cubeide/plugins/com.st.stm32cube.ide.mcu.externaltools.gnu-tools-for-stm32.9-2020-q2-update.win32_1.5.0.202011040924/tools/bin/../lib/gcc/arm-none-eabi/9.3.1/../../../../arm-none-eabi/lib/thumb/v7e-m+fp/hard\libc_nano.a(lib_a-nano-svfprintf.o)
                              c:/st/stm32cubeide_1.6.1/stm32cubeide/plugins/com.st.stm32cube.ide.mcu.externaltools.gnu-tools-for-stm32.9-2020-q2-update.win32_1.5.0.202011040924/tools/bin/../lib/gcc/arm-none-eabi/9.3.1/../../../../arm-none-eabi/lib/thumb/v7e-m+fp/hard\libc_nano.a(lib_a-snprintf.o) (_svfprintf_r)
c:/st/stm32cubeide_1.6.1/stm32cubeide/plugins/com.st.stm32cube.ide.mcu.externaltools.gnu-tools-for-stm32.9-2020-q2-update.win32_1.5.0.202011040924/tools/bin/../lib/gcc/arm-none-eabi/9.3.1/../../../../arm-none-eabi/lib/thumb/v7e-m+fp/hard\libc_nano.a(lib_a-nano-vfprintf_i.o)
                              c:/st/stm32cubeide_1.6.1/stm32cubeide/plugins/com.st.stm32cube.ide.mcu.externaltools.gnu-tools-for-stm32.9-2020-q2-update.win32_1.5.0.202011040924/tools/bin/../lib/gcc/arm-none-eabi/9.3.1/../../../../arm-none-eabi/lib/thumb/v7e-m+fp/hard\libc_nano.a(lib_a-nano-svfprintf.o) (_printf_i)
[...]
Memory Configuration

Name             Origin             Length             Attributes
RAM              0x0000000020000000 0x0000000000018000 xrw
RAM2             0x0000000010000000 0x0000000000008000 xrw
FLASH            0x0000000008000000 0x0000000000100000 xr
*default*        0x0000000000000000 0xffffffffffffffff

Linker script and memory map

LOAD c:/st/stm32cubeide_1.6.1/stm32cubeide/plugins/com.st.stm32cube.ide.mcu.externaltools.gnu-tools-for-stm32.9-2020-q2-update.win32_1.5.0.202011040924/tools/bin/../lib/gcc/arm-none-eabi/9.3.1/thumb/v7e-m+fp/hard/crti.o
LOAD c:/st/stm32cubeide_1.6.1/stm32cubeide/plugins/com.st.stm32cube.ide.mcu.externaltools.gnu-tools-for-stm32.9-2020-q2-update.win32_1.5.0.202011040924/tools/bin/../lib/gcc/arm-none-eabi/9.3.1/thumb/v7e-m+fp/hard/crtbegin.o
LOAD c:/st/stm32cubeide_1.6.1/stm32cubeide/plugins/com.st.stm32cube.ide.mcu.externaltools.gnu-tools-for-stm32.9-2020-q2-update.win32_1.5.0.202011040924/tools/bin/../lib/gcc/arm-none-eabi/9.3.1/../../../../arm-none-eabi/lib/thumb/v7e-m+fp/hard/crt0.o
LOAD Core/Src/freertos.o
LOAD Core/Src/main.o
LOAD Core/Src/stm32l4xx_hal_msp.o
LOAD Core/Src/stm32l4xx_hal_timebase_tim.o
LOAD Core/Src/stm32l4xx_it.o
LOAD Core/Src/syscalls.o
LOAD Core/Src/sysmem.o
LOAD Core/Src/system_stm32l4xx.o
LOAD Core/Startup/startup_stm32l475vgtx.o
LOAD Drivers/CMSIS/BSP/B-L475E-IOT01/stm32l475e_iot01.o
LOAD Drivers/CMSIS/BSP/B-L475E-IOT01/stm32l475e_iot01_hsensor.o
LOAD Drivers/CMSIS/BSP/B-L475E-IOT01/stm32l475e_iot01_tsensor.o
LOAD Drivers/CMSIS/BSP/Components/LCD/LiquidCrystal.o
LOAD Drivers/CMSIS/BSP/Components/hts221/hts221.o
LOAD Drivers/STM32L4xx_HAL_Driver/Src/stm32l4xx_hal.o
LOAD Drivers/STM32L4xx_HAL_Driver/Src/stm32l4xx_hal_cortex.o
LOAD Drivers/STM32L4xx_HAL_Driver/Src/stm32l4xx_hal_dfsdm.o
LOAD Drivers/STM32L4xx_HAL_Driver/Src/stm32l4xx_hal_dma.o
LOAD Drivers/STM32L4xx_HAL_Driver/Src/stm32l4xx_hal_dma_ex.o
LOAD Drivers/STM32L4xx_HAL_Driver/Src/stm32l4xx_hal_exti.o
LOAD Drivers/STM32L4xx_HAL_Driver/Src/stm32l4xx_hal_flash.o
LOAD Drivers/STM32L4xx_HAL_Driver/Src/stm32l4xx_hal_flash_ex.o
LOAD Drivers/STM32L4xx_HAL_Driver/Src/stm32l4xx_hal_flash_ramfunc.o
LOAD Drivers/STM32L4xx_HAL_Driver/Src/stm32l4xx_hal_gpio.o
LOAD Drivers/STM32L4xx_HAL_Driver/Src/stm32l4xx_hal_i2c.o
LOAD Drivers/STM32L4xx_HAL_Driver/Src/stm32l4xx_hal_i2c_ex.o
LOAD Drivers/STM32L4xx_HAL_Driver/Src/stm32l4xx_hal_pcd.o
LOAD Drivers/STM32L4xx_HAL_Driver/Src/stm32l4xx_hal_pcd_ex.o
LOAD Drivers/STM32L4xx_HAL_Driver/Src/stm32l4xx_hal_pwr.o
LOAD Drivers/STM32L4xx_HAL_Driver/Src/stm32l4xx_hal_pwr_ex.o
LOAD Drivers/STM32L4xx_HAL_Driver/Src/stm32l4xx_hal_qspi.o
LOAD Drivers/STM32L4xx_HAL_Driver/Src/stm32l4xx_hal_rcc.o
LOAD Drivers/STM32L4xx_HAL_Driver/Src/stm32l4xx_hal_rcc_ex.o
LOAD Drivers/STM32L4xx_HAL_Driver/Src/stm32l4xx_hal_spi.o
LOAD Drivers/STM32L4xx_HAL_Driver/Src/stm32l4xx_hal_spi_ex.o
LOAD Drivers/STM32L4xx_HAL_Driver/Src/stm32l4xx_hal_tim.o
LOAD Drivers/STM32L4xx_HAL_Driver/Src/stm32l4xx_hal_tim_ex.o
LOAD Drivers/STM32L4xx_HAL_Driver/Src/stm32l4xx_hal_uart.o
LOAD Drivers/STM32L4xx_HAL_Driver/Src/stm32l4xx_hal_uart_ex.o
LOAD Drivers/STM32L4xx_HAL_Driver/Src/stm32l4xx_ll_usb.o
LOAD Middlewares/Third_Party/FreeRTOS/Source/CMSIS_RTOS/cmsis_os.o
LOAD Middlewares/Third_Party/FreeRTOS/Source/croutine.o
LOAD Middlewares/Third_Party/FreeRTOS/Source/event_groups.o
LOAD Middlewares/Third_Party/FreeRTOS/Source/list.o
LOAD Middlewares/Third_Party/FreeRTOS/Source/queue.o
LOAD Middlewares/Third_Party/FreeRTOS/Source/stream_buffer.o
LOAD Middlewares/Third_Party/FreeRTOS/Source/tasks.o
LOAD Middlewares/Third_Party/FreeRTOS/Source/timers.o
LOAD Middlewares/Third_Party/FreeRTOS/Source/portable/GCC/ARM_CM4F/port.o
LOAD Middlewares/Third_Party/FreeRTOS/Source/portable/MemMang/heap_4.o
START GROUP
LOAD c:/st/stm32cubeide_1.6.1/stm32cubeide/plugins/com.st.stm32cube.ide.mcu.externaltools.gnu-tools-for-stm32.9-2020-q2-update.win32_1.5.0.202011040924/tools/bin/../lib/gcc/arm-none-eabi/9.3.1/../../../../arm-none-eabi/lib/thumb/v7e-m+fp/hard\libc_nano.a
LOAD c:/st/stm32cubeide_1.6.1/stm32cubeide/plugins/com.st.stm32cube.ide.mcu.externaltools.gnu-tools-for-stm32.9-2020-q2-update.win32_1.5.0.202011040924/tools/bin/../lib/gcc/arm-none-eabi/9.3.1/../../../../arm-none-eabi/lib/thumb/v7e-m+fp/hard\libm.a
END GROUP
START GROUP
LOAD c:/st/stm32cubeide_1.6.1/stm32cubeide/plugins/com.st.stm32cube.ide.mcu.externaltools.gnu-tools-for-stm32.9-2020-q2-update.win32_1.5.0.202011040924/tools/bin/../lib/gcc/arm-none-eabi/9.3.1/thumb/v7e-m+fp/hard\libgcc.a
LOAD c:/st/stm32cubeide_1.6.1/stm32cubeide/plugins/com.st.stm32cube.ide.mcu.externaltools.gnu-tools-for-stm32.9-2020-q2-update.win32_1.5.0.202011040924/tools/bin/../lib/gcc/arm-none-eabi/9.3.1/../../../../arm-none-eabi/lib/thumb/v7e-m+fp/hard\libc_nano.a
END GROUP
START GROUP
LOAD c:/st/stm32cubeide_1.6.1/stm32cubeide/plugins/com.st.stm32cube.ide.mcu.externaltools.gnu-tools-for-stm32.9-2020-q2-update.win32_1.5.0.202011040924/tools/bin/../lib/gcc/arm-none-eabi/9.3.1/thumb/v7e-m+fp/hard\libgcc.a
LOAD c:/st/stm32cubeide_1.6.1/stm32cubeide/plugins/com.st.stm32cube.ide.mcu.externaltools.gnu-tools-for-stm32.9-2020-q2-update.win32_1.5.0.202011040924/tools/bin/../lib/gcc/arm-none-eabi/9.3.1/../../../../arm-none-eabi/lib/thumb/v7e-m+fp/hard\libc_nano.a
LOAD c:/st/stm32cubeide_1.6.1/stm32cubeide/plugins/com.st.stm32cube.ide.mcu.externaltools.gnu-tools-for-stm32.9-2020-q2-update.win32_1.5.0.202011040924/tools/bin/../lib/gcc/arm-none-eabi/9.3.1/../../../../arm-none-eabi/lib/thumb/v7e-m+fp/hard\libnosys.a
END GROUP
START GROUP
LOAD c:/st/stm32cubeide_1.6.1/stm32cubeide/plugins/com.st.stm32cube.ide.mcu.externaltools.gnu-tools-for-stm32.9-2020-q2-update.win32_1.5.0.202011040924/tools/bin/../lib/gcc/arm-none-eabi/9.3.1/thumb/v7e-m+fp/hard\libgcc.a
LOAD c:/st/stm32cubeide_1.6.1/stm32cubeide/plugins/com.st.stm32cube.ide.mcu.externaltools.gnu-tools-for-stm32.9-2020-q2-update.win32_1.5.0.202011040924/tools/bin/../lib/gcc/arm-none-eabi/9.3.1/../../../../arm-none-eabi/lib/thumb/v7e-m+fp/hard\libc_nano.a
LOAD c:/st/stm32cubeide_1.6.1/stm32cubeide/plugins/com.st.stm32cube.ide.mcu.externaltools.gnu-tools-for-stm32.9-2020-q2-update.win32_1.5.0.202011040924/tools/bin/../lib/gcc/arm-none-eabi/9.3.1/../../../../arm-none-eabi/lib/thumb/v7e-m+fp/hard\libnosys.a
END GROUP
LOAD c:/st/stm32cubeide_1.6.1/stm32cubeide/plugins/com.st.stm32cube.ide.mcu.externaltools.gnu-tools-for-stm32.9-2020-q2-update.win32_1.5.0.202011040924/tools/bin/../lib/gcc/arm-none-eabi/9.3.1/thumb/v7e-m+fp/hard/crtend.o
LOAD c:/st/stm32cubeide_1.6.1/stm32cubeide/plugins/com.st.stm32cube.ide.mcu.externaltools.gnu-tools-for-stm32.9-2020-q2-update.win32_1.5.0.202011040924/tools/bin/../lib/gcc/arm-none-eabi/9.3.1/thumb/v7e-m+fp/hard/crtn.o
                0x0000000020018000                _estack = (ORIGIN (RAM) + LENGTH (RAM))
                0x0000000000000200                _Min_Heap_Size = 0x200
                0x0000000000000400                _Min_Stack_Size = 0x400

.isr_vector     0x0000000008000000      0x188
                0x0000000008000000                . = ALIGN (0x4)
 *(.isr_vector)
 .isr_vector    0x0000000008000000      0x188 Core/Startup/startup_stm32l475vgtx.o
                0x0000000008000000                g_pfnVectors
                0x0000000008000188                . = ALIGN (0x4)

.text           0x0000000008000190     0xc510
                0x0000000008000190                . = ALIGN (0x4)
 *(.text)
 .text          0x0000000008000190       0x40 c:/st/stm32cubeide_1.6.1/stm32cubeide/plugins/com.st.stm32cube.ide.mcu.externaltools.gnu-tools-for-stm32.9-2020-q2-update.win32_1.5.0.202011040924/tools/bin/../lib/gcc/arm-none-eabi/9.3.1/thumb/v7e-m+fp/hard/crtbegin.o
 .text          0x00000000080001d0       0x10 c:/st/stm32cubeide_1.6.1/stm32cubeide/plugins/com.st.stm32cube.ide.mcu.externaltools.gnu-tools-for-stm32.9-2020-q2-update.win32_1.5.0.202011040924/tools/bin/../lib/gcc/arm-none-eabi/9.3.1/../../../../arm-none-eabi/lib/thumb/v7e-m+fp/hard\libc_nano.a(lib_a-strlen.o)
                0x00000000080001d0                strlen
 .text          0x00000000080001e0       0xa0 c:/st/stm32cubeide_1.6.1/stm32cubeide/plugins/com.st.stm32cube.ide.mcu.externaltools.gnu-tools-for-stm32.9-2020-q2-update.win32_1.5.0.202011040924/tools/bin/../lib/gcc/arm-none-eabi/9.3.1/../../../../arm-none-eabi/lib/thumb/v7e-m+fp/hard\libc_nano.a(lib_a-memchr.o)
                0x00000000080001e0                memchr
 .text          0x0000000008000280      0x378 c:/st/stm32cubeide_1.6.1/stm32cubeide/plugins/com.st.stm32cube.ide.mcu.externaltools.gnu-tools-for-stm32.9-2020-q2-update.win32_1.5.0.202011040924/tools/bin/../lib/gcc/arm-none-eabi/9.3.1/thumb/v7e-m+fp/hard\libgcc.a(_arm_addsubdf3.o)
                0x0000000008000280                __aeabi_drsub
                0x0000000008000288                __aeabi_dsub
                0x0000000008000288                __subdf3
                0x000000000800028c                __aeabi_dadd
                0x000000000800028c                __adddf3
                0x0000000008000504                __floatunsidf
                0x0000000008000504                __aeabi_ui2d
                0x0000000008000524                __floatsidf
                0x0000000008000524                __aeabi_i2d
                0x0000000008000548                __aeabi_f2d
                0x0000000008000548                __extendsfdf2
                0x000000000800058c                __floatundidf
                0x000000000800058c                __aeabi_ul2d
                0x000000000800059c                __floatdidf
                0x000000000800059c                __aeabi_l2d
 .text          0x00000000080005f8       0x50 c:/st/stm32cubeide_1.6.1/stm32cubeide/plugins/com.st.stm32cube.ide.mcu.externaltools.gnu-tools-for-stm32.9-2020-q2-update.win32_1.5.0.202011040924/tools/bin/../lib/gcc/arm-none-eabi/9.3.1/thumb/v7e-m+fp/hard\libgcc.a(_arm_fixdfsi.o)
                0x00000000080005f8                __aeabi_d2iz
                0x00000000080005f8                __fixdfsi
 .text          0x0000000008000648       0x30 c:/st/stm32cubeide_1.6.1/stm32cubeide/plugins/com.st.stm32cube.ide.mcu.externaltools.gnu-tools-for-stm32.9-2020-q2-update.win32_1.5.0.202011040924/tools/bin/../lib/gcc/arm-none-eabi/9.3.1/thumb/v7e-m+fp/hard\libgcc.a(_aeabi_uldivmod.o)
                0x0000000008000648                __aeabi_uldivmod
 .text          0x0000000008000678      0x2c4 c:/st/stm32cubeide_1.6.1/stm32cubeide/plugins/com.st.stm32cube.ide.mcu.externaltools.gnu-tools-for-stm32.9-2020-q2-update.win32_1.5.0.202011040924/tools/bin/../lib/gcc/arm-none-eabi/9.3.1/thumb/v7e-m+fp/hard\libgcc.a(_udivmoddi4.o)
                0x0000000008000678                __udivmoddi4
 .text          0x000000000800093c        0x4 c:/st/stm32cubeide_1.6.1/stm32cubeide/plugins/com.st.stm32cube.ide.mcu.externaltools.gnu-tools-for-stm32.9-2020-q2-update.win32_1.5.0.202011040924/tools/bin/../lib/gcc/arm-none-eabi/9.3.1/thumb/v7e-m+fp/hard\libgcc.a(_dvmd_tls.o)
                0x000000000800093c                __aeabi_idiv0
                0x000000000800093c                __aeabi_ldiv0
 *(.text*)
 .text.vApplicationGetIdleTaskMemory
                0x0000000008000940       0x34 Core/Src/freertos.o
                0x0000000008000940                vApplicationGetIdleTaskMemory
 .text.vApplicationGetTimerTaskMemory
                0x0000000008000974       0x34 Core/Src/freertos.o
                0x0000000008000974                vApplicationGetTimerTaskMemory
 .text.main     0x00000000080009a8      0x3c4 Core/Src/main.o
                0x00000000080009a8                main
 .text.SystemClock_Config
                0x0000000008000d6c      0x124 Core/Src/main.o
                0x0000000008000d6c                SystemClock_Config
 .text.MX_DFSDM1_Init
                0x0000000008000e90       0x70 Core/Src/main.o
 .text.MX_I2C2_Init
                0x0000000008000f00       0x7c Core/Src/main.o
 .text.MX_QUADSPI_Init
                0x0000000008000f7c       0x4c Core/Src/main.o
 .text.MX_SPI3_Init
                0x0000000008000fc8       0x7c Core/Src/main.o
 .text.MX_TIM2_Init
                0x0000000008001044       0xb4 Core/Src/main.o
 .text.MX_USART1_UART_Init
                0x00000000080010f8       0x60 Core/Src/main.o
 .text.MX_USART3_UART_Init
                0x0000000008001158       0x60 Core/Src/main.o
 .text.MX_USB_OTG_FS_PCD_Init
                0x00000000080011b8       0x5c Core/Src/main.o
 .text.MX_GPIO_Init
                0x0000000008001214      0x320 Core/Src/main.o
 .text.readEmergencyCode
                0x0000000008001534       0x38 Core/Src/main.o
                0x0000000008001534                readEmergencyCode
 .text.readTemperature
                0x000000000800156c       0x3c Core/Src/main.o
                0x000000000800156c                readTemperature
 .text.readHumidity
                0x00000000080015a8       0x3c Core/Src/main.o
                0x00000000080015a8                readHumidity
 .text.StartTemp_monitor
                0x00000000080015e4       0x70 Core/Src/main.o
                0x00000000080015e4                StartTemp_monitor
 .text.StartHum_monitor
                0x0000000008001654       0x70 Core/Src/main.o
                0x0000000008001654                StartHum_monitor
 .text.StartLCD_temp
                0x00000000080016c4       0xec Core/Src/main.o
                0x00000000080016c4                StartLCD_temp
 .text.StartLCD_hum
                0x00000000080017b0       0xec Core/Src/main.o
                0x00000000080017b0                StartLCD_hum
 .text.StartServo_manager
                0x000000000800189c       0xee Core/Src/main.o
                0x000000000800189c                StartServo_manager
 *fill*         0x000000000800198a        0x2 
 .text.StartProblemDetector
                0x000000000800198c      0x120 Core/Src/main.o
                0x000000000800198c                StartProblemDetector
 .text.StartBuzzer_manager
                0x0000000008001aac       0x48 Core/Src/main.o
                0x0000000008001aac                StartBuzzer_manager
 .text.StartLCD_TempProblem
                0x0000000008001af4       0x94 Core/Src/main.o
                0x0000000008001af4                StartLCD_TempProblem
 .text.StartLCD_HumProblem
                0x0000000008001b88       0x94 Core/Src/main.o
                0x0000000008001b88                StartLCD_HumProblem
 .text.StartLED_manager
                0x0000000008001c1c       0x80 Core/Src/main.o
                0x0000000008001c1c                StartLED_manager
 .text.StartButton_manager
                0x0000000008001c9c      0x114 Core/Src/main.o
                0x0000000008001c9c                StartButton_manager
 .text.StartLCD_TotAllarm
                0x0000000008001db0       0x94 Core/Src/main.o
                0x0000000008001db0                StartLCD_TotAllarm
 .text.StartBuzzer_sound
                0x0000000008001e44       0x32 Core/Src/main.o
                0x0000000008001e44                StartBuzzer_sound
 *fill*         0x0000000008001e76        0x2 
 .text.CallbackLed1
                0x0000000008001e78       0x20 Core/Src/main.o
                0x0000000008001e78                CallbackLed1
 .text.CallbackLed2
                0x0000000008001e98       0x20 Core/Src/main.o
                0x0000000008001e98                CallbackLed2
 .text.HAL_TIM_PeriodElapsedCallback
                0x0000000008001eb8       0x24 Core/Src/main.o
                0x0000000008001eb8                HAL_TIM_PeriodElapsedCallback
 .text.Error_Handler
                0x0000000008001edc        0xa Core/Src/main.o
                0x0000000008001edc                Error_Handler
 *fill*         0x0000000008001ee6        0x2 
 .text.HAL_MspInit
                0x0000000008001ee8       0x50 Core/Src/stm32l4xx_hal_msp.o
                0x0000000008001ee8                HAL_MspInit
 .text.HAL_DFSDM_ChannelMspInit
                0x0000000008001f38       0x90 Core/Src/stm32l4xx_hal_msp.o
                0x0000000008001f38                HAL_DFSDM_ChannelMspInit
 .text.HAL_I2C_MspInit
                0x0000000008001fc8       0x88 Core/Src/stm32l4xx_hal_msp.o
                0x0000000008001fc8                HAL_I2C_MspInit
 .text.HAL_I2C_MspDeInit
                0x0000000008002050       0x48 Core/Src/stm32l4xx_hal_msp.o
                0x0000000008002050                HAL_I2C_MspDeInit
 .text.HAL_QSPI_MspInit
                0x0000000008002098       0x88 Core/Src/stm32l4xx_hal_msp.o
                0x0000000008002098                HAL_QSPI_MspInit
 .text.HAL_SPI_MspInit
                0x0000000008002120       0x88 Core/Src/stm32l4xx_hal_msp.o
                0x0000000008002120                HAL_SPI_MspInit
 .text.HAL_TIM_PWM_MspInit
                0x00000000080021a8       0x3c Core/Src/stm32l4xx_hal_msp.o
                0x00000000080021a8                HAL_TIM_PWM_MspInit
 .text.HAL_TIM_MspPostInit
                0x00000000080021e4       0x68 Core/Src/stm32l4xx_hal_msp.o
                0x00000000080021e4                HAL_TIM_MspPostInit
 .text.HAL_UART_MspInit
                0x000000000800224c       0xec Core/Src/stm32l4xx_hal_msp.o
                0x000000000800224c                HAL_UART_MspInit
 .text.HAL_PCD_MspInit
                0x0000000008002338       0xd8 Core/Src/stm32l4xx_hal_msp.o
                0x0000000008002338                HAL_PCD_MspInit
 .text.HAL_InitTick
                0x0000000008002410       0xac Core/Src/stm32l4xx_hal_timebase_tim.o
                0x0000000008002410                HAL_InitTick
 .text.NMI_Handler
                0x00000000080024bc        0x6 Core/Src/stm32l4xx_it.o
                0x00000000080024bc                NMI_Handler
 .text.HardFault_Handler
                0x00000000080024c2        0x6 Core/Src/stm32l4xx_it.o
                0x00000000080024c2                HardFault_Handler
 .text.MemManage_Handler
                0x00000000080024c8        0x6 Core/Src/stm32l4xx_it.o
                0x00000000080024c8                MemManage_Handler
 .text.BusFault_Handler
                0x00000000080024ce        0x6 Core/Src/stm32l4xx_it.o
                0x00000000080024ce                BusFault_Handler
 .text.UsageFault_Handler
                0x00000000080024d4        0x6 Core/Src/stm32l4xx_it.o
                0x00000000080024d4                UsageFault_Handler
 .text.DebugMon_Handler
                0x00000000080024da        0xe Core/Src/stm32l4xx_it.o
                0x00000000080024da                DebugMon_Handler
 .text.EXTI9_5_IRQHandler
                0x00000000080024e8       0x22 Core/Src/stm32l4xx_it.o
                0x00000000080024e8                EXTI9_5_IRQHandler
 *fill*         0x000000000800250a        0x2 
 .text.TIM1_TRG_COM_TIM17_IRQHandler
                0x000000000800250c       0x14 Core/Src/stm32l4xx_it.o
                0x000000000800250c                TIM1_TRG_COM_TIM17_IRQHandler
 .text.EXTI15_10_IRQHandler
                0x0000000008002520       0x30 Core/Src/stm32l4xx_it.o
                0x0000000008002520                EXTI15_10_IRQHandler
 .text._sbrk    0x0000000008002550       0x6c Core/Src/sysmem.o
                0x0000000008002550                _sbrk
 .text.SystemInit
                0x00000000080025bc       0x64 Core/Src/system_stm32l4xx.o
                0x00000000080025bc                SystemInit
 .text.Reset_Handler
                0x0000000008002620       0x50 Core/Startup/startup_stm32l475vgtx.o
                0x0000000008002620                Reset_Handler
 .text.Default_Handler
                0x0000000008002670        0x2 Core/Startup/startup_stm32l475vgtx.o
                0x0000000008002670                RTC_Alarm_IRQHandler
                0x0000000008002670                EXTI2_IRQHandler
                0x0000000008002670                TIM8_TRG_COM_IRQHandler
                0x0000000008002670                TIM8_CC_IRQHandler
                0x0000000008002670                TIM1_CC_IRQHandler
                0x0000000008002670                TSC_IRQHandler
                0x0000000008002670                TAMP_STAMP_IRQHandler
                0x0000000008002670                EXTI3_IRQHandler
                0x0000000008002670                LPTIM2_IRQHandler
                0x0000000008002670                DFSDM1_FLT1_IRQHandler
                0x0000000008002670                I2C3_ER_IRQHandler
                0x0000000008002670                DFSDM1_FLT2_IRQHandler
                0x0000000008002670                EXTI0_IRQHandler
                0x0000000008002670                I2C2_EV_IRQHandler
                0x0000000008002670                CAN1_RX0_IRQHandler
                0x0000000008002670                FPU_IRQHandler
                0x0000000008002670                TIM1_UP_TIM16_IRQHandler
                0x0000000008002670                ADC1_2_IRQHandler
                0x0000000008002670                SPI1_IRQHandler
                0x0000000008002670                TIM6_DAC_IRQHandler
                0x0000000008002670                TIM8_UP_IRQHandler
                0x0000000008002670                DMA2_Channel2_IRQHandler
                0x0000000008002670                DMA1_Channel4_IRQHandler
                0x0000000008002670                SAI2_IRQHandler
                0x0000000008002670                DFSDM1_FLT3_IRQHandler
                0x0000000008002670                USART3_IRQHandler
                0x0000000008002670                DMA1_Channel7_IRQHandler
                0x0000000008002670                CAN1_RX1_IRQHandler
                0x0000000008002670                UART5_IRQHandler
                0x0000000008002670                ADC3_IRQHandler
                0x0000000008002670                TIM4_IRQHandler
                0x0000000008002670                DMA2_Channel1_IRQHandler
                0x0000000008002670                QUADSPI_IRQHandler
                0x0000000008002670                I2C1_EV_IRQHandler
                0x0000000008002670                DMA1_Channel6_IRQHandler
                0x0000000008002670                UART4_IRQHandler
                0x0000000008002670                DMA2_Channel4_IRQHandler
                0x0000000008002670                TIM3_IRQHandler
                0x0000000008002670                RCC_IRQHandler
                0x0000000008002670                DMA1_Channel1_IRQHandler
                0x0000000008002670                Default_Handler
                0x0000000008002670                DMA2_Channel7_IRQHandler
                0x0000000008002670                TIM7_IRQHandler
                0x0000000008002670                SDMMC1_IRQHandler
                0x0000000008002670                TIM5_IRQHandler
                0x0000000008002670                I2C3_EV_IRQHandler
                0x0000000008002670                RTC_WKUP_IRQHandler
                0x0000000008002670                PVD_PVM_IRQHandler
                0x0000000008002670                SPI2_IRQHandler
                0x0000000008002670                CAN1_TX_IRQHandler
                0x0000000008002670                DMA2_Channel5_IRQHandler
                0x0000000008002670                DMA1_Channel5_IRQHandler
                0x0000000008002670                EXTI4_IRQHandler
                0x0000000008002670                RNG_IRQHandler
                0x0000000008002670                DMA1_Channel3_IRQHandler
                0x0000000008002670                COMP_IRQHandler
                0x0000000008002670                WWDG_IRQHandler
                0x0000000008002670                LPUART1_IRQHandler
                0x0000000008002670                DMA2_Channel6_IRQHandler
                0x0000000008002670                TIM2_IRQHandler
                0x0000000008002670                EXTI1_IRQHandler
                0x0000000008002670                USART2_IRQHandler
                0x0000000008002670                DFSDM1_FLT0_IRQHandler
                0x0000000008002670                I2C2_ER_IRQHandler
                0x0000000008002670                DMA1_Channel2_IRQHandler
                0x0000000008002670                TIM8_BRK_IRQHandler
                0x0000000008002670                CAN1_SCE_IRQHandler
                0x0000000008002670                FLASH_IRQHandler
                0x0000000008002670                USART1_IRQHandler
                0x0000000008002670                OTG_FS_IRQHandler
                0x0000000008002670                SPI3_IRQHandler
                0x0000000008002670                I2C1_ER_IRQHandler
                0x0000000008002670                FMC_IRQHandler
                0x0000000008002670                SWPMI1_IRQHandler
                0x0000000008002670                LPTIM1_IRQHandler
                0x0000000008002670                SAI1_IRQHandler
                0x0000000008002670                DMA2_Channel3_IRQHandler
                0x0000000008002670                TIM1_BRK_TIM15_IRQHandler
 *fill*         0x0000000008002672        0x2 
 .text.I2Cx_MspInit
                0x0000000008002674       0xb0 Drivers/CMSIS/BSP/B-L475E-IOT01/stm32l475e_iot01.o
 .text.I2Cx_Init
                0x0000000008002724       0x5c Drivers/CMSIS/BSP/B-L475E-IOT01/stm32l475e_iot01.o
 .text.I2Cx_ReadMultiple
                0x0000000008002780       0x5a Drivers/CMSIS/BSP/B-L475E-IOT01/stm32l475e_iot01.o
 .text.I2Cx_WriteMultiple
                0x00000000080027da       0x5a Drivers/CMSIS/BSP/B-L475E-IOT01/stm32l475e_iot01.o
 .text.I2Cx_Error
                0x0000000008002834       0x20 Drivers/CMSIS/BSP/B-L475E-IOT01/stm32l475e_iot01.o
 .text.SENSOR_IO_Init
                0x0000000008002854       0x14 Drivers/CMSIS/BSP/B-L475E-IOT01/stm32l475e_iot01.o
                0x0000000008002854                SENSOR_IO_Init
 .text.SENSOR_IO_Write
                0x0000000008002868       0x34 Drivers/CMSIS/BSP/B-L475E-IOT01/stm32l475e_iot01.o
                0x0000000008002868                SENSOR_IO_Write
 .text.SENSOR_IO_Read
                0x000000000800289c       0x3c Drivers/CMSIS/BSP/B-L475E-IOT01/stm32l475e_iot01.o
                0x000000000800289c                SENSOR_IO_Read
 .text.SENSOR_IO_ReadMultiple
                0x00000000080028d8       0x3c Drivers/CMSIS/BSP/B-L475E-IOT01/stm32l475e_iot01.o
                0x00000000080028d8                SENSOR_IO_ReadMultiple
 .text.BSP_HSENSOR_Init
                0x0000000008002914       0x40 Drivers/CMSIS/BSP/B-L475E-IOT01/stm32l475e_iot01_hsensor.o
                0x0000000008002914                BSP_HSENSOR_Init
 .text.BSP_HSENSOR_ReadHumidity
                0x0000000008002954       0x1c Drivers/CMSIS/BSP/B-L475E-IOT01/stm32l475e_iot01_hsensor.o
                0x0000000008002954                BSP_HSENSOR_ReadHumidity
 .text.BSP_TSENSOR_Init
                0x0000000008002970       0x38 Drivers/CMSIS/BSP/B-L475E-IOT01/stm32l475e_iot01_tsensor.o
                0x0000000008002970                BSP_TSENSOR_Init
 .text.BSP_TSENSOR_ReadTemp
                0x00000000080029a8       0x1c Drivers/CMSIS/BSP/B-L475E-IOT01/stm32l475e_iot01_tsensor.o
                0x00000000080029a8                BSP_TSENSOR_ReadTemp
 .text.LiquidCrystal
                0x00000000080029c4       0x94 Drivers/CMSIS/BSP/Components/LCD/LiquidCrystal.o
                0x00000000080029c4                LiquidCrystal
 .text.init     0x0000000008002a58       0x9c Drivers/CMSIS/BSP/Components/LCD/LiquidCrystal.o
                0x0000000008002a58                init
 .text.begin    0x0000000008002af4      0x220 Drivers/CMSIS/BSP/Components/LCD/LiquidCrystal.o
                0x0000000008002af4                begin
 .text.enableClock
                0x0000000008002d14      0x128 Drivers/CMSIS/BSP/Components/LCD/LiquidCrystal.o
                0x0000000008002d14                enableClock
 .text.setRowOffsets
                0x0000000008002e3c       0x40 Drivers/CMSIS/BSP/Components/LCD/LiquidCrystal.o
                0x0000000008002e3c                setRowOffsets
 .text.clear    0x0000000008002e7c       0x14 Drivers/CMSIS/BSP/Components/LCD/LiquidCrystal.o
                0x0000000008002e7c                clear
 .text.setCursor
                0x0000000008002e90       0x64 Drivers/CMSIS/BSP/Components/LCD/LiquidCrystal.o
                0x0000000008002e90                setCursor
 .text.display  0x0000000008002ef4       0x2c Drivers/CMSIS/BSP/Components/LCD/LiquidCrystal.o
                0x0000000008002ef4                display
 .text.print    0x0000000008002f20       0x56 Drivers/CMSIS/BSP/Components/LCD/LiquidCrystal.o
                0x0000000008002f20                print
 .text.command  0x0000000008002f76       0x1c Drivers/CMSIS/BSP/Components/LCD/LiquidCrystal.o
                0x0000000008002f76                command
 .text.write    0x0000000008002f92       0x1e Drivers/CMSIS/BSP/Components/LCD/LiquidCrystal.o
                0x0000000008002f92                write
 .text.send     0x0000000008002fb0       0x7c Drivers/CMSIS/BSP/Components/LCD/LiquidCrystal.o
                0x0000000008002fb0                send
 .text.pulseEnable
                0x000000000800302c       0x54 Drivers/CMSIS/BSP/Components/LCD/LiquidCrystal.o
                0x000000000800302c                pulseEnable
 .text.write4bits
                0x0000000008003080       0x54 Drivers/CMSIS/BSP/Components/LCD/LiquidCrystal.o
                0x0000000008003080                write4bits
 .text.write8bits
                0x00000000080030d4       0x54 Drivers/CMSIS/BSP/Components/LCD/LiquidCrystal.o
                0x00000000080030d4                write8bits
 .text.HTS221_H_Init
                0x0000000008003128       0x58 Drivers/CMSIS/BSP/Components/hts221/hts221.o
                0x0000000008003128                HTS221_H_Init
 .text.HTS221_H_ReadID
                0x0000000008003180       0x2c Drivers/CMSIS/BSP/Components/hts221/hts221.o
                0x0000000008003180                HTS221_H_ReadID
 .text.HTS221_H_ReadHumidity
                0x00000000080031ac      0x138 Drivers/CMSIS/BSP/Components/hts221/hts221.o
                0x00000000080031ac                HTS221_H_ReadHumidity
 .text.HTS221_T_Init
                0x00000000080032e4       0x5a Drivers/CMSIS/BSP/Components/hts221/hts221.o
                0x00000000080032e4                HTS221_T_Init
 .text.HTS221_T_ReadTemp
                0x000000000800333e      0x10e Drivers/CMSIS/BSP/Components/hts221/hts221.o
                0x000000000800333e                HTS221_T_ReadTemp
 .text.HAL_Init
                0x000000000800344c       0x30 Drivers/STM32L4xx_HAL_Driver/Src/stm32l4xx_hal.o
                0x000000000800344c                HAL_Init
 .text.HAL_IncTick
                0x000000000800347c       0x28 Drivers/STM32L4xx_HAL_Driver/Src/stm32l4xx_hal.o
                0x000000000800347c                HAL_IncTick
 .text.HAL_GetTick
                0x00000000080034a4       0x18 Drivers/STM32L4xx_HAL_Driver/Src/stm32l4xx_hal.o
                0x00000000080034a4                HAL_GetTick
 .text.HAL_Delay
                0x00000000080034bc       0x48 Drivers/STM32L4xx_HAL_Driver/Src/stm32l4xx_hal.o
                0x00000000080034bc                HAL_Delay
 .text.__NVIC_SetPriorityGrouping
                0x0000000008003504       0x48 Drivers/STM32L4xx_HAL_Driver/Src/stm32l4xx_hal_cortex.o
 .text.__NVIC_GetPriorityGrouping
                0x000000000800354c       0x1c Drivers/STM32L4xx_HAL_Driver/Src/stm32l4xx_hal_cortex.o
 .text.__NVIC_EnableIRQ
                0x0000000008003568       0x3c Drivers/STM32L4xx_HAL_Driver/Src/stm32l4xx_hal_cortex.o
 .text.__NVIC_SetPriority
                0x00000000080035a4       0x54 Drivers/STM32L4xx_HAL_Driver/Src/stm32l4xx_hal_cortex.o
 .text.NVIC_EncodePriority
                0x00000000080035f8       0x66 Drivers/STM32L4xx_HAL_Driver/Src/stm32l4xx_hal_cortex.o
 .text.HAL_NVIC_SetPriorityGrouping
                0x000000000800365e       0x16 Drivers/STM32L4xx_HAL_Driver/Src/stm32l4xx_hal_cortex.o
                0x000000000800365e                HAL_NVIC_SetPriorityGrouping
 .text.HAL_NVIC_SetPriority
                0x0000000008003674       0x38 Drivers/STM32L4xx_HAL_Driver/Src/stm32l4xx_hal_cortex.o
                0x0000000008003674                HAL_NVIC_SetPriority
 .text.HAL_NVIC_EnableIRQ
                0x00000000080036ac       0x1c Drivers/STM32L4xx_HAL_Driver/Src/stm32l4xx_hal_cortex.o
                0x00000000080036ac                HAL_NVIC_EnableIRQ
 .text.HAL_DFSDM_ChannelInit
                0x00000000080036c8      0x180 Drivers/STM32L4xx_HAL_Driver/Src/stm32l4xx_hal_dfsdm.o
                0x00000000080036c8                HAL_DFSDM_ChannelInit
 .text.DFSDM_GetChannelFromInstance
                0x0000000008003848       0x98 Drivers/STM32L4xx_HAL_Driver/Src/stm32l4xx_hal_dfsdm.o
 .text.HAL_GPIO_Init
                0x00000000080038e0      0x354 Drivers/STM32L4xx_HAL_Driver/Src/stm32l4xx_hal_gpio.o
                0x00000000080038e0                HAL_GPIO_Init
 .text.HAL_GPIO_DeInit
                0x0000000008003c34      0x1e8 Drivers/STM32L4xx_HAL_Driver/Src/stm32l4xx_hal_gpio.o
                0x0000000008003c34                HAL_GPIO_DeInit
 .text.HAL_GPIO_ReadPin
                0x0000000008003e1c       0x30 Drivers/STM32L4xx_HAL_Driver/Src/stm32l4xx_hal_gpio.o
                0x0000000008003e1c                HAL_GPIO_ReadPin
 .text.HAL_GPIO_WritePin
                0x0000000008003e4c       0x30 Drivers/STM32L4xx_HAL_Driver/Src/stm32l4xx_hal_gpio.o
                0x0000000008003e4c                HAL_GPIO_WritePin
 .text.HAL_GPIO_TogglePin
                0x0000000008003e7c       0x34 Drivers/STM32L4xx_HAL_Driver/Src/stm32l4xx_hal_gpio.o
                0x0000000008003e7c                HAL_GPIO_TogglePin
 .text.HAL_GPIO_EXTI_IRQHandler
                0x0000000008003eb0       0x30 Drivers/STM32L4xx_HAL_Driver/Src/stm32l4xx_hal_gpio.o
                0x0000000008003eb0                HAL_GPIO_EXTI_IRQHandler
 .text.HAL_GPIO_EXTI_Callback
                0x0000000008003ee0       0x16 Drivers/STM32L4xx_HAL_Driver/Src/stm32l4xx_hal_gpio.o
                0x0000000008003ee0                HAL_GPIO_EXTI_Callback
 .text.HAL_I2C_Init
                0x0000000008003ef6      0x11e Drivers/STM32L4xx_HAL_Driver/Src/stm32l4xx_hal_i2c.o
                0x0000000008003ef6                HAL_I2C_Init
 .text.HAL_I2C_DeInit
                0x0000000008004014       0x5e Drivers/STM32L4xx_HAL_Driver/Src/stm32l4xx_hal_i2c.o
                0x0000000008004014                HAL_I2C_DeInit
 *fill*         0x0000000008004072        0x2 
 .text.HAL_I2C_Mem_Write
                0x0000000008004074      0x228 Drivers/STM32L4xx_HAL_Driver/Src/stm32l4xx_hal_i2c.o
                0x0000000008004074                HAL_I2C_Mem_Write
 .text.HAL_I2C_Mem_Read
                0x000000000800429c      0x234 Drivers/STM32L4xx_HAL_Driver/Src/stm32l4xx_hal_i2c.o
                0x000000000800429c                HAL_I2C_Mem_Read
 .text.I2C_RequestMemoryWrite
                0x00000000080044d0       0xa8 Drivers/STM32L4xx_HAL_Driver/Src/stm32l4xx_hal_i2c.o
 .text.I2C_RequestMemoryRead
                0x0000000008004578       0xa8 Drivers/STM32L4xx_HAL_Driver/Src/stm32l4xx_hal_i2c.o
 .text.I2C_Flush_TXDR
                0x0000000008004620       0x48 Drivers/STM32L4xx_HAL_Driver/Src/stm32l4xx_hal_i2c.o
 .text.I2C_WaitOnFlagUntilTimeout
                0x0000000008004668       0x80 Drivers/STM32L4xx_HAL_Driver/Src/stm32l4xx_hal_i2c.o
 .text.I2C_WaitOnTXISFlagUntilTimeout
                0x00000000080046e8       0x80 Drivers/STM32L4xx_HAL_Driver/Src/stm32l4xx_hal_i2c.o
 .text.I2C_WaitOnSTOPFlagUntilTimeout
                0x0000000008004768       0x78 Drivers/STM32L4xx_HAL_Driver/Src/stm32l4xx_hal_i2c.o
 .text.I2C_IsAcknowledgeFailed
                0x00000000080047e0       0xcc Drivers/STM32L4xx_HAL_Driver/Src/stm32l4xx_hal_i2c.o
 .text.I2C_TransferConfig
                0x00000000080048ac       0x5c Drivers/STM32L4xx_HAL_Driver/Src/stm32l4xx_hal_i2c.o
 .text.HAL_I2CEx_ConfigAnalogFilter
                0x0000000008004908       0x96 Drivers/STM32L4xx_HAL_Driver/Src/stm32l4xx_hal_i2c_ex.o
                0x0000000008004908                HAL_I2CEx_ConfigAnalogFilter
 .text.HAL_I2CEx_ConfigDigitalFilter
                0x000000000800499e       0x98 Drivers/STM32L4xx_HAL_Driver/Src/stm32l4xx_hal_i2c_ex.o
                0x000000000800499e                HAL_I2CEx_ConfigDigitalFilter
 .text.HAL_PCD_Init
                0x0000000008004a36      0x248 Drivers/STM32L4xx_HAL_Driver/Src/stm32l4xx_hal_pcd.o
                0x0000000008004a36                HAL_PCD_Init
 .text.HAL_PCDEx_ActivateLPM
                0x0000000008004c7e       0x48 Drivers/STM32L4xx_HAL_Driver/Src/stm32l4xx_hal_pcd_ex.o
                0x0000000008004c7e                HAL_PCDEx_ActivateLPM
 *fill*         0x0000000008004cc6        0x2 
 .text.HAL_PWREx_GetVoltageRange
                0x0000000008004cc8       0x1c Drivers/STM32L4xx_HAL_Driver/Src/stm32l4xx_hal_pwr_ex.o
                0x0000000008004cc8                HAL_PWREx_GetVoltageRange
 .text.HAL_PWREx_ControlVoltageScaling
                0x0000000008004ce4       0xac Drivers/STM32L4xx_HAL_Driver/Src/stm32l4xx_hal_pwr_ex.o
                0x0000000008004ce4                HAL_PWREx_ControlVoltageScaling
 .text.HAL_PWREx_EnableVddUSB
                0x0000000008004d90       0x20 Drivers/STM32L4xx_HAL_Driver/Src/stm32l4xx_hal_pwr_ex.o
                0x0000000008004d90                HAL_PWREx_EnableVddUSB
 .text.HAL_QSPI_Init
                0x0000000008004db0       0xec Drivers/STM32L4xx_HAL_Driver/Src/stm32l4xx_hal_qspi.o
                0x0000000008004db0                HAL_QSPI_Init
 .text.HAL_QSPI_SetTimeout
                0x0000000008004e9c       0x1c Drivers/STM32L4xx_HAL_Driver/Src/stm32l4xx_hal_qspi.o
                0x0000000008004e9c                HAL_QSPI_SetTimeout
 .text.QSPI_WaitFlagStateUntilTimeout
                0x0000000008004eb8       0x6e Drivers/STM32L4xx_HAL_Driver/Src/stm32l4xx_hal_qspi.o
 *fill*         0x0000000008004f26        0x2 
 .text.HAL_RCC_OscConfig
                0x0000000008004f28      0x7cc Drivers/STM32L4xx_HAL_Driver/Src/stm32l4xx_hal_rcc.o
                0x0000000008004f28                HAL_RCC_OscConfig
 .text.HAL_RCC_ClockConfig
                0x00000000080056f4      0x1c4 Drivers/STM32L4xx_HAL_Driver/Src/stm32l4xx_hal_rcc.o
                0x00000000080056f4                HAL_RCC_ClockConfig
 .text.HAL_RCC_GetSysClockFreq
                0x00000000080058b8      0x118 Drivers/STM32L4xx_HAL_Driver/Src/stm32l4xx_hal_rcc.o
                0x00000000080058b8                HAL_RCC_GetSysClockFreq
 .text.HAL_RCC_GetHCLKFreq
                0x00000000080059d0       0x18 Drivers/STM32L4xx_HAL_Driver/Src/stm32l4xx_hal_rcc.o
                0x00000000080059d0                HAL_RCC_GetHCLKFreq
 .text.HAL_RCC_GetPCLK1Freq
                0x00000000080059e8       0x2c Drivers/STM32L4xx_HAL_Driver/Src/stm32l4xx_hal_rcc.o
                0x00000000080059e8                HAL_RCC_GetPCLK1Freq
 .text.HAL_RCC_GetPCLK2Freq
                0x0000000008005a14       0x2c Drivers/STM32L4xx_HAL_Driver/Src/stm32l4xx_hal_rcc.o
                0x0000000008005a14                HAL_RCC_GetPCLK2Freq
 .text.HAL_RCC_GetClockConfig
                0x0000000008005a40       0x64 Drivers/STM32L4xx_HAL_Driver/Src/stm32l4xx_hal_rcc.o
                0x0000000008005a40                HAL_RCC_GetClockConfig
 .text.RCC_SetFlashLatencyFromMSIRange
                0x0000000008005aa4       0xc0 Drivers/STM32L4xx_HAL_Driver/Src/stm32l4xx_hal_rcc.o
 .text.HAL_RCCEx_PeriphCLKConfig
                0x0000000008005b64      0x5d4 Drivers/STM32L4xx_HAL_Driver/Src/stm32l4xx_hal_rcc_ex.o
                0x0000000008005b64                HAL_RCCEx_PeriphCLKConfig
 .text.RCCEx_PLLSAI1_Config
                0x0000000008006138      0x1e8 Drivers/STM32L4xx_HAL_Driver/Src/stm32l4xx_hal_rcc_ex.o
 .text.RCCEx_PLLSAI2_Config
                0x0000000008006320      0x1bc Drivers/STM32L4xx_HAL_Driver/Src/stm32l4xx_hal_rcc_ex.o
 .text.HAL_SPI_Init
                0x00000000080064dc      0x146 Drivers/STM32L4xx_HAL_Driver/Src/stm32l4xx_hal_spi.o
                0x00000000080064dc                HAL_SPI_Init
 .text.HAL_TIM_Base_Init
                0x0000000008006622       0xae Drivers/STM32L4xx_HAL_Driver/Src/stm32l4xx_hal_tim.o
                0x0000000008006622                HAL_TIM_Base_Init
 .text.HAL_TIM_Base_MspInit
                0x00000000080066d0       0x14 Drivers/STM32L4xx_HAL_Driver/Src/stm32l4xx_hal_tim.o
                0x00000000080066d0                HAL_TIM_Base_MspInit
 .text.HAL_TIM_Base_Start_IT
                0x00000000080066e4       0xe0 Drivers/STM32L4xx_HAL_Driver/Src/stm32l4xx_hal_tim.o
                0x00000000080066e4                HAL_TIM_Base_Start_IT
 .text.HAL_TIM_PWM_Init
                0x00000000080067c4       0xae Drivers/STM32L4xx_HAL_Driver/Src/stm32l4xx_hal_tim.o
                0x00000000080067c4                HAL_TIM_PWM_Init
 *fill*         0x0000000008006872        0x2 
 .text.HAL_TIM_PWM_Start
                0x0000000008006874      0x20c Drivers/STM32L4xx_HAL_Driver/Src/stm32l4xx_hal_tim.o
                0x0000000008006874                HAL_TIM_PWM_Start
 .text.HAL_TIM_IRQHandler
                0x0000000008006a80      0x23e Drivers/STM32L4xx_HAL_Driver/Src/stm32l4xx_hal_tim.o
                0x0000000008006a80                HAL_TIM_IRQHandler
 *fill*         0x0000000008006cbe        0x2 
 .text.HAL_TIM_PWM_ConfigChannel
                0x0000000008006cc0      0x220 Drivers/STM32L4xx_HAL_Driver/Src/stm32l4xx_hal_tim.o
                0x0000000008006cc0                HAL_TIM_PWM_ConfigChannel
 .text.HAL_TIM_OC_DelayElapsedCallback
                0x0000000008006ee0       0x14 Drivers/STM32L4xx_HAL_Driver/Src/stm32l4xx_hal_tim.o
                0x0000000008006ee0                HAL_TIM_OC_DelayElapsedCallback
 .text.HAL_TIM_IC_CaptureCallback
                0x0000000008006ef4       0x14 Drivers/STM32L4xx_HAL_Driver/Src/stm32l4xx_hal_tim.o
                0x0000000008006ef4                HAL_TIM_IC_CaptureCallback
 .text.HAL_TIM_PWM_PulseFinishedCallback
                0x0000000008006f08       0x14 Drivers/STM32L4xx_HAL_Driver/Src/stm32l4xx_hal_tim.o
                0x0000000008006f08                HAL_TIM_PWM_PulseFinishedCallback
 .text.HAL_TIM_TriggerCallback
                0x0000000008006f1c       0x14 Drivers/STM32L4xx_HAL_Driver/Src/stm32l4xx_hal_tim.o
                0x0000000008006f1c                HAL_TIM_TriggerCallback
 .text.TIM_Base_SetConfig
                0x0000000008006f30      0x134 Drivers/STM32L4xx_HAL_Driver/Src/stm32l4xx_hal_tim.o
                0x0000000008006f30                TIM_Base_SetConfig
 .text.TIM_OC1_SetConfig
                0x0000000008007064      0x120 Drivers/STM32L4xx_HAL_Driver/Src/stm32l4xx_hal_tim.o
 .text.TIM_OC2_SetConfig
                0x0000000008007184      0x114 Drivers/STM32L4xx_HAL_Driver/Src/stm32l4xx_hal_tim.o
                0x0000000008007184                TIM_OC2_SetConfig
 .text.TIM_OC3_SetConfig
                0x0000000008007298      0x110 Drivers/STM32L4xx_HAL_Driver/Src/stm32l4xx_hal_tim.o
 .text.TIM_OC4_SetConfig
                0x00000000080073a8       0xd4 Drivers/STM32L4xx_HAL_Driver/Src/stm32l4xx_hal_tim.o
 .text.TIM_OC5_SetConfig
                0x000000000800747c       0xc8 Drivers/STM32L4xx_HAL_Driver/Src/stm32l4xx_hal_tim.o
 .text.TIM_OC6_SetConfig
                0x0000000008007544       0xcc Drivers/STM32L4xx_HAL_Driver/Src/stm32l4xx_hal_tim.o
 .text.TIM_CCxChannelCmd
                0x0000000008007610       0x4a Drivers/STM32L4xx_HAL_Driver/Src/stm32l4xx_hal_tim.o
                0x0000000008007610                TIM_CCxChannelCmd
 *fill*         0x000000000800765a        0x2 
 .text.HAL_TIMEx_MasterConfigSynchronization
                0x000000000800765c      0x110 Drivers/STM32L4xx_HAL_Driver/Src/stm32l4xx_hal_tim_ex.o
                0x000000000800765c                HAL_TIMEx_MasterConfigSynchronization
 .text.HAL_TIMEx_CommutCallback
                0x000000000800776c       0x14 Drivers/STM32L4xx_HAL_Driver/Src/stm32l4xx_hal_tim_ex.o
                0x000000000800776c                HAL_TIMEx_CommutCallback
 .text.HAL_TIMEx_BreakCallback
                0x0000000008007780       0x14 Drivers/STM32L4xx_HAL_Driver/Src/stm32l4xx_hal_tim_ex.o
                0x0000000008007780                HAL_TIMEx_BreakCallback
 .text.HAL_TIMEx_Break2Callback
                0x0000000008007794       0x14 Drivers/STM32L4xx_HAL_Driver/Src/stm32l4xx_hal_tim_ex.o
                0x0000000008007794                HAL_TIMEx_Break2Callback
 .text.HAL_UART_Init
                0x00000000080077a8       0x9c Drivers/STM32L4xx_HAL_Driver/Src/stm32l4xx_hal_uart.o
                0x00000000080077a8                HAL_UART_Init
 .text.UART_SetConfig
                0x0000000008007844      0x514 Drivers/STM32L4xx_HAL_Driver/Src/stm32l4xx_hal_uart.o
                0x0000000008007844                UART_SetConfig
 .text.UART_AdvFeatureConfig
                0x0000000008007d58      0x144 Drivers/STM32L4xx_HAL_Driver/Src/stm32l4xx_hal_uart.o
                0x0000000008007d58                UART_AdvFeatureConfig
 .text.UART_CheckIdleState
                0x0000000008007e9c       0x92 Drivers/STM32L4xx_HAL_Driver/Src/stm32l4xx_hal_uart.o
                0x0000000008007e9c                UART_CheckIdleState
 .text.UART_WaitOnFlagUntilTimeout
                0x0000000008007f2e       0xf8 Drivers/STM32L4xx_HAL_Driver/Src/stm32l4xx_hal_uart.o
                0x0000000008007f2e                UART_WaitOnFlagUntilTimeout
 .text.USB_CoreInit
                0x0000000008008026       0x58 Drivers/STM32L4xx_HAL_Driver/Src/stm32l4xx_ll_usb.o
                0x0000000008008026                USB_CoreInit
 .text.USB_DisableGlobalInt
                0x000000000800807e       0x22 Drivers/STM32L4xx_HAL_Driver/Src/stm32l4xx_ll_usb.o
                0x000000000800807e                USB_DisableGlobalInt
 .text.USB_SetCurrentMode
                0x00000000080080a0       0x54 Drivers/STM32L4xx_HAL_Driver/Src/stm32l4xx_ll_usb.o
                0x00000000080080a0                USB_SetCurrentMode
 .text.USB_DevInit
                0x00000000080080f4      0x298 Drivers/STM32L4xx_HAL_Driver/Src/stm32l4xx_ll_usb.o
                0x00000000080080f4                USB_DevInit
 .text.USB_FlushTxFifo
                0x000000000800838c       0x4c Drivers/STM32L4xx_HAL_Driver/Src/stm32l4xx_ll_usb.o
                0x000000000800838c                USB_FlushTxFifo
 .text.USB_FlushRxFifo
                0x00000000080083d8       0x44 Drivers/STM32L4xx_HAL_Driver/Src/stm32l4xx_ll_usb.o
                0x00000000080083d8                USB_FlushRxFifo
 .text.USB_SetDevSpeed
                0x000000000800841c       0x32 Drivers/STM32L4xx_HAL_Driver/Src/stm32l4xx_ll_usb.o
                0x000000000800841c                USB_SetDevSpeed
 .text.USB_DevDisconnect
                0x000000000800844e       0x42 Drivers/STM32L4xx_HAL_Driver/Src/stm32l4xx_ll_usb.o
                0x000000000800844e                USB_DevDisconnect
 .text.USB_CoreReset
                0x0000000008008490       0x68 Drivers/STM32L4xx_HAL_Driver/Src/stm32l4xx_ll_usb.o
 .text.makeFreeRtosPriority
                0x00000000080084f8       0x30 Middlewares/Third_Party/FreeRTOS/Source/CMSIS_RTOS/cmsis_os.o
 .text.inHandlerMode
                0x0000000008008528       0x24 Middlewares/Third_Party/FreeRTOS/Source/CMSIS_RTOS/cmsis_os.o
 .text.osKernelStart
                0x000000000800854c        0xe Middlewares/Third_Party/FreeRTOS/Source/CMSIS_RTOS/cmsis_os.o
                0x000000000800854c                osKernelStart
 .text.osThreadCreate
                0x000000000800855a       0x98 Middlewares/Third_Party/FreeRTOS/Source/CMSIS_RTOS/cmsis_os.o
                0x000000000800855a                osThreadCreate
 .text.osDelay  0x00000000080085f2       0x28 Middlewares/Third_Party/FreeRTOS/Source/CMSIS_RTOS/cmsis_os.o
                0x00000000080085f2                osDelay
 *fill*         0x000000000800861a        0x2 
 .text.osTimerCreate
                0x000000000800861c       0x68 Middlewares/Third_Party/FreeRTOS/Source/CMSIS_RTOS/cmsis_os.o
                0x000000000800861c                osTimerCreate
 .text.osTimerStart
                0x0000000008008684       0x88 Middlewares/Third_Party/FreeRTOS/Source/CMSIS_RTOS/cmsis_os.o
                0x0000000008008684                osTimerStart
 .text.osTimerStop
                0x000000000800870c       0x78 Middlewares/Third_Party/FreeRTOS/Source/CMSIS_RTOS/cmsis_os.o
                0x000000000800870c                osTimerStop
 .text.osMutexCreate
                0x0000000008008784       0x30 Middlewares/Third_Party/FreeRTOS/Source/CMSIS_RTOS/cmsis_os.o
                0x0000000008008784                osMutexCreate
 .text.osMutexWait
                0x00000000080087b4       0x9c Middlewares/Third_Party/FreeRTOS/Source/CMSIS_RTOS/cmsis_os.o
                0x00000000080087b4                osMutexWait
 .text.osMutexRelease
                0x0000000008008850       0x6c Middlewares/Third_Party/FreeRTOS/Source/CMSIS_RTOS/cmsis_os.o
                0x0000000008008850                osMutexRelease
 .text.osThreadSuspend
                0x00000000080088bc       0x18 Middlewares/Third_Party/FreeRTOS/Source/CMSIS_RTOS/cmsis_os.o
                0x00000000080088bc                osThreadSuspend
 .text.osThreadResume
                0x00000000080088d4       0x44 Middlewares/Third_Party/FreeRTOS/Source/CMSIS_RTOS/cmsis_os.o
                0x00000000080088d4                osThreadResume
 .text.vListInitialise
                0x0000000008008918       0x40 Middlewares/Third_Party/FreeRTOS/Source/list.o
                0x0000000008008918                vListInitialise
 .text.vListInitialiseItem
                0x0000000008008958       0x1a Middlewares/Third_Party/FreeRTOS/Source/list.o
                0x0000000008008958                vListInitialiseItem
 .text.vListInsertEnd
                0x0000000008008972       0x48 Middlewares/Third_Party/FreeRTOS/Source/list.o
                0x0000000008008972                vListInsertEnd
 .text.vListInsert
                0x00000000080089ba       0x72 Middlewares/Third_Party/FreeRTOS/Source/list.o
                0x00000000080089ba                vListInsert
 .text.uxListRemove
                0x0000000008008a2c       0x54 Middlewares/Third_Party/FreeRTOS/Source/list.o
                0x0000000008008a2c                uxListRemove
 .text.xQueueGenericReset
                0x0000000008008a80       0xd0 Middlewares/Third_Party/FreeRTOS/Source/queue.o
                0x0000000008008a80                xQueueGenericReset
 .text.xQueueGenericCreateStatic
                0x0000000008008b50       0xf0 Middlewares/Third_Party/FreeRTOS/Source/queue.o
                0x0000000008008b50                xQueueGenericCreateStatic
 .text.xQueueGenericCreate
                0x0000000008008c40       0x74 Middlewares/Third_Party/FreeRTOS/Source/queue.o
                0x0000000008008c40                xQueueGenericCreate
 .text.prvInitialiseNewQueue
                0x0000000008008cb4       0x3e Middlewares/Third_Party/FreeRTOS/Source/queue.o
 .text.prvInitialiseMutex
                0x0000000008008cf2       0x34 Middlewares/Third_Party/FreeRTOS/Source/queue.o
 .text.xQueueCreateMutex
                0x0000000008008d26       0x30 Middlewares/Third_Party/FreeRTOS/Source/queue.o
                0x0000000008008d26                xQueueCreateMutex
 .text.xQueueCreateMutexStatic
                0x0000000008008d56       0x36 Middlewares/Third_Party/FreeRTOS/Source/queue.o
                0x0000000008008d56                xQueueCreateMutexStatic
 .text.xQueueGenericSend
                0x0000000008008d8c      0x1fc Middlewares/Third_Party/FreeRTOS/Source/queue.o
                0x0000000008008d8c                xQueueGenericSend
 .text.xQueueGenericSendFromISR
                0x0000000008008f88      0x136 Middlewares/Third_Party/FreeRTOS/Source/queue.o
                0x0000000008008f88                xQueueGenericSendFromISR
 .text.xQueueGiveFromISR
                0x00000000080090be      0x11a Middlewares/Third_Party/FreeRTOS/Source/queue.o
                0x00000000080090be                xQueueGiveFromISR
 .text.xQueueReceive
                0x00000000080091d8      0x1c0 Middlewares/Third_Party/FreeRTOS/Source/queue.o
                0x00000000080091d8                xQueueReceive
 .text.xQueueSemaphoreTake
                0x0000000008009398      0x218 Middlewares/Third_Party/FreeRTOS/Source/queue.o
                0x0000000008009398                xQueueSemaphoreTake
 .text.xQueueReceiveFromISR
                0x00000000080095b0      0x100 Middlewares/Third_Party/FreeRTOS/Source/queue.o
                0x00000000080095b0                xQueueReceiveFromISR
 .text.prvGetDisinheritPriorityAfterTimeout
                0x00000000080096b0       0x30 Middlewares/Third_Party/FreeRTOS/Source/queue.o
 .text.prvCopyDataToQueue
                0x00000000080096e0       0xd4 Middlewares/Third_Party/FreeRTOS/Source/queue.o
 .text.prvCopyDataFromQueue
                0x00000000080097b4       0x4c Middlewares/Third_Party/FreeRTOS/Source/queue.o
 .text.prvUnlockQueue
                0x0000000008009800       0xa4 Middlewares/Third_Party/FreeRTOS/Source/queue.o
 .text.prvIsQueueEmpty
                0x00000000080098a4       0x2c Middlewares/Third_Party/FreeRTOS/Source/queue.o
 .text.prvIsQueueFull
                0x00000000080098d0       0x30 Middlewares/Third_Party/FreeRTOS/Source/queue.o
 .text.vQueueAddToRegistry
                0x0000000008009900       0x54 Middlewares/Third_Party/FreeRTOS/Source/queue.o
                0x0000000008009900                vQueueAddToRegistry
 .text.vQueueWaitForMessageRestricted
                0x0000000008009954       0x68 Middlewares/Third_Party/FreeRTOS/Source/queue.o
                0x0000000008009954                vQueueWaitForMessageRestricted
 .text.xTaskCreateStatic
                0x00000000080099bc       0xba Middlewares/Third_Party/FreeRTOS/Source/tasks.o
                0x00000000080099bc                xTaskCreateStatic
 .text.xTaskCreate
                0x0000000008009a76       0x8a Middlewares/Third_Party/FreeRTOS/Source/tasks.o
                0x0000000008009a76                xTaskCreate
 .text.prvInitialiseNewTask
                0x0000000008009b00      0x10e Middlewares/Third_Party/FreeRTOS/Source/tasks.o
 *fill*         0x0000000008009c0e        0x2 
 .text.prvAddNewTaskToReadyList
                0x0000000008009c10       0xd4 Middlewares/Third_Party/FreeRTOS/Source/tasks.o
 .text.vTaskDelay
                0x0000000008009ce4       0x68 Middlewares/Third_Party/FreeRTOS/Source/tasks.o
                0x0000000008009ce4                vTaskDelay
 .text.vTaskSuspend
                0x0000000008009d4c      0x124 Middlewares/Third_Party/FreeRTOS/Source/tasks.o
                0x0000000008009d4c                vTaskSuspend
 .text.prvTaskIsTaskSuspended
                0x0000000008009e70       0x64 Middlewares/Third_Party/FreeRTOS/Source/tasks.o
 .text.vTaskResume
                0x0000000008009ed4       0xbc Middlewares/Third_Party/FreeRTOS/Source/tasks.o
                0x0000000008009ed4                vTaskResume
 .text.xTaskResumeFromISR
                0x0000000008009f90       0xe4 Middlewares/Third_Party/FreeRTOS/Source/tasks.o
                0x0000000008009f90                xTaskResumeFromISR
 .text.vTaskStartScheduler
                0x000000000800a074       0xcc Middlewares/Third_Party/FreeRTOS/Source/tasks.o
                0x000000000800a074                vTaskStartScheduler
 .text.vTaskSuspendAll
                0x000000000800a140       0x1c Middlewares/Third_Party/FreeRTOS/Source/tasks.o
                0x000000000800a140                vTaskSuspendAll
 .text.xTaskResumeAll
                0x000000000800a15c      0x138 Middlewares/Third_Party/FreeRTOS/Source/tasks.o
                0x000000000800a15c                xTaskResumeAll
 .text.xTaskGetTickCount
                0x000000000800a294       0x20 Middlewares/Third_Party/FreeRTOS/Source/tasks.o
                0x000000000800a294                xTaskGetTickCount
 .text.xTaskIncrementTick
                0x000000000800a2b4      0x170 Middlewares/Third_Party/FreeRTOS/Source/tasks.o
                0x000000000800a2b4                xTaskIncrementTick
 .text.vTaskSwitchContext
                0x000000000800a424       0xb8 Middlewares/Third_Party/FreeRTOS/Source/tasks.o
                0x000000000800a424                vTaskSwitchContext
 .text.vTaskPlaceOnEventList
                0x000000000800a4dc       0x48 Middlewares/Third_Party/FreeRTOS/Source/tasks.o
                0x000000000800a4dc                vTaskPlaceOnEventList
 .text.vTaskPlaceOnEventListRestricted
                0x000000000800a524       0x58 Middlewares/Third_Party/FreeRTOS/Source/tasks.o
                0x000000000800a524                vTaskPlaceOnEventListRestricted
 .text.xTaskRemoveFromEventList
                0x000000000800a57c       0xc4 Middlewares/Third_Party/FreeRTOS/Source/tasks.o
                0x000000000800a57c                xTaskRemoveFromEventList
 .text.vTaskInternalSetTimeOutState
                0x000000000800a640       0x2c Middlewares/Third_Party/FreeRTOS/Source/tasks.o
                0x000000000800a640                vTaskInternalSetTimeOutState
 .text.xTaskCheckForTimeOut
                0x000000000800a66c       0xc4 Middlewares/Third_Party/FreeRTOS/Source/tasks.o
                0x000000000800a66c                xTaskCheckForTimeOut
 .text.vTaskMissedYield
                0x000000000800a730       0x18 Middlewares/Third_Party/FreeRTOS/Source/tasks.o
                0x000000000800a730                vTaskMissedYield
 .text.prvIdleTask
                0x000000000800a748       0x30 Middlewares/Third_Party/FreeRTOS/Source/tasks.o
 .text.prvInitialiseTaskLists
                0x000000000800a778       0x80 Middlewares/Third_Party/FreeRTOS/Source/tasks.o
 .text.prvCheckTasksWaitingTermination
                0x000000000800a7f8       0x5c Middlewares/Third_Party/FreeRTOS/Source/tasks.o
 .text.prvDeleteTCB
                0x000000000800a854       0x5e Middlewares/Third_Party/FreeRTOS/Source/tasks.o
 *fill*         0x000000000800a8b2        0x2 
 .text.prvResetNextTaskUnblockTime
                0x000000000800a8b4       0x40 Middlewares/Third_Party/FreeRTOS/Source/tasks.o
 .text.xTaskGetSchedulerState
                0x000000000800a8f4       0x3c Middlewares/Third_Party/FreeRTOS/Source/tasks.o
                0x000000000800a8f4                xTaskGetSchedulerState
 .text.xTaskPriorityInherit
                0x000000000800a930       0xec Middlewares/Third_Party/FreeRTOS/Source/tasks.o
                0x000000000800a930                xTaskPriorityInherit
 .text.xTaskPriorityDisinherit
                0x000000000800aa1c      0x10c Middlewares/Third_Party/FreeRTOS/Source/tasks.o
                0x000000000800aa1c                xTaskPriorityDisinherit
 .text.vTaskPriorityDisinheritAfterTimeout
                0x000000000800ab28      0x11c Middlewares/Third_Party/FreeRTOS/Source/tasks.o
                0x000000000800ab28                vTaskPriorityDisinheritAfterTimeout
 .text.pvTaskIncrementMutexHeldCount
                0x000000000800ac44       0x28 Middlewares/Third_Party/FreeRTOS/Source/tasks.o
                0x000000000800ac44                pvTaskIncrementMutexHeldCount
 .text.prvAddCurrentTaskToDelayedList
                0x000000000800ac6c       0xcc Middlewares/Third_Party/FreeRTOS/Source/tasks.o
 .text.xTimerCreateTimerTask
                0x000000000800ad38       0x90 Middlewares/Third_Party/FreeRTOS/Source/timers.o
                0x000000000800ad38                xTimerCreateTimerTask
 .text.xTimerCreate
                0x000000000800adc8       0x42 Middlewares/Third_Party/FreeRTOS/Source/timers.o
                0x000000000800adc8                xTimerCreate
 .text.xTimerCreateStatic
                0x000000000800ae0a       0x7c Middlewares/Third_Party/FreeRTOS/Source/timers.o
                0x000000000800ae0a                xTimerCreateStatic
 .text.prvInitialiseNewTimer
                0x000000000800ae86       0x76 Middlewares/Third_Party/FreeRTOS/Source/timers.o
 .text.xTimerGenericCommand
                0x000000000800aefc       0x9c Middlewares/Third_Party/FreeRTOS/Source/timers.o
                0x000000000800aefc                xTimerGenericCommand
 .text.prvProcessExpiredTimer
                0x000000000800af98       0x98 Middlewares/Third_Party/FreeRTOS/Source/timers.o
 .text.prvTimerTask
                0x000000000800b030       0x24 Middlewares/Third_Party/FreeRTOS/Source/timers.o
 .text.prvProcessTimerOrBlockTask
                0x000000000800b054       0x9c Middlewares/Third_Party/FreeRTOS/Source/timers.o
 .text.prvGetNextExpireTime
                0x000000000800b0f0       0x48 Middlewares/Third_Party/FreeRTOS/Source/timers.o
 .text.prvSampleTimeNow
                0x000000000800b138       0x40 Middlewares/Third_Party/FreeRTOS/Source/timers.o
 .text.prvInsertTimerInActiveList
                0x000000000800b178       0x84 Middlewares/Third_Party/FreeRTOS/Source/timers.o
 .text.prvProcessReceivedCommands
                0x000000000800b1fc      0x18c Middlewares/Third_Party/FreeRTOS/Source/timers.o
 .text.prvSwitchTimerLists
                0x000000000800b388       0xc8 Middlewares/Third_Party/FreeRTOS/Source/timers.o
 .text.prvCheckForValidListAndQueue
                0x000000000800b450       0x80 Middlewares/Third_Party/FreeRTOS/Source/timers.o
 .text.pxPortInitialiseStack
                0x000000000800b4d0       0x68 Middlewares/Third_Party/FreeRTOS/Source/portable/GCC/ARM_CM4F/port.o
                0x000000000800b4d0                pxPortInitialiseStack
 .text.prvTaskExitError
                0x000000000800b538       0x58 Middlewares/Third_Party/FreeRTOS/Source/portable/GCC/ARM_CM4F/port.o
 .text.SVC_Handler
                0x000000000800b590       0x28 Middlewares/Third_Party/FreeRTOS/Source/portable/GCC/ARM_CM4F/port.o
                0x000000000800b590                SVC_Handler
 .text.prvPortStartFirstTask
                0x000000000800b5b8       0x28 Middlewares/Third_Party/FreeRTOS/Source/portable/GCC/ARM_CM4F/port.o
 .text.xPortStartScheduler
                0x000000000800b5e0      0x144 Middlewares/Third_Party/FreeRTOS/Source/portable/GCC/ARM_CM4F/port.o
                0x000000000800b5e0                xPortStartScheduler
 .text.vPortEnterCritical
                0x000000000800b724       0x60 Middlewares/Third_Party/FreeRTOS/Source/portable/GCC/ARM_CM4F/port.o
                0x000000000800b724                vPortEnterCritical
 .text.vPortExitCritical
                0x000000000800b784       0x54 Middlewares/Third_Party/FreeRTOS/Source/portable/GCC/ARM_CM4F/port.o
                0x000000000800b784                vPortExitCritical
 *fill*         0x000000000800b7d8        0x8 
 .text.PendSV_Handler
                0x000000000800b7e0       0x68 Middlewares/Third_Party/FreeRTOS/Source/portable/GCC/ARM_CM4F/port.o
                0x000000000800b7e0                PendSV_Handler
 .text.SysTick_Handler
                0x000000000800b848       0x44 Middlewares/Third_Party/FreeRTOS/Source/portable/GCC/ARM_CM4F/port.o
                0x000000000800b848                SysTick_Handler
 .text.vPortSetupTimerInterrupt
                0x000000000800b88c       0x48 Middlewares/Third_Party/FreeRTOS/Source/portable/GCC/ARM_CM4F/port.o
                0x000000000800b88c                vPortSetupTimerInterrupt
 .text.vPortEnableVFP
                0x000000000800b8d4       0x14 Middlewares/Third_Party/FreeRTOS/Source/portable/GCC/ARM_CM4F/port.o
 .text.vPortValidateInterruptPriority
                0x000000000800b8e8       0x80 Middlewares/Third_Party/FreeRTOS/Source/portable/GCC/ARM_CM4F/port.o
                0x000000000800b8e8                vPortValidateInterruptPriority
 .text.pvPortMalloc
                0x000000000800b968      0x198 Middlewares/Third_Party/FreeRTOS/Source/portable/MemMang/heap_4.o
                0x000000000800b968                pvPortMalloc
 .text.vPortFree
                0x000000000800bb00       0xc4 Middlewares/Third_Party/FreeRTOS/Source/portable/MemMang/heap_4.o
                0x000000000800bb00                vPortFree
 .text.prvHeapInit
                0x000000000800bbc4       0xc4 Middlewares/Third_Party/FreeRTOS/Source/portable/MemMang/heap_4.o
 .text.prvInsertBlockIntoFreeList
                0x000000000800bc88       0xb4 Middlewares/Third_Party/FreeRTOS/Source/portable/MemMang/heap_4.o
 .text.__errno  0x000000000800bd3c        0xc c:/st/stm32cubeide_1.6.1/stm32cubeide/plugins/com.st.stm32cube.ide.mcu.externaltools.gnu-tools-for-stm32.9-2020-q2-update.win32_1.5.0.202011040924/tools/bin/../lib/gcc/arm-none-eabi/9.3.1/../../../../arm-none-eabi/lib/thumb/v7e-m+fp/hard\libc_nano.a(lib_a-errno.o)
                0x000000000800bd3c                __errno
 .text.__libc_init_array
                0x000000000800bd48       0x48 c:/st/stm32cubeide_1.6.1/stm32cubeide/plugins/com.st.stm32cube.ide.mcu.externaltools.gnu-tools-for-stm32.9-2020-q2-update.win32_1.5.0.202011040924/tools/bin/../lib/gcc/arm-none-eabi/9.3.1/../../../../arm-none-eabi/lib/thumb/v7e-m+fp/hard\libc_nano.a(lib_a-init.o)
                0x000000000800bd48                __libc_init_array
 .text.memcpy   0x000000000800bd90       0x1c c:/st/stm32cubeide_1.6.1/stm32cubeide/plugins/com.st.stm32cube.ide.mcu.externaltools.gnu-tools-for-stm32.9-2020-q2-update.win32_1.5.0.202011040924/tools/bin/../lib/gcc/arm-none-eabi/9.3.1/../../../../arm-none-eabi/lib/thumb/v7e-m+fp/hard\libc_nano.a(lib_a-memcpy-stub.o)
                0x000000000800bd90                memcpy
 .text.memset   0x000000000800bdac       0x10 c:/st/stm32cubeide_1.6.1/stm32cubeide/plugins/com.st.stm32cube.ide.mcu.externaltools.gnu-tools-for-stm32.9-2020-q2-update.win32_1.5.0.202011040924/tools/bin/../lib/gcc/arm-none-eabi/9.3.1/../../../../arm-none-eabi/lib/thumb/v7e-m+fp/hard\libc_nano.a(lib_a-memset.o)
                0x000000000800bdac                memset
 .text.snprintf
                0x000000000800bdbc       0x68 c:/st/stm32cubeide_1.6.1/stm32cubeide/plugins/com.st.stm32cube.ide.mcu.externaltools.gnu-tools-for-stm32.9-2020-q2-update.win32_1.5.0.202011040924/tools/bin/../lib/gcc/arm-none-eabi/9.3.1/../../../../arm-none-eabi/lib/thumb/v7e-m+fp/hard\libc_nano.a(lib_a-snprintf.o)
                0x000000000800bdbc                sniprintf
                0x000000000800bdbc                snprintf
 .text.__ssputs_r
                0x000000000800be24       0xb6 c:/st/stm32cubeide_1.6.1/stm32cubeide/plugins/com.st.stm32cube.ide.mcu.externaltools.gnu-tools-for-stm32.9-2020-q2-update.win32_1.5.0.202011040924/tools/bin/../lib/gcc/arm-none-eabi/9.3.1/../../../../arm-none-eabi/lib/thumb/v7e-m+fp/hard\libc_nano.a(lib_a-nano-svfprintf.o)
                0x000000000800be24                __ssputs_r
 *fill*         0x000000000800beda        0x2 
 .text._svfprintf_r
                0x000000000800bedc      0x200 c:/st/stm32cubeide_1.6.1/stm32cubeide/plugins/com.st.stm32cube.ide.mcu.externaltools.gnu-tools-for-stm32.9-2020-q2-update.win32_1.5.0.202011040924/tools/bin/../lib/gcc/arm-none-eabi/9.3.1/../../../../arm-none-eabi/lib/thumb/v7e-m+fp/hard\libc_nano.a(lib_a-nano-svfprintf.o)
                0x000000000800bedc                _svfiprintf_r
                0x000000000800bedc                _svfprintf_r
 .text._printf_common
                0x000000000800c0dc       0xda c:/st/stm32cubeide_1.6.1/stm32cubeide/plugins/com.st.stm32cube.ide.mcu.externaltools.gnu-tools-for-stm32.9-2020-q2-update.win32_1.5.0.202011040924/tools/bin/../lib/gcc/arm-none-eabi/9.3.1/../../../../arm-none-eabi/lib/thumb/v7e-m+fp/hard\libc_nano.a(lib_a-nano-vfprintf_i.o)
                0x000000000800c0dc                _printf_common
 *fill*         0x000000000800c1b6        0x2 
 .text._printf_i
                0x000000000800c1b8      0x24c c:/st/stm32cubeide_1.6.1/stm32cubeide/plugins/com.st.stm32cube.ide.mcu.externaltools.gnu-tools-for-stm32.9-2020-q2-update.win32_1.5.0.202011040924/tools/bin/../lib/gcc/arm-none-eabi/9.3.1/../../../../arm-none-eabi/lib/thumb/v7e-m+fp/hard\libc_nano.a(lib_a-nano-vfprintf_i.o)
                0x000000000800c1b8                _printf_i
 .text.memmove  0x000000000800c404       0x34 c:/st/stm32cubeide_1.6.1/stm32cubeide/plugins/com.st.stm32cube.ide.mcu.externaltools.gnu-tools-for-stm32.9-2020-q2-update.win32_1.5.0.202011040924/tools/bin/../lib/gcc/arm-none-eabi/9.3.1/../../../../arm-none-eabi/lib/thumb/v7e-m+fp/hard\libc_nano.a(lib_a-memmove.o)
                0x000000000800c404                memmove
 .text._free_r  0x000000000800c438       0xa0 c:/st/stm32cubeide_1.6.1/stm32cubeide/plugins/com.st.stm32cube.ide.mcu.externaltools.gnu-tools-for-stm32.9-2020-q2-update.win32_1.5.0.202011040924/tools/bin/../lib/gcc/arm-none-eabi/9.3.1/../../../../arm-none-eabi/lib/thumb/v7e-m+fp/hard\libc_nano.a(lib_a-nano-freer.o)
                0x000000000800c438                _free_r
 .text._malloc_r
                0x000000000800c4d8       0xb4 c:/st/stm32cubeide_1.6.1/stm32cubeide/plugins/com.st.stm32cube.ide.mcu.externaltools.gnu-tools-for-stm32.9-2020-q2-update.win32_1.5.0.202011040924/tools/bin/../lib/gcc/arm-none-eabi/9.3.1/../../../../arm-none-eabi/lib/thumb/v7e-m+fp/hard\libc_nano.a(lib_a-nano-mallocr.o)
                0x000000000800c4d8                _malloc_r
 .text._realloc_r
                0x000000000800c58c       0x4c c:/st/stm32cubeide_1.6.1/stm32cubeide/plugins/com.st.stm32cube.ide.mcu.externaltools.gnu-tools-for-stm32.9-2020-q2-update.win32_1.5.0.202011040924/tools/bin/../lib/gcc/arm-none-eabi/9.3.1/../../../../arm-none-eabi/lib/thumb/v7e-m+fp/hard\libc_nano.a(lib_a-nano-reallocr.o)
                0x000000000800c58c                _realloc_r
 .text._sbrk_r  0x000000000800c5d8       0x20 c:/st/stm32cubeide_1.6.1/stm32cubeide/plugins/com.st.stm32cube.ide.mcu.externaltools.gnu-tools-for-stm32.9-2020-q2-update.win32_1.5.0.202011040924/tools/bin/../lib/gcc/arm-none-eabi/9.3.1/../../../../arm-none-eabi/lib/thumb/v7e-m+fp/hard\libc_nano.a(lib_a-sbrkr.o)
                0x000000000800c5d8                _sbrk_r
 .text.__malloc_lock
                0x000000000800c5f8        0xc c:/st/stm32cubeide_1.6.1/stm32cubeide/plugins/com.st.stm32cube.ide.mcu.externaltools.gnu-tools-for-stm32.9-2020-q2-update.win32_1.5.0.202011040924/tools/bin/../lib/gcc/arm-none-eabi/9.3.1/../../../../arm-none-eabi/lib/thumb/v7e-m+fp/hard\libc_nano.a(lib_a-mlock.o)
                0x000000000800c5f8                __malloc_lock
 .text.__malloc_unlock
                0x000000000800c604        0xc c:/st/stm32cubeide_1.6.1/stm32cubeide/plugins/com.st.stm32cube.ide.mcu.externaltools.gnu-tools-for-stm32.9-2020-q2-update.win32_1.5.0.202011040924/tools/bin/../lib/gcc/arm-none-eabi/9.3.1/../../../../arm-none-eabi/lib/thumb/v7e-m+fp/hard\libc_nano.a(lib_a-mlock.o)
                0x000000000800c604                __malloc_unlock
 .text._malloc_usable_size_r
                0x000000000800c610       0x10 c:/st/stm32cubeide_1.6.1/stm32cubeide/plugins/com.st.stm32cube.ide.mcu.externaltools.gnu-tools-for-stm32.9-2020-q2-update.win32_1.5.0.202011040924/tools/bin/../lib/gcc/arm-none-eabi/9.3.1/../../../../arm-none-eabi/lib/thumb/v7e-m+fp/hard\libc_nano.a(lib_a-nano-msizer.o)
                0x000000000800c610                _malloc_usable_size_r
 .text.__retarget_lock_acquire_recursive
                0x000000000800c620        0x2 c:/st/stm32cubeide_1.6.1/stm32cubeide/plugins/com.st.stm32cube.ide.mcu.externaltools.gnu-tools-for-stm32.9-2020-q2-update.win32_1.5.0.202011040924/tools/bin/../lib/gcc/arm-none-eabi/9.3.1/../../../../arm-none-eabi/lib/thumb/v7e-m+fp/hard\libc_nano.a(lib_a-lock.o)
                0x000000000800c620                __retarget_lock_acquire_recursive
 .text.__retarget_lock_release_recursive
                0x000000000800c622        0x2 c:/st/stm32cubeide_1.6.1/stm32cubeide/plugins/com.st.stm32cube.ide.mcu.externaltools.gnu-tools-for-stm32.9-2020-q2-update.win32_1.5.0.202011040924/tools/bin/../lib/gcc/arm-none-eabi/9.3.1/../../../../arm-none-eabi/lib/thumb/v7e-m+fp/hard\libc_nano.a(lib_a-lock.o)
                0x000000000800c622                __retarget_lock_release_recursive
 .text.trunc    0x000000000800c624       0x64 c:/st/stm32cubeide_1.6.1/stm32cubeide/plugins/com.st.stm32cube.ide.mcu.externaltools.gnu-tools-for-stm32.9-2020-q2-update.win32_1.5.0.202011040924/tools/bin/../lib/gcc/arm-none-eabi/9.3.1/../../../../arm-none-eabi/lib/thumb/v7e-m+fp/hard\libm.a(lib_a-s_trunc.o)
                0x000000000800c624                trunc
 *(.glue_7)
 .glue_7        0x000000000800c688        0x0 linker stubs
 *(.glue_7t)
 .glue_7t       0x000000000800c688        0x0 linker stubs
 *(.eh_frame)
 .eh_frame      0x000000000800c688        0x0 c:/st/stm32cubeide_1.6.1/stm32cubeide/plugins/com.st.stm32cube.ide.mcu.externaltools.gnu-tools-for-stm32.9-2020-q2-update.win32_1.5.0.202011040924/tools/bin/../lib/gcc/arm-none-eabi/9.3.1/thumb/v7e-m+fp/hard/crtbegin.o
 *(.init)
 .init          0x000000000800c688        0x4 c:/st/stm32cubeide_1.6.1/stm32cubeide/plugins/com.st.stm32cube.ide.mcu.externaltools.gnu-tools-for-stm32.9-2020-q2-update.win32_1.5.0.202011040924/tools/bin/../lib/gcc/arm-none-eabi/9.3.1/thumb/v7e-m+fp/hard/crti.o
                0x000000000800c688                _init
 .init          0x000000000800c68c        0x8 c:/st/stm32cubeide_1.6.1/stm32cubeide/plugins/com.st.stm32cube.ide.mcu.externaltools.gnu-tools-for-stm32.9-2020-q2-update.win32_1.5.0.202011040924/tools/bin/../lib/gcc/arm-none-eabi/9.3.1/thumb/v7e-m+fp/hard/crtn.o
 *(.fini)
 .fini          0x000000000800c694        0x4 c:/st/stm32cubeide_1.6.1/stm32cubeide/plugins/com.st.stm32cube.ide.mcu.externaltools.gnu-tools-for-stm32.9-2020-q2-update.win32_1.5.0.202011040924/tools/bin/../lib/gcc/arm-none-eabi/9.3.1/thumb/v7e-m+fp/hard/crti.o
                0x000000000800c694                _fini
 .fini          0x000000000800c698        0x8 c:/st/stm32cubeide_1.6.1/stm32cubeide/plugins/com.st.stm32cube.ide.mcu.externaltools.gnu-tools-for-stm32.9-2020-q2-update.win32_1.5.0.202011040924/tools/bin/../lib/gcc/arm-none-eabi/9.3.1/thumb/v7e-m+fp/hard/crtn.o
                0x000000000800c6a0                . = ALIGN (0x4)
                0x000000000800c6a0                _etext = .

.vfp11_veneer   0x000000000800c6a0        0x0
 .vfp11_veneer  0x000000000800c6a0        0x0 linker stubs

.v4_bx          0x000000000800c6a0        0x0
 .v4_bx         0x000000000800c6a0        0x0 linker stubs

.iplt           0x000000000800c6a0        0x0
 .iplt          0x000000000800c6a0        0x0 c:/st/stm32cubeide_1.6.1/stm32cubeide/plugins/com.st.stm32cube.ide.mcu.externaltools.gnu-tools-for-stm32.9-2020-q2-update.win32_1.5.0.202011040924/tools/bin/../lib/gcc/arm-none-eabi/9.3.1/thumb/v7e-m+fp/hard/crtbegin.o

.rodata         0x000000000800c6a0      0x36c
                0x000000000800c6a0                . = ALIGN (0x4)
 *(.rodata)
 .rodata        0x000000000800c6a0      0x2d3 Core/Src/main.o
 *fill*         0x000000000800c973        0x1 
 .rodata        0x000000000800c974        0x1 Middlewares/Third_Party/FreeRTOS/Source/CMSIS_RTOS/cmsis_os.o
 *fill*         0x000000000800c975        0x3 
 .rodata        0x000000000800c978        0x5 Middlewares/Third_Party/FreeRTOS/Source/tasks.o
 *fill*         0x000000000800c97d        0x3 
 .rodata        0x000000000800c980        0xd Middlewares/Third_Party/FreeRTOS/Source/timers.o
 *(.rodata*)
 *fill*         0x000000000800c98d        0x3 
 .rodata.AHBPrescTable
                0x000000000800c990       0x10 Core/Src/system_stm32l4xx.o
                0x000000000800c990                AHBPrescTable
 .rodata.APBPrescTable
                0x000000000800c9a0        0x8 Core/Src/system_stm32l4xx.o
                0x000000000800c9a0                APBPrescTable
 .rodata.MSIRangeTable
                0x000000000800c9a8       0x30 Core/Src/system_stm32l4xx.o
                0x000000000800c9a8                MSIRangeTable
 .rodata._svfprintf_r.str1.1
                0x000000000800c9d8       0x11 c:/st/stm32cubeide_1.6.1/stm32cubeide/plugins/com.st.stm32cube.ide.mcu.externaltools.gnu-tools-for-stm32.9-2020-q2-update.win32_1.5.0.202011040924/tools/bin/../lib/gcc/arm-none-eabi/9.3.1/../../../../arm-none-eabi/lib/thumb/v7e-m+fp/hard\libc_nano.a(lib_a-nano-svfprintf.o)
 .rodata._printf_i.str1.1
                0x000000000800c9e9       0x22 c:/st/stm32cubeide_1.6.1/stm32cubeide/plugins/com.st.stm32cube.ide.mcu.externaltools.gnu-tools-for-stm32.9-2020-q2-update.win32_1.5.0.202011040924/tools/bin/../lib/gcc/arm-none-eabi/9.3.1/../../../../arm-none-eabi/lib/thumb/v7e-m+fp/hard\libc_nano.a(lib_a-nano-vfprintf_i.o)
                0x000000000800ca0c                . = ALIGN (0x4)
 *fill*         0x000000000800ca0b        0x1 

.ARM.extab      0x000000000800ca0c        0x0
                0x000000000800ca0c                . = ALIGN (0x4)
 *(.ARM.extab* .gnu.linkonce.armextab.*)
                0x000000000800ca0c                . = ALIGN (0x4)

.ARM            0x000000000800ca0c        0x8
                0x000000000800ca0c                . = ALIGN (0x4)
                0x000000000800ca0c                __exidx_start = .
 *(.ARM.exidx*)
 .ARM.exidx     0x000000000800ca0c        0x8 c:/st/stm32cubeide_1.6.1/stm32cubeide/plugins/com.st.stm32cube.ide.mcu.externaltools.gnu-tools-for-stm32.9-2020-q2-update.win32_1.5.0.202011040924/tools/bin/../lib/gcc/arm-none-eabi/9.3.1/thumb/v7e-m+fp/hard\libgcc.a(_udivmoddi4.o)
                0x000000000800ca14                __exidx_end = .
                0x000000000800ca14                . = ALIGN (0x4)

.rel.dyn        0x000000000800ca14        0x0
 .rel.iplt      0x000000000800ca14        0x0 c:/st/stm32cubeide_1.6.1/stm32cubeide/plugins/com.st.stm32cube.ide.mcu.externaltools.gnu-tools-for-stm32.9-2020-q2-update.win32_1.5.0.202011040924/tools/bin/../lib/gcc/arm-none-eabi/9.3.1/thumb/v7e-m+fp/hard/crtbegin.o

.preinit_array  0x000000000800ca14        0x0
                0x000000000800ca14                . = ALIGN (0x4)
                0x000000000800ca14                PROVIDE (__preinit_array_start = .)
 *(.preinit_array*)
                0x000000000800ca14                PROVIDE (__preinit_array_end = .)
                0x000000000800ca14                . = ALIGN (0x4)

.init_array     0x000000000800ca14        0x4
                0x000000000800ca14                . = ALIGN (0x4)
                0x000000000800ca14                PROVIDE (__init_array_start = .)
 *(SORT_BY_NAME(.init_array.*))
 *(.init_array*)
 .init_array    0x000000000800ca14        0x4 c:/st/stm32cubeide_1.6.1/stm32cubeide/plugins/com.st.stm32cube.ide.mcu.externaltools.gnu-tools-for-stm32.9-2020-q2-update.win32_1.5.0.202011040924/tools/bin/../lib/gcc/arm-none-eabi/9.3.1/thumb/v7e-m+fp/hard/crtbegin.o
                0x000000000800ca18                PROVIDE (__init_array_end = .)
                0x000000000800ca18                . = ALIGN (0x4)

.fini_array     0x000000000800ca18        0x4
                0x000000000800ca18                . = ALIGN (0x4)
                [!provide]                        PROVIDE (__fini_array_start = .)
 *(SORT_BY_NAME(.fini_array.*))
 *(.fini_array*)
 .fini_array    0x000000000800ca18        0x4 c:/st/stm32cubeide_1.6.1/stm32cubeide/plugins/com.st.stm32cube.ide.mcu.externaltools.gnu-tools-for-stm32.9-2020-q2-update.win32_1.5.0.202011040924/tools/bin/../lib/gcc/arm-none-eabi/9.3.1/thumb/v7e-m+fp/hard/crtbegin.o
                [!provide]                        PROVIDE (__fini_array_end = .)
                0x000000000800ca1c                . = ALIGN (0x4)
                0x000000000800ca1c                _sidata = LOADADDR (.data)

.data           0x0000000020000000       0x98 load address 0x000000000800ca1c
                0x0000000020000000                . = ALIGN (0x4)
                0x0000000020000000                _sdata = .
 *(.data)
 *(.data*)
 .data.emergency_code
                0x0000000020000000        0x4 Core/Src/main.o
                0x0000000020000000                emergency_code
 .data.SystemCoreClock
                0x0000000020000004        0x4 Core/Src/system_stm32l4xx.o
                0x0000000020000004                SystemCoreClock
 .data._fourbit_mode
                0x0000000020000008        0x1 Drivers/CMSIS/BSP/Components/LCD/LiquidCrystal.o
                0x0000000020000008                _fourbit_mode
 *fill*         0x0000000020000009        0x3 
 .data.HTS221_H_Drv
                0x000000002000000c        0xc Drivers/CMSIS/BSP/Components/hts221/hts221.o
                0x000000002000000c                HTS221_H_Drv
 .data.HTS221_T_Drv
                0x0000000020000018       0x10 Drivers/CMSIS/BSP/Components/hts221/hts221.o
                0x0000000020000018                HTS221_T_Drv
 .data.uwTickPrio
                0x0000000020000028        0x4 Drivers/STM32L4xx_HAL_Driver/Src/stm32l4xx_hal.o
                0x0000000020000028                uwTickPrio
 .data.uwTickFreq
                0x000000002000002c        0x1 Drivers/STM32L4xx_HAL_Driver/Src/stm32l4xx_hal.o
                0x000000002000002c                uwTickFreq
 *fill*         0x000000002000002d        0x3 
 .data.uxCriticalNesting
                0x0000000020000030        0x4 Middlewares/Third_Party/FreeRTOS/Source/portable/GCC/ARM_CM4F/port.o
 .data._impure_ptr
                0x0000000020000034        0x4 c:/st/stm32cubeide_1.6.1/stm32cubeide/plugins/com.st.stm32cube.ide.mcu.externaltools.gnu-tools-for-stm32.9-2020-q2-update.win32_1.5.0.202011040924/tools/bin/../lib/gcc/arm-none-eabi/9.3.1/../../../../arm-none-eabi/lib/thumb/v7e-m+fp/hard\libc_nano.a(lib_a-impure.o)
                0x0000000020000034                _impure_ptr
 .data.impure_data
                0x0000000020000038       0x60 c:/st/stm32cubeide_1.6.1/stm32cubeide/plugins/com.st.stm32cube.ide.mcu.externaltools.gnu-tools-for-stm32.9-2020-q2-update.win32_1.5.0.202011040924/tools/bin/../lib/gcc/arm-none-eabi/9.3.1/../../../../arm-none-eabi/lib/thumb/v7e-m+fp/hard\libc_nano.a(lib_a-impure.o)
 *(.RamFunc)
 *(.RamFunc*)
                0x0000000020000098                . = ALIGN (0x4)
                0x0000000020000098                _edata = .

.igot.plt       0x0000000020000098        0x0 load address 0x000000000800cab4
 .igot.plt      0x0000000020000098        0x0 c:/st/stm32cubeide_1.6.1/stm32cubeide/plugins/com.st.stm32cube.ide.mcu.externaltools.gnu-tools-for-stm32.9-2020-q2-update.win32_1.5.0.202011040924/tools/bin/../lib/gcc/arm-none-eabi/9.3.1/thumb/v7e-m+fp/hard/crtbegin.o
                0x0000000020000098                . = ALIGN (0x4)

.bss            0x0000000020000098     0x34f4 load address 0x000000000800cab4
                0x0000000020000098                _sbss = .
                0x0000000020000098                __bss_start__ = _sbss
 *(.bss)
 .bss           0x0000000020000098       0x1c c:/st/stm32cubeide_1.6.1/stm32cubeide/plugins/com.st.stm32cube.ide.mcu.externaltools.gnu-tools-for-stm32.9-2020-q2-update.win32_1.5.0.202011040924/tools/bin/../lib/gcc/arm-none-eabi/9.3.1/thumb/v7e-m+fp/hard/crtbegin.o
 *(.bss*)
 .bss.xIdleTaskTCBBuffer
                0x00000000200000b4       0x54 Core/Src/freertos.o
 .bss.xIdleStack
                0x0000000020000108      0x200 Core/Src/freertos.o
 .bss.xTimerTaskTCBBuffer
                0x0000000020000308       0x54 Core/Src/freertos.o
 .bss.xTimerStack
                0x000000002000035c      0x400 Core/Src/freertos.o
 .bss.temp_value
                0x000000002000075c        0x4 Core/Src/main.o
                0x000000002000075c                temp_value
 .bss.hum_value
                0x0000000020000760        0x4 Core/Src/main.o
                0x0000000020000760                hum_value
 .bss.stop_allarmi
                0x0000000020000764        0x1 Core/Src/main.o
                0x0000000020000764                stop_allarmi
 *fill*         0x0000000020000765        0x3 
 .bss.DFSDM1_Init
                0x0000000020000768        0x4 Core/Src/stm32l4xx_hal_msp.o
 .bss.__sbrk_heap_end
                0x000000002000076c        0x4 Core/Src/sysmem.o
 .bss.Hsensor_drv
                0x0000000020000770        0x4 Drivers/CMSIS/BSP/B-L475E-IOT01/stm32l475e_iot01_hsensor.o
 .bss.tsensor_drv
                0x0000000020000774        0x4 Drivers/CMSIS/BSP/B-L475E-IOT01/stm32l475e_iot01_tsensor.o
 .bss.dotsize   0x0000000020000778        0x1 Drivers/CMSIS/BSP/Components/LCD/LiquidCrystal.o
                0x0000000020000778                dotsize
 *fill*         0x0000000020000779        0x3 
 .bss.v_dfsdm1ChannelCounter
                0x000000002000077c        0x4 Drivers/STM32L4xx_HAL_Driver/Src/stm32l4xx_hal_dfsdm.o
 .bss.a_dfsdm1ChannelHandle
                0x0000000020000780       0x20 Drivers/STM32L4xx_HAL_Driver/Src/stm32l4xx_hal_dfsdm.o
 .bss.pxCurrentTCB
                0x00000000200007a0        0x4 Middlewares/Third_Party/FreeRTOS/Source/tasks.o
                0x00000000200007a0                pxCurrentTCB
 .bss.pxReadyTasksLists
                0x00000000200007a4       0x8c Middlewares/Third_Party/FreeRTOS/Source/tasks.o
 .bss.xDelayedTaskList1
                0x0000000020000830       0x14 Middlewares/Third_Party/FreeRTOS/Source/tasks.o
 .bss.xDelayedTaskList2
                0x0000000020000844       0x14 Middlewares/Third_Party/FreeRTOS/Source/tasks.o
 .bss.pxDelayedTaskList
                0x0000000020000858        0x4 Middlewares/Third_Party/FreeRTOS/Source/tasks.o
 .bss.pxOverflowDelayedTaskList
                0x000000002000085c        0x4 Middlewares/Third_Party/FreeRTOS/Source/tasks.o
 .bss.xPendingReadyList
                0x0000000020000860       0x14 Middlewares/Third_Party/FreeRTOS/Source/tasks.o
 .bss.xTasksWaitingTermination
                0x0000000020000874       0x14 Middlewares/Third_Party/FreeRTOS/Source/tasks.o
 .bss.uxDeletedTasksWaitingCleanUp
                0x0000000020000888        0x4 Middlewares/Third_Party/FreeRTOS/Source/tasks.o
 .bss.xSuspendedTaskList
                0x000000002000088c       0x14 Middlewares/Third_Party/FreeRTOS/Source/tasks.o
 .bss.uxCurrentNumberOfTasks
                0x00000000200008a0        0x4 Middlewares/Third_Party/FreeRTOS/Source/tasks.o
 .bss.xTickCount
                0x00000000200008a4        0x4 Middlewares/Third_Party/FreeRTOS/Source/tasks.o
 .bss.uxTopReadyPriority
                0x00000000200008a8        0x4 Middlewares/Third_Party/FreeRTOS/Source/tasks.o
 .bss.xSchedulerRunning
                0x00000000200008ac        0x4 Middlewares/Third_Party/FreeRTOS/Source/tasks.o
 .bss.xPendedTicks
                0x00000000200008b0        0x4 Middlewares/Third_Party/FreeRTOS/Source/tasks.o
 .bss.xYieldPending
                0x00000000200008b4        0x4 Middlewares/Third_Party/FreeRTOS/Source/tasks.o
 .bss.xNumOfOverflows
                0x00000000200008b8        0x4 Middlewares/Third_Party/FreeRTOS/Source/tasks.o
 .bss.uxTaskNumber
                0x00000000200008bc        0x4 Middlewares/Third_Party/FreeRTOS/Source/tasks.o
 .bss.xNextTaskUnblockTime
                0x00000000200008c0        0x4 Middlewares/Third_Party/FreeRTOS/Source/tasks.o
 .bss.xIdleTaskHandle
                0x00000000200008c4        0x4 Middlewares/Third_Party/FreeRTOS/Source/tasks.o
 .bss.uxSchedulerSuspended
                0x00000000200008c8        0x4 Middlewares/Third_Party/FreeRTOS/Source/tasks.o
 .bss.xActiveTimerList1
                0x00000000200008cc       0x14 Middlewares/Third_Party/FreeRTOS/Source/timers.o
 .bss.xActiveTimerList2
                0x00000000200008e0       0x14 Middlewares/Third_Party/FreeRTOS/Source/timers.o
 .bss.pxCurrentTimerList
                0x00000000200008f4        0x4 Middlewares/Third_Party/FreeRTOS/Source/timers.o
 .bss.pxOverflowTimerList
                0x00000000200008f8        0x4 Middlewares/Third_Party/FreeRTOS/Source/timers.o
 .bss.xTimerQueue
                0x00000000200008fc        0x4 Middlewares/Third_Party/FreeRTOS/Source/timers.o
 .bss.xTimerTaskHandle
                0x0000000020000900        0x4 Middlewares/Third_Party/FreeRTOS/Source/timers.o
 .bss.xLastTime.6916
                0x0000000020000904        0x4 Middlewares/Third_Party/FreeRTOS/Source/timers.o
 .bss.ucStaticTimerQueueStorage.6965
                0x0000000020000908       0x78 Middlewares/Third_Party/FreeRTOS/Source/timers.o
 .bss.xStaticTimerQueue.6964
                0x0000000020000980       0x48 Middlewares/Third_Party/FreeRTOS/Source/timers.o
 .bss.ucMaxSysCallPriority
                0x00000000200009c8        0x1 Middlewares/Third_Party/FreeRTOS/Source/portable/GCC/ARM_CM4F/port.o
 *fill*         0x00000000200009c9        0x3 
 .bss.ulMaxPRIGROUPValue
                0x00000000200009cc        0x4 Middlewares/Third_Party/FreeRTOS/Source/portable/GCC/ARM_CM4F/port.o
 .bss.ucHeap    0x00000000200009d0     0x2328 Middlewares/Third_Party/FreeRTOS/Source/portable/MemMang/heap_4.o
 .bss.xStart    0x0000000020002cf8        0x8 Middlewares/Third_Party/FreeRTOS/Source/portable/MemMang/heap_4.o
 .bss.pxEnd     0x0000000020002d00        0x4 Middlewares/Third_Party/FreeRTOS/Source/portable/MemMang/heap_4.o
 .bss.xFreeBytesRemaining
                0x0000000020002d04        0x4 Middlewares/Third_Party/FreeRTOS/Source/portable/MemMang/heap_4.o
 .bss.xMinimumEverFreeBytesRemaining
                0x0000000020002d08        0x4 Middlewares/Third_Party/FreeRTOS/Source/portable/MemMang/heap_4.o
 .bss.xNumberOfSuccessfulAllocations
                0x0000000020002d0c        0x4 Middlewares/Third_Party/FreeRTOS/Source/portable/MemMang/heap_4.o
 .bss.xNumberOfSuccessfulFrees
                0x0000000020002d10        0x4 Middlewares/Third_Party/FreeRTOS/Source/portable/MemMang/heap_4.o
 .bss.xBlockAllocatedBit
                0x0000000020002d14        0x4 Middlewares/Third_Party/FreeRTOS/Source/portable/MemMang/heap_4.o
 .bss.__malloc_free_list
                0x0000000020002d18        0x4 c:/st/stm32cubeide_1.6.1/stm32cubeide/plugins/com.st.stm32cube.ide.mcu.externaltools.gnu-tools-for-stm32.9-2020-q2-update.win32_1.5.0.202011040924/tools/bin/../lib/gcc/arm-none-eabi/9.3.1/../../../../arm-none-eabi/lib/thumb/v7e-m+fp/hard\libc_nano.a(lib_a-nano-mallocr.o)
                0x0000000020002d18                __malloc_free_list
 .bss.__malloc_sbrk_start
                0x0000000020002d1c        0x4 c:/st/stm32cubeide_1.6.1/stm32cubeide/plugins/com.st.stm32cube.ide.mcu.externaltools.gnu-tools-for-stm32.9-2020-q2-update.win32_1.5.0.202011040924/tools/bin/../lib/gcc/arm-none-eabi/9.3.1/../../../../arm-none-eabi/lib/thumb/v7e-m+fp/hard\libc_nano.a(lib_a-nano-mallocr.o)
                0x0000000020002d1c                __malloc_sbrk_start
 *(COMMON)
 COMMON         0x0000000020002d20      0x6d4 Core/Src/main.o
                0x0000000020002d20                hdfsdm1_channel1
                0x0000000020002d58                myTimerLed2Handle
                0x0000000020002d5c                Servo_managerHandle
                0x0000000020002d60                LCD_TempProblemHandle
                0x0000000020002d64                myMutex_humHandle
                0x0000000020002d68                huart3
                0x0000000020002dec                hpcd_USB_OTG_FS
                0x00000000200031f4                hi2c2
                0x0000000020003240                myTimerLed1Handle
                0x0000000020003244                Temp_monitorHandle
                0x0000000020003248                LCD_tempHandle
                0x000000002000324c                hspi3
                0x00000000200032b0                LCD_humHandle
                0x00000000200032b4                Button_managerHandle
                0x00000000200032b8                LCD_TotAllarmHandle
                0x00000000200032bc                huart1
                0x0000000020003340                LCD_HumProblemHandle
                0x0000000020003344                Buzzer_soundHandle
                0x0000000020003348                myMutexEmergencyHandle
                0x000000002000334c                Hum_monitorHandle
                0x0000000020003350                ProblemDetectorHandle
                0x0000000020003354                htim2
                0x00000000200033a0                Buzzer_managerHandle
                0x00000000200033a4                myMutex_LCDHandle
                0x00000000200033a8                myMutex_tempHandle
                0x00000000200033ac                hqspi
                0x00000000200033f0                LED_managerHandle
 COMMON         0x00000000200033f4       0x4c Core/Src/stm32l4xx_hal_timebase_tim.o
                0x00000000200033f4                htim17
 COMMON         0x0000000020003440       0xd0 Drivers/CMSIS/BSP/B-L475E-IOT01/stm32l475e_iot01.o
                0x0000000020003440                hDiscoUart
                0x00000000200034c4                hI2cHandler
 COMMON         0x0000000020003510       0x27 Drivers/CMSIS/BSP/Components/LCD/LiquidCrystal.o
                0x0000000020003510                _row_offsets
                0x0000000020003514                _rw_pin
                0x0000000020003518                _port
                0x000000002000351c                _displaycontrol
                0x000000002000351d                _numlines
                0x0000000020003520                _data_pins
                0x0000000020003530                _displaymode
                0x0000000020003531                _displayfunction
                0x0000000020003532                _enable_pin
                0x0000000020003534                _rs_pin
                0x0000000020003536                _initialized
 *fill*         0x0000000020003537        0x1 
 COMMON         0x0000000020003538        0x4 Drivers/STM32L4xx_HAL_Driver/Src/stm32l4xx_hal.o
                0x0000000020003538                uwTick
 COMMON         0x000000002000353c       0x40 Middlewares/Third_Party/FreeRTOS/Source/queue.o
                0x000000002000353c                xQueueRegistry
 COMMON         0x000000002000357c        0x4 c:/st/stm32cubeide_1.6.1/stm32cubeide/plugins/com.st.stm32cube.ide.mcu.externaltools.gnu-tools-for-stm32.9-2020-q2-update.win32_1.5.0.202011040924/tools/bin/../lib/gcc/arm-none-eabi/9.3.1/../../../../arm-none-eabi/lib/thumb/v7e-m+fp/hard\libc_nano.a(lib_a-reent.o)
                0x000000002000357c                errno