stm32l4xx_hal_msp.c:66:6:HAL_MspInit	8	static
stm32l4xx_hal_msp.c:91:6:HAL_DFSDM_ChannelMspInit	40	static
stm32l4xx_hal_msp.c:128:6:HAL_DFSDM_ChannelMspDeInit	0	static
stm32l4xx_hal_msp.c:158:6:HAL_I2C_MspInit	40	static
stm32l4xx_hal_msp.c:194:6:HAL_I2C_MspDeInit	8	static
stm32l4xx_hal_msp.c:225:6:HAL_QSPI_MspInit	40	static
stm32l4xx_hal_msp.c:266:6:HAL_QSPI_MspDeInit	0	static
stm32l4xx_hal_msp.c:300:6:HAL_SPI_MspInit	40	static
stm32l4xx_hal_msp.c:337:6:HAL_SPI_MspDeInit	0	static
stm32l4xx_hal_msp.c:367:6:HAL_TIM_PWM_MspInit	8	static
stm32l4xx_hal_msp.c:383:6:HAL_TIM_MspPostInit	32	static
stm32l4xx_hal_msp.c:415:6:HAL_TIM_PWM_MspDeInit	0	static
stm32l4xx_hal_msp.c:437:6:HAL_UART_MspInit	48	static
stm32l4xx_hal_msp.c:497:6:HAL_UART_MspDeInit	0	static
stm32l4xx_hal_msp.c:544:6:HAL_PCD_MspInit	48	static
stm32l4xx_hal_msp.c:599:6:HAL_PCD_MspDeInit	16	static
