main.c:152:5:main	448	static
main.c:319:6:SystemClock_Config	232	static
main.c:388:13:MX_DFSDM1_Init	8	static
main.c:426:13:MX_I2C2_Init	8	static
main.c:472:13:MX_QUADSPI_Init	8	static
main.c:505:13:MX_SPI3_Init	8	static
main.c:545:13:MX_TIM2_Init	48	static
main.c:594:13:MX_USART1_UART_Init	8	static
main.c:629:13:MX_USART3_UART_Init	8	static
main.c:664:13:MX_USB_OTG_FS_PCD_Init	8	static
main.c:699:13:MX_GPIO_Init	56	static
main.c:866:5:readEmergencyCode	16	static
main.c:875:7:readTemperature	16	static
main.c:884:7:readHumidity	16	static
main.c:904:6:StartTemp_monitor	24	static
main.c:930:6:StartHum_monitor	24	static
main.c:956:6:StartLCD_temp	144	static
main.c:991:6:StartLCD_hum	144	static
main.c:1028:6:StartServo_manager	24	static
main.c:1076:6:StartProblemDetector	32	static
main.c:1158:6:StartBuzzer_manager	24	static
main.c:1192:6:StartLCD_TempProblem	24	static
main.c:1229:6:StartLCD_HumProblem	24	static
main.c:1266:6:StartLED_manager	24	static
main.c:1302:6:StartButton_manager	24	static
main.c:1350:6:StartLCD_TotAllarm	24	static
main.c:1387:6:StartBuzzer_sound	16	static
main.c:1403:6:CallbackLed1	16	static
main.c:1412:6:CallbackLed2	16	static
main.c:1428:6:HAL_TIM_PeriodElapsedCallback	16	static
main.c:1445:6:Error_Handler	4	static,ignoring_inline_asm
