main.c:127:5:main	408	static
main.c:278:6:SystemClock_Config	232	static
main.c:347:13:MX_DFSDM1_Init	8	static
main.c:385:13:MX_I2C2_Init	8	static
main.c:431:13:MX_QUADSPI_Init	8	static
main.c:464:13:MX_SPI3_Init	8	static
main.c:504:13:MX_TIM2_Init	48	static
main.c:553:13:MX_USART1_UART_Init	8	static
main.c:588:13:MX_USART3_UART_Init	8	static
main.c:623:13:MX_USB_OTG_FS_PCD_Init	8	static
main.c:658:13:MX_GPIO_Init	56	static
main.c:833:6:StartTemp_monitor	16	static
main.c:853:6:StartHum_monitor	16	static
main.c:874:6:StartLCD_temp	136	static
main.c:905:6:StartLCD_hum	136	static
main.c:937:6:StartServo_manager	16	static
main.c:972:6:StartT_ProblemDetect	16	static
main.c:990:6:StartH_ProblemDetect	16	static
main.c:1008:6:StartBuzzer_manager	16	static
main.c:1030:6:StartLCD_TempProblem	16	static
main.c:1048:6:StartLCD_HumProblem	16	static
main.c:1066:6:StartLED_manager	16	static
main.c:1090:6:StartButton_manager	16	static
main.c:1110:6:CallbackLed1	16	static
main.c:1119:6:CallbackLed2	16	static
main.c:1135:6:HAL_TIM_PeriodElapsedCallback	16	static
main.c:1152:6:Error_Handler	4	static,ignoring_inline_asm
