Archive member included to satisfy reference by file (symbol)

c:/st/stm32cubeide_1.6.1/stm32cubeide/plugins/com.st.stm32cube.ide.mcu.externaltools.gnu-tools-for-stm32.9-2020-q2-update.win32_1.5.0.202011040924/tools/bin/../lib/gcc/arm-none-eabi/9.3.1/../../../../arm-none-eabi/lib/thumb/v7e-m+fp/hard\libc_nano.a(lib_a-errno.o)
                              Core/Src/syscalls.o (__errno)
c:/st/stm32cubeide_1.6.1/stm32cubeide/plugins/com.st.stm32cube.ide.mcu.externaltools.gnu-tools-for-stm32.9-2020-q2-update.win32_1.5.0.202011040924/tools/bin/../lib/gcc/arm-none-eabi/9.3.1/../../../../arm-none-eabi/lib/thumb/v7e-m+fp/hard\libc_nano.a(lib_a-exit.o)
                              c:/st/stm32cubeide_1.6.1/stm32cubeide/plugins/com.st.stm32cube.ide.mcu.externaltools.gnu-tools-for-stm32.9-2020-q2-update.win32_1.5.0.202011040924/tools/bin/../lib/gcc/arm-none-eabi/9.3.1/../../../../arm-none-eabi/lib/thumb/v7e-m+fp/hard/crt0.o (exit)
c:/st/stm32cubeide_1.6.1/stm32cubeide/plugins/com.st.stm32cube.ide.mcu.externaltools.gnu-tools-for-stm32.9-2020-q2-update.win32_1.5.0.202011040924/tools/bin/../lib/gcc/arm-none-eabi/9.3.1/../../../../arm-none-eabi/lib/thumb/v7e-m+fp/hard\libc_nano.a(lib_a-impure.o)
                              c:/st/stm32cubeide_1.6.1/stm32cubeide/plugins/com.st.stm32cube.ide.mcu.externaltools.gnu-tools-for-stm32.9-2020-q2-update.win32_1.5.0.202011040924/tools/bin/../lib/gcc/arm-none-eabi/9.3.1/../../../../arm-none-eabi/lib/thumb/v7e-m+fp/hard\libc_nano.a(lib_a-exit.o) (_global_impure_ptr)
c:/st/stm32cubeide_1.6.1/stm32cubeide/plugins/com.st.stm32cube.ide.mcu.externaltools.gnu-tools-for-stm32.9-2020-q2-update.win32_1.5.0.202011040924/tools/bin/../lib/gcc/arm-none-eabi/9.3.1/../../../../arm-none-eabi/lib/thumb/v7e-m+fp/hard\libc_nano.a(lib_a-init.o)
                              c:/st/stm32cubeide_1.6.1/stm32cubeide/plugins/com.st.stm32cube.ide.mcu.externaltools.gnu-tools-for-stm32.9-2020-q2-update.win32_1.5.0.202011040924/tools/bin/../lib/gcc/arm-none-eabi/9.3.1/../../../../arm-none-eabi/lib/thumb/v7e-m+fp/hard/crt0.o (__libc_init_array)
c:/st/stm32cubeide_1.6.1/stm32cubeide/plugins/com.st.stm32cube.ide.mcu.externaltools.gnu-tools-for-stm32.9-2020-q2-update.win32_1.5.0.202011040924/tools/bin/../lib/gcc/arm-none-eabi/9.3.1/../../../../arm-none-eabi/lib/thumb/v7e-m+fp/hard\libc_nano.a(lib_a-memcpy-stub.o)
                              Middlewares/Third_Party/FreeRTOS/Source/queue.o (memcpy)
c:/st/stm32cubeide_1.6.1/stm32cubeide/plugins/com.st.stm32cube.ide.mcu.externaltools.gnu-tools-for-stm32.9-2020-q2-update.win32_1.5.0.202011040924/tools/bin/../lib/gcc/arm-none-eabi/9.3.1/../../../../arm-none-eabi/lib/thumb/v7e-m+fp/hard\libc_nano.a(lib_a-memset.o)
                              c:/st/stm32cubeide_1.6.1/stm32cubeide/plugins/com.st.stm32cube.ide.mcu.externaltools.gnu-tools-for-stm32.9-2020-q2-update.win32_1.5.0.202011040924/tools/bin/../lib/gcc/arm-none-eabi/9.3.1/../../../../arm-none-eabi/lib/thumb/v7e-m+fp/hard/crt0.o (memset)
c:/st/stm32cubeide_1.6.1/stm32cubeide/plugins/com.st.stm32cube.ide.mcu.externaltools.gnu-tools-for-stm32.9-2020-q2-update.win32_1.5.0.202011040924/tools/bin/../lib/gcc/arm-none-eabi/9.3.1/../../../../arm-none-eabi/lib/thumb/v7e-m+fp/hard\libc_nano.a(lib_a-snprintf.o)
                              Core/Src/main.o (snprintf)
c:/st/stm32cubeide_1.6.1/stm32cubeide/plugins/com.st.stm32cube.ide.mcu.externaltools.gnu-tools-for-stm32.9-2020-q2-update.win32_1.5.0.202011040924/tools/bin/../lib/gcc/arm-none-eabi/9.3.1/../../../../arm-none-eabi/lib/thumb/v7e-m+fp/hard\libc_nano.a(lib_a-strlen.o)
                              Drivers/CMSIS/BSP/Components/LCD/LiquidCrystal.o (strlen)
c:/st/stm32cubeide_1.6.1/stm32cubeide/plugins/com.st.stm32cube.ide.mcu.externaltools.gnu-tools-for-stm32.9-2020-q2-update.win32_1.5.0.202011040924/tools/bin/../lib/gcc/arm-none-eabi/9.3.1/../../../../arm-none-eabi/lib/thumb/v7e-m+fp/hard\libc_nano.a(lib_a-nano-svfprintf.o)
                              c:/st/stm32cubeide_1.6.1/stm32cubeide/plugins/com.st.stm32cube.ide.mcu.externaltools.gnu-tools-for-stm32.9-2020-q2-update.win32_1.5.0.202011040924/tools/bin/../lib/gcc/arm-none-eabi/9.3.1/../../../../arm-none-eabi/lib/thumb/v7e-m+fp/hard\libc_nano.a(lib_a-snprintf.o) (_svfprintf_r)
c:/st/stm32cubeide_1.6.1/stm32cubeide/plugins/com.st.stm32cube.ide.mcu.externaltools.gnu-tools-for-stm32.9-2020-q2-update.win32_1.5.0.202011040924/tools/bin/../lib/gcc/arm-none-eabi/9.3.1/../../../../arm-none-eabi/lib/thumb/v7e-m+fp/hard\libc_nano.a(lib_a-nano-vfprintf_i.o)
                              c:/st/stm32cubeide_1.6.1/stm32cubeide/plugins/com.st.stm32cube.ide.mcu.externaltools.gnu-tools-for-stm32.9-2020-q2-update.win32_1.5.0.202011040924/tools/bin/../lib/gcc/arm-none-eabi/9.3.1/../../../../arm-none-eabi/lib/thumb/v7e-m+fp/hard\libc_nano.a(lib_a-nano-svfprintf.o) (_printf_i)
[...]
Memory Configuration

Name             Origin             Length             Attributes
RAM              0x0000000020000000 0x0000000000018000 xrw
RAM2             0x0000000010000000 0x0000000000008000 xrw
FLASH            0x0000000008000000 0x0000000000100000 xr
*default*        0x0000000000000000 0xffffffffffffffff

Linker script and memory map

LOAD c:/st/stm32cubeide_1.6.1/stm32cubeide/plugins/com.st.stm32cube.ide.mcu.externaltools.gnu-tools-for-stm32.9-2020-q2-update.win32_1.5.0.202011040924/tools/bin/../lib/gcc/arm-none-eabi/9.3.1/thumb/v7e-m+fp/hard/crti.o
LOAD c:/st/stm32cubeide_1.6.1/stm32cubeide/plugins/com.st.stm32cube.ide.mcu.externaltools.gnu-tools-for-stm32.9-2020-q2-update.win32_1.5.0.202011040924/tools/bin/../lib/gcc/arm-none-eabi/9.3.1/thumb/v7e-m+fp/hard/crtbegin.o
LOAD c:/st/stm32cubeide_1.6.1/stm32cubeide/plugins/com.st.stm32cube.ide.mcu.externaltools.gnu-tools-for-stm32.9-2020-q2-update.win32_1.5.0.202011040924/tools/bin/../lib/gcc/arm-none-eabi/9.3.1/../../../../arm-none-eabi/lib/thumb/v7e-m+fp/hard/crt0.o
LOAD Core/Src/freertos.o
LOAD Core/Src/main.o
LOAD Core/Src/stm32l4xx_hal_msp.o
LOAD Core/Src/stm32l4xx_hal_timebase_tim.o
LOAD Core/Src/stm32l4xx_it.o
LOAD Core/Src/syscalls.o
LOAD Core/Src/sysmem.o
LOAD Core/Src/system_stm32l4xx.o
LOAD Core/Startup/startup_stm32l475vgtx.o
LOAD Drivers/CMSIS/BSP/B-L475E-IOT01/stm32l475e_iot01.o
LOAD Drivers/CMSIS/BSP/B-L475E-IOT01/stm32l475e_iot01_hsensor.o
LOAD Drivers/CMSIS/BSP/B-L475E-IOT01/stm32l475e_iot01_tsensor.o
LOAD Drivers/CMSIS/BSP/Components/LCD/LiquidCrystal.o
LOAD Drivers/CMSIS/BSP/Components/hts221/hts221.o
LOAD Drivers/STM32L4xx_HAL_Driver/Src/stm32l4xx_hal.o
LOAD Drivers/STM32L4xx_HAL_Driver/Src/stm32l4xx_hal_cortex.o
LOAD Drivers/STM32L4xx_HAL_Driver/Src/stm32l4xx_hal_dfsdm.o
LOAD Drivers/STM32L4xx_HAL_Driver/Src/stm32l4xx_hal_dma.o
LOAD Drivers/STM32L4xx_HAL_Driver/Src/stm32l4xx_hal_dma_ex.o
LOAD Drivers/STM32L4xx_HAL_Driver/Src/stm32l4xx_hal_exti.o
LOAD Drivers/STM32L4xx_HAL_Driver/Src/stm32l4xx_hal_flash.o
LOAD Drivers/STM32L4xx_HAL_Driver/Src/stm32l4xx_hal_flash_ex.o
LOAD Drivers/STM32L4xx_HAL_Driver/Src/stm32l4xx_hal_flash_ramfunc.o
LOAD Drivers/STM32L4xx_HAL_Driver/Src/stm32l4xx_hal_gpio.o
LOAD Drivers/STM32L4xx_HAL_Driver/Src/stm32l4xx_hal_i2c.o
LOAD Drivers/STM32L4xx_HAL_Driver/Src/stm32l4xx_hal_i2c_ex.o
LOAD Drivers/STM32L4xx_HAL_Driver/Src/stm32l4xx_hal_pcd.o
LOAD Drivers/STM32L4xx_HAL_Driver/Src/stm32l4xx_hal_pcd_ex.o
LOAD Drivers/STM32L4xx_HAL_Driver/Src/stm32l4xx_hal_pwr.o
LOAD Drivers/STM32L4xx_HAL_Driver/Src/stm32l4xx_hal_pwr_ex.o
LOAD Drivers/STM32L4xx_HAL_Driver/Src/stm32l4xx_hal_qspi.o
LOAD Drivers/STM32L4xx_HAL_Driver/Src/stm32l4xx_hal_rcc.o
LOAD Drivers/STM32L4xx_HAL_Driver/Src/stm32l4xx_hal_rcc_ex.o
LOAD Drivers/STM32L4xx_HAL_Driver/Src/stm32l4xx_hal_spi.o
LOAD Drivers/STM32L4xx_HAL_Driver/Src/stm32l4xx_hal_spi_ex.o
LOAD Drivers/STM32L4xx_HAL_Driver/Src/stm32l4xx_hal_tim.o
LOAD Drivers/STM32L4xx_HAL_Driver/Src/stm32l4xx_hal_tim_ex.o
LOAD Drivers/STM32L4xx_HAL_Driver/Src/stm32l4xx_hal_uart.o
LOAD Drivers/STM32L4xx_HAL_Driver/Src/stm32l4xx_hal_uart_ex.o
LOAD Drivers/STM32L4xx_HAL_Driver/Src/stm32l4xx_ll_usb.o
LOAD Middlewares/Third_Party/FreeRTOS/Source/CMSIS_RTOS/cmsis_os.o
LOAD Middlewares/Third_Party/FreeRTOS/Source/croutine.o
LOAD Middlewares/Third_Party/FreeRTOS/Source/event_groups.o
LOAD Middlewares/Third_Party/FreeRTOS/Source/list.o
LOAD Middlewares/Third_Party/FreeRTOS/Source/queue.o
LOAD Middlewares/Third_Party/FreeRTOS/Source/stream_buffer.o
LOAD Middlewares/Third_Party/FreeRTOS/Source/tasks.o
LOAD Middlewares/Third_Party/FreeRTOS/Source/timers.o
LOAD Middlewares/Third_Party/FreeRTOS/Source/portable/GCC/ARM_CM4F/port.o
LOAD Middlewares/Third_Party/FreeRTOS/Source/portable/MemMang/heap_4.o
START GROUP
LOAD c:/st/stm32cubeide_1.6.1/stm32cubeide/plugins/com.st.stm32cube.ide.mcu.externaltools.gnu-tools-for-stm32.9-2020-q2-update.win32_1.5.0.202011040924/tools/bin/../lib/gcc/arm-none-eabi/9.3.1/../../../../arm-none-eabi/lib/thumb/v7e-m+fp/hard\libc_nano.a
LOAD c:/st/stm32cubeide_1.6.1/stm32cubeide/plugins/com.st.stm32cube.ide.mcu.externaltools.gnu-tools-for-stm32.9-2020-q2-update.win32_1.5.0.202011040924/tools/bin/../lib/gcc/arm-none-eabi/9.3.1/../../../../arm-none-eabi/lib/thumb/v7e-m+fp/hard\libm.a
END GROUP
START GROUP
LOAD c:/st/stm32cubeide_1.6.1/stm32cubeide/plugins/com.st.stm32cube.ide.mcu.externaltools.gnu-tools-for-stm32.9-2020-q2-update.win32_1.5.0.202011040924/tools/bin/../lib/gcc/arm-none-eabi/9.3.1/thumb/v7e-m+fp/hard\libgcc.a
LOAD c:/st/stm32cubeide_1.6.1/stm32cubeide/plugins/com.st.stm32cube.ide.mcu.externaltools.gnu-tools-for-stm32.9-2020-q2-update.win32_1.5.0.202011040924/tools/bin/../lib/gcc/arm-none-eabi/9.3.1/../../../../arm-none-eabi/lib/thumb/v7e-m+fp/hard\libc_nano.a
END GROUP
START GROUP
LOAD c:/st/stm32cubeide_1.6.1/stm32cubeide/plugins/com.st.stm32cube.ide.mcu.externaltools.gnu-tools-for-stm32.9-2020-q2-update.win32_1.5.0.202011040924/tools/bin/../lib/gcc/arm-none-eabi/9.3.1/thumb/v7e-m+fp/hard\libgcc.a
LOAD c:/st/stm32cubeide_1.6.1/stm32cubeide/plugins/com.st.stm32cube.ide.mcu.externaltools.gnu-tools-for-stm32.9-2020-q2-update.win32_1.5.0.202011040924/tools/bin/../lib/gcc/arm-none-eabi/9.3.1/../../../../arm-none-eabi/lib/thumb/v7e-m+fp/hard\libc_nano.a
LOAD c:/st/stm32cubeide_1.6.1/stm32cubeide/plugins/com.st.stm32cube.ide.mcu.externaltools.gnu-tools-for-stm32.9-2020-q2-update.win32_1.5.0.202011040924/tools/bin/../lib/gcc/arm-none-eabi/9.3.1/../../../../arm-none-eabi/lib/thumb/v7e-m+fp/hard\libnosys.a
END GROUP
START GROUP
LOAD c:/st/stm32cubeide_1.6.1/stm32cubeide/plugins/com.st.stm32cube.ide.mcu.externaltools.gnu-tools-for-stm32.9-2020-q2-update.win32_1.5.0.202011040924/tools/bin/../lib/gcc/arm-none-eabi/9.3.1/thumb/v7e-m+fp/hard\libgcc.a
LOAD c:/st/stm32cubeide_1.6.1/stm32cubeide/plugins/com.st.stm32cube.ide.mcu.externaltools.gnu-tools-for-stm32.9-2020-q2-update.win32_1.5.0.202011040924/tools/bin/../lib/gcc/arm-none-eabi/9.3.1/../../../../arm-none-eabi/lib/thumb/v7e-m+fp/hard\libc_nano.a
LOAD c:/st/stm32cubeide_1.6.1/stm32cubeide/plugins/com.st.stm32cube.ide.mcu.externaltools.gnu-tools-for-stm32.9-2020-q2-update.win32_1.5.0.202011040924/tools/bin/../lib/gcc/arm-none-eabi/9.3.1/../../../../arm-none-eabi/lib/thumb/v7e-m+fp/hard\libnosys.a
END GROUP
LOAD c:/st/stm32cubeide_1.6.1/stm32cubeide/plugins/com.st.stm32cube.ide.mcu.externaltools.gnu-tools-for-stm32.9-2020-q2-update.win32_1.5.0.202011040924/tools/bin/../lib/gcc/arm-none-eabi/9.3.1/thumb/v7e-m+fp/hard/crtend.o
LOAD c:/st/stm32cubeide_1.6.1/stm32cubeide/plugins/com.st.stm32cube.ide.mcu.externaltools.gnu-tools-for-stm32.9-2020-q2-update.win32_1.5.0.202011040924/tools/bin/../lib/gcc/arm-none-eabi/9.3.1/thumb/v7e-m+fp/hard/crtn.o
                0x0000000020018000                _estack = (ORIGIN (RAM) + LENGTH (RAM))
                0x0000000000000200                _Min_Heap_Size = 0x200
                0x0000000000000400                _Min_Stack_Size = 0x400

.isr_vector     0x0000000008000000      0x188
                0x0000000008000000                . = ALIGN (0x4)
 *(.isr_vector)
 .isr_vector    0x0000000008000000      0x188 Core/Startup/startup_stm32l475vgtx.o
                0x0000000008000000                g_pfnVectors
                0x0000000008000188                . = ALIGN (0x4)

.text           0x0000000008000190     0x7830
                0x0000000008000190                . = ALIGN (0x4)
 *(.text)
 .text          0x0000000008000190       0x40 c:/st/stm32cubeide_1.6.1/stm32cubeide/plugins/com.st.stm32cube.ide.mcu.externaltools.gnu-tools-for-stm32.9-2020-q2-update.win32_1.5.0.202011040924/tools/bin/../lib/gcc/arm-none-eabi/9.3.1/thumb/v7e-m+fp/hard/crtbegin.o
 .text          0x00000000080001d0       0x10 c:/st/stm32cubeide_1.6.1/stm32cubeide/plugins/com.st.stm32cube.ide.mcu.externaltools.gnu-tools-for-stm32.9-2020-q2-update.win32_1.5.0.202011040924/tools/bin/../lib/gcc/arm-none-eabi/9.3.1/../../../../arm-none-eabi/lib/thumb/v7e-m+fp/hard\libc_nano.a(lib_a-strlen.o)
                0x00000000080001d0                strlen
 .text          0x00000000080001e0       0xa0 c:/st/stm32cubeide_1.6.1/stm32cubeide/plugins/com.st.stm32cube.ide.mcu.externaltools.gnu-tools-for-stm32.9-2020-q2-update.win32_1.5.0.202011040924/tools/bin/../lib/gcc/arm-none-eabi/9.3.1/../../../../arm-none-eabi/lib/thumb/v7e-m+fp/hard\libc_nano.a(lib_a-memchr.o)
                0x00000000080001e0                memchr
 .text          0x0000000008000280       0x30 c:/st/stm32cubeide_1.6.1/stm32cubeide/plugins/com.st.stm32cube.ide.mcu.externaltools.gnu-tools-for-stm32.9-2020-q2-update.win32_1.5.0.202011040924/tools/bin/../lib/gcc/arm-none-eabi/9.3.1/thumb/v7e-m+fp/hard\libgcc.a(_aeabi_uldivmod.o)
                0x0000000008000280                __aeabi_uldivmod
 .text          0x00000000080002b0      0x2c4 c:/st/stm32cubeide_1.6.1/stm32cubeide/plugins/com.st.stm32cube.ide.mcu.externaltools.gnu-tools-for-stm32.9-2020-q2-update.win32_1.5.0.202011040924/tools/bin/../lib/gcc/arm-none-eabi/9.3.1/thumb/v7e-m+fp/hard\libgcc.a(_udivmoddi4.o)
                0x00000000080002b0                __udivmoddi4
 .text          0x0000000008000574        0x4 c:/st/stm32cubeide_1.6.1/stm32cubeide/plugins/com.st.stm32cube.ide.mcu.externaltools.gnu-tools-for-stm32.9-2020-q2-update.win32_1.5.0.202011040924/tools/bin/../lib/gcc/arm-none-eabi/9.3.1/thumb/v7e-m+fp/hard\libgcc.a(_dvmd_tls.o)
                0x0000000008000574                __aeabi_idiv0
                0x0000000008000574                __aeabi_ldiv0
 *(.text*)
 .text.vApplicationGetIdleTaskMemory
                0x0000000008000578       0x18 Core/Src/freertos.o
                0x0000000008000578                vApplicationGetIdleTaskMemory
 .text.vApplicationGetTimerTaskMemory
                0x0000000008000590       0x18 Core/Src/freertos.o
                0x0000000008000590                vApplicationGetTimerTaskMemory
 .text.StartTemp_monitor
                0x00000000080005a8       0x5c Core/Src/main.o
                0x00000000080005a8                StartTemp_monitor
 .text.StartT_ProblemDetect
                0x0000000008000604       0x9c Core/Src/main.o
                0x0000000008000604                StartT_ProblemDetect
 .text.StartH_ProblemDetect
                0x00000000080006a0       0xa0 Core/Src/main.o
                0x00000000080006a0                StartH_ProblemDetect
 .text.StartBuzzer_manager
                0x0000000008000740       0x50 Core/Src/main.o
                0x0000000008000740                StartBuzzer_manager
 .text.StartHum_monitor
                0x0000000008000790       0x5c Core/Src/main.o
                0x0000000008000790                StartHum_monitor
 .text.StartLCD_temp
                0x00000000080007ec       0xb4 Core/Src/main.o
                0x00000000080007ec                StartLCD_temp
 .text.StartLCD_hum
                0x00000000080008a0       0xb4 Core/Src/main.o
                0x00000000080008a0                StartLCD_hum
 .text.StartLCD_TempProblem
                0x0000000008000954       0x9c Core/Src/main.o
                0x0000000008000954                StartLCD_TempProblem
 .text.StartLCD_HumProblem
                0x00000000080009f0       0xa0 Core/Src/main.o
                0x00000000080009f0                StartLCD_HumProblem
 .text.StartServo_manager
                0x0000000008000a90       0xa8 Core/Src/main.o
                0x0000000008000a90                StartServo_manager
 .text.StartLED_manager
                0x0000000008000b38       0x70 Core/Src/main.o
                0x0000000008000b38                StartLED_manager
 .text.StartButton_manager
                0x0000000008000ba8      0x108 Core/Src/main.o
                0x0000000008000ba8                StartButton_manager
 .text.CallbackLed1
                0x0000000008000cb0       0x10 Core/Src/main.o
                0x0000000008000cb0                CallbackLed1
 .text.CallbackLed2
                0x0000000008000cc0       0x10 Core/Src/main.o
                0x0000000008000cc0                CallbackLed2
 .text.SystemClock_Config
                0x0000000008000cd0       0xb4 Core/Src/main.o
                0x0000000008000cd0                SystemClock_Config
 .text.startup.main
                0x0000000008000d84      0x6b8 Core/Src/main.o
                0x0000000008000d84                main
 .text.HAL_TIM_PeriodElapsedCallback
                0x000000000800143c       0x14 Core/Src/main.o
                0x000000000800143c                HAL_TIM_PeriodElapsedCallback
 .text.HAL_MspInit
                0x0000000008001450       0x3c Core/Src/stm32l4xx_hal_msp.o
                0x0000000008001450                HAL_MspInit
 .text.HAL_DFSDM_ChannelMspInit
                0x000000000800148c       0x6c Core/Src/stm32l4xx_hal_msp.o
                0x000000000800148c                HAL_DFSDM_ChannelMspInit
 .text.HAL_I2C_MspInit
                0x00000000080014f8       0x6c Core/Src/stm32l4xx_hal_msp.o
                0x00000000080014f8                HAL_I2C_MspInit
 .text.HAL_I2C_MspDeInit
                0x0000000008001564       0x3c Core/Src/stm32l4xx_hal_msp.o
                0x0000000008001564                HAL_I2C_MspDeInit
 .text.HAL_QSPI_MspInit
                0x00000000080015a0       0x70 Core/Src/stm32l4xx_hal_msp.o
                0x00000000080015a0                HAL_QSPI_MspInit
 .text.HAL_SPI_MspInit
                0x0000000008001610       0x6c Core/Src/stm32l4xx_hal_msp.o
                0x0000000008001610                HAL_SPI_MspInit
 .text.HAL_TIM_PWM_MspInit
                0x000000000800167c       0x24 Core/Src/stm32l4xx_hal_msp.o
                0x000000000800167c                HAL_TIM_PWM_MspInit
 .text.HAL_TIM_MspPostInit
                0x00000000080016a0       0x4e Core/Src/stm32l4xx_hal_msp.o
                0x00000000080016a0                HAL_TIM_MspPostInit
 *fill*         0x00000000080016ee        0x2 
 .text.HAL_UART_MspInit
                0x00000000080016f0       0xbc Core/Src/stm32l4xx_hal_msp.o
                0x00000000080016f0                HAL_UART_MspInit
 .text.HAL_PCD_MspInit
                0x00000000080017ac       0xa4 Core/Src/stm32l4xx_hal_msp.o
                0x00000000080017ac                HAL_PCD_MspInit
 .text.HAL_InitTick
                0x0000000008001850       0x78 Core/Src/stm32l4xx_hal_timebase_tim.o
                0x0000000008001850                HAL_InitTick
 .text.NMI_Handler
                0x00000000080018c8        0x2 Core/Src/stm32l4xx_it.o
                0x00000000080018c8                NMI_Handler
 .text.HardFault_Handler
                0x00000000080018ca        0x2 Core/Src/stm32l4xx_it.o
                0x00000000080018ca                HardFault_Handler
 .text.MemManage_Handler
                0x00000000080018cc        0x2 Core/Src/stm32l4xx_it.o
                0x00000000080018cc                MemManage_Handler
 .text.BusFault_Handler
                0x00000000080018ce        0x2 Core/Src/stm32l4xx_it.o
                0x00000000080018ce                BusFault_Handler
 .text.UsageFault_Handler
                0x00000000080018d0        0x2 Core/Src/stm32l4xx_it.o
                0x00000000080018d0                UsageFault_Handler
 .text.DebugMon_Handler
                0x00000000080018d2        0x2 Core/Src/stm32l4xx_it.o
                0x00000000080018d2                DebugMon_Handler
 .text.EXTI9_5_IRQHandler
                0x00000000080018d4       0x20 Core/Src/stm32l4xx_it.o
                0x00000000080018d4                EXTI9_5_IRQHandler
 .text.TIM1_TRG_COM_TIM17_IRQHandler
                0x00000000080018f4        0xc Core/Src/stm32l4xx_it.o
                0x00000000080018f4                TIM1_TRG_COM_TIM17_IRQHandler
 .text.EXTI15_10_IRQHandler
                0x0000000008001900       0x2e Core/Src/stm32l4xx_it.o
                0x0000000008001900                EXTI15_10_IRQHandler
 *fill*         0x000000000800192e        0x2 
 .text._sbrk    0x0000000008001930       0x40 Core/Src/sysmem.o
                0x0000000008001930                _sbrk
 .text.SystemInit
                0x0000000008001970       0x44 Core/Src/system_stm32l4xx.o
                0x0000000008001970                SystemInit
 .text.Reset_Handler
                0x00000000080019b4       0x50 Core/Startup/startup_stm32l475vgtx.o
                0x00000000080019b4                Reset_Handler
 .text.Default_Handler
                0x0000000008001a04        0x2 Core/Startup/startup_stm32l475vgtx.o
                0x0000000008001a04                RTC_Alarm_IRQHandler
                0x0000000008001a04                EXTI2_IRQHandler
                0x0000000008001a04                TIM8_TRG_COM_IRQHandler
                0x0000000008001a04                TIM8_CC_IRQHandler
                0x0000000008001a04                TIM1_CC_IRQHandler
                0x0000000008001a04                TSC_IRQHandler
                0x0000000008001a04                TAMP_STAMP_IRQHandler
                0x0000000008001a04                EXTI3_IRQHandler
                0x0000000008001a04                LPTIM2_IRQHandler
                0x0000000008001a04                DFSDM1_FLT1_IRQHandler
                0x0000000008001a04                I2C3_ER_IRQHandler
                0x0000000008001a04                DFSDM1_FLT2_IRQHandler
                0x0000000008001a04                EXTI0_IRQHandler
                0x0000000008001a04                I2C2_EV_IRQHandler
                0x0000000008001a04                CAN1_RX0_IRQHandler
                0x0000000008001a04                FPU_IRQHandler
                0x0000000008001a04                TIM1_UP_TIM16_IRQHandler
                0x0000000008001a04                ADC1_2_IRQHandler
                0x0000000008001a04                SPI1_IRQHandler
                0x0000000008001a04                TIM6_DAC_IRQHandler
                0x0000000008001a04                TIM8_UP_IRQHandler
                0x0000000008001a04                DMA2_Channel2_IRQHandler
                0x0000000008001a04                DMA1_Channel4_IRQHandler
                0x0000000008001a04                SAI2_IRQHandler
                0x0000000008001a04                DFSDM1_FLT3_IRQHandler
                0x0000000008001a04                USART3_IRQHandler
                0x0000000008001a04                DMA1_Channel7_IRQHandler
                0x0000000008001a04                CAN1_RX1_IRQHandler
                0x0000000008001a04                UART5_IRQHandler
                0x0000000008001a04                ADC3_IRQHandler
                0x0000000008001a04                TIM4_IRQHandler
                0x0000000008001a04                DMA2_Channel1_IRQHandler
                0x0000000008001a04                QUADSPI_IRQHandler
                0x0000000008001a04                I2C1_EV_IRQHandler
                0x0000000008001a04                DMA1_Channel6_IRQHandler
                0x0000000008001a04                UART4_IRQHandler
                0x0000000008001a04                DMA2_Channel4_IRQHandler
                0x0000000008001a04                TIM3_IRQHandler
                0x0000000008001a04                RCC_IRQHandler
                0x0000000008001a04                DMA1_Channel1_IRQHandler
                0x0000000008001a04                Default_Handler
                0x0000000008001a04                DMA2_Channel7_IRQHandler
                0x0000000008001a04                TIM7_IRQHandler
                0x0000000008001a04                SDMMC1_IRQHandler
                0x0000000008001a04                TIM5_IRQHandler
                0x0000000008001a04                I2C3_EV_IRQHandler
                0x0000000008001a04                RTC_WKUP_IRQHandler
                0x0000000008001a04                PVD_PVM_IRQHandler
                0x0000000008001a04                SPI2_IRQHandler
                0x0000000008001a04                CAN1_TX_IRQHandler
                0x0000000008001a04                DMA2_Channel5_IRQHandler
                0x0000000008001a04                DMA1_Channel5_IRQHandler
                0x0000000008001a04                EXTI4_IRQHandler
                0x0000000008001a04                RNG_IRQHandler
                0x0000000008001a04                DMA1_Channel3_IRQHandler
                0x0000000008001a04                COMP_IRQHandler
                0x0000000008001a04                WWDG_IRQHandler
                0x0000000008001a04                LPUART1_IRQHandler
                0x0000000008001a04                DMA2_Channel6_IRQHandler
                0x0000000008001a04                TIM2_IRQHandler
                0x0000000008001a04                EXTI1_IRQHandler
                0x0000000008001a04                USART2_IRQHandler
                0x0000000008001a04                DFSDM1_FLT0_IRQHandler
                0x0000000008001a04                I2C2_ER_IRQHandler
                0x0000000008001a04                DMA1_Channel2_IRQHandler
                0x0000000008001a04                TIM8_BRK_IRQHandler
                0x0000000008001a04                CAN1_SCE_IRQHandler
                0x0000000008001a04                FLASH_IRQHandler
                0x0000000008001a04                USART1_IRQHandler
                0x0000000008001a04                OTG_FS_IRQHandler
                0x0000000008001a04                SPI3_IRQHandler
                0x0000000008001a04                I2C1_ER_IRQHandler
                0x0000000008001a04                FMC_IRQHandler
                0x0000000008001a04                SWPMI1_IRQHandler
                0x0000000008001a04                LPTIM1_IRQHandler
                0x0000000008001a04                SAI1_IRQHandler
                0x0000000008001a04                DMA2_Channel3_IRQHandler
                0x0000000008001a04                TIM1_BRK_TIM15_IRQHandler
 *fill*         0x0000000008001a06        0x2 
 .text.I2Cx_Init.constprop.0
                0x0000000008001a08       0xc0 Drivers/CMSIS/BSP/B-L475E-IOT01/stm32l475e_iot01.o
 .text.I2Cx_Error.isra.0.constprop.0
                0x0000000008001ac8       0x14 Drivers/CMSIS/BSP/B-L475E-IOT01/stm32l475e_iot01.o
 .text.SENSOR_IO_Init
                0x0000000008001adc        0x4 Drivers/CMSIS/BSP/B-L475E-IOT01/stm32l475e_iot01.o
                0x0000000008001adc                SENSOR_IO_Init
 .text.SENSOR_IO_Write
                0x0000000008001ae0       0x30 Drivers/CMSIS/BSP/B-L475E-IOT01/stm32l475e_iot01.o
                0x0000000008001ae0                SENSOR_IO_Write
 .text.SENSOR_IO_Read
                0x0000000008001b10       0x38 Drivers/CMSIS/BSP/B-L475E-IOT01/stm32l475e_iot01.o
                0x0000000008001b10                SENSOR_IO_Read
 .text.SENSOR_IO_ReadMultiple
                0x0000000008001b48       0x2c Drivers/CMSIS/BSP/B-L475E-IOT01/stm32l475e_iot01.o
                0x0000000008001b48                SENSOR_IO_ReadMultiple
 .text.BSP_HSENSOR_Init
                0x0000000008001b74       0x28 Drivers/CMSIS/BSP/B-L475E-IOT01/stm32l475e_iot01_hsensor.o
                0x0000000008001b74                BSP_HSENSOR_Init
 .text.BSP_HSENSOR_ReadHumidity
                0x0000000008001b9c       0x10 Drivers/CMSIS/BSP/B-L475E-IOT01/stm32l475e_iot01_hsensor.o
                0x0000000008001b9c                BSP_HSENSOR_ReadHumidity
 .text.BSP_TSENSOR_Init
                0x0000000008001bac       0x24 Drivers/CMSIS/BSP/B-L475E-IOT01/stm32l475e_iot01_tsensor.o
                0x0000000008001bac                BSP_TSENSOR_Init
 .text.BSP_TSENSOR_ReadTemp
                0x0000000008001bd0       0x10 Drivers/CMSIS/BSP/B-L475E-IOT01/stm32l475e_iot01_tsensor.o
                0x0000000008001bd0                BSP_TSENSOR_ReadTemp
 .text.enableClock
                0x0000000008001be0       0xd4 Drivers/CMSIS/BSP/Components/LCD/LiquidCrystal.o
                0x0000000008001be0                enableClock
 .text.pulseEnable
                0x0000000008001cb4       0x44 Drivers/CMSIS/BSP/Components/LCD/LiquidCrystal.o
                0x0000000008001cb4                pulseEnable
 .text.write4bits
                0x0000000008001cf8       0x34 Drivers/CMSIS/BSP/Components/LCD/LiquidCrystal.o
                0x0000000008001cf8                write4bits
 .text.write8bits
                0x0000000008001d2c       0x34 Drivers/CMSIS/BSP/Components/LCD/LiquidCrystal.o
                0x0000000008001d2c                write8bits
 .text.send     0x0000000008001d60       0x54 Drivers/CMSIS/BSP/Components/LCD/LiquidCrystal.o
                0x0000000008001d60                send
 .text.command  0x0000000008001db4        0x6 Drivers/CMSIS/BSP/Components/LCD/LiquidCrystal.o
                0x0000000008001db4                command
 .text.clear    0x0000000008001dba       0x12 Drivers/CMSIS/BSP/Components/LCD/LiquidCrystal.o
                0x0000000008001dba                clear
 .text.setCursor
                0x0000000008001dcc       0x2c Drivers/CMSIS/BSP/Components/LCD/LiquidCrystal.o
                0x0000000008001dcc                setCursor
 .text.display  0x0000000008001df8       0x18 Drivers/CMSIS/BSP/Components/LCD/LiquidCrystal.o
                0x0000000008001df8                display
 .text.begin    0x0000000008001e10      0x190 Drivers/CMSIS/BSP/Components/LCD/LiquidCrystal.o
                0x0000000008001e10                begin
 .text.init     0x0000000008001fa0       0x88 Drivers/CMSIS/BSP/Components/LCD/LiquidCrystal.o
                0x0000000008001fa0                init
 .text.LiquidCrystal
                0x0000000008002028       0x60 Drivers/CMSIS/BSP/Components/LCD/LiquidCrystal.o
                0x0000000008002028                LiquidCrystal
 .text.print    0x0000000008002088       0x26 Drivers/CMSIS/BSP/Components/LCD/LiquidCrystal.o
                0x0000000008002088                print
 .text.HTS221_H_Init
                0x00000000080020ae       0x20 Drivers/CMSIS/BSP/Components/hts221/hts221.o
                0x00000000080020ae                HTS221_H_Init
 .text.HTS221_T_Init
                0x00000000080020ce       0x20 Drivers/CMSIS/BSP/Components/hts221/hts221.o
                0x00000000080020ce                HTS221_T_Init
 .text.HTS221_H_ReadID
                0x00000000080020ee       0x14 Drivers/CMSIS/BSP/Components/hts221/hts221.o
                0x00000000080020ee                HTS221_H_ReadID
 *fill*         0x0000000008002102        0x2 
 .text.HTS221_H_ReadHumidity
                0x0000000008002104       0xdc Drivers/CMSIS/BSP/Components/hts221/hts221.o
                0x0000000008002104                HTS221_H_ReadHumidity
 .text.HTS221_T_ReadTemp
                0x00000000080021e0       0xb4 Drivers/CMSIS/BSP/Components/hts221/hts221.o
                0x00000000080021e0                HTS221_T_ReadTemp
 .text.HAL_Init
                0x0000000008002294       0x1e Drivers/STM32L4xx_HAL_Driver/Src/stm32l4xx_hal.o
                0x0000000008002294                HAL_Init
 *fill*         0x00000000080022b2        0x2 
 .text.HAL_IncTick
                0x00000000080022b4       0x18 Drivers/STM32L4xx_HAL_Driver/Src/stm32l4xx_hal.o
                0x00000000080022b4                HAL_IncTick
 .text.HAL_GetTick
                0x00000000080022cc        0xc Drivers/STM32L4xx_HAL_Driver/Src/stm32l4xx_hal.o
                0x00000000080022cc                HAL_GetTick
 .text.HAL_Delay
                0x00000000080022d8       0x28 Drivers/STM32L4xx_HAL_Driver/Src/stm32l4xx_hal.o
                0x00000000080022d8                HAL_Delay
 .text.HAL_NVIC_SetPriorityGrouping
                0x0000000008002300       0x24 Drivers/STM32L4xx_HAL_Driver/Src/stm32l4xx_hal_cortex.o
                0x0000000008002300                HAL_NVIC_SetPriorityGrouping
 .text.HAL_NVIC_SetPriority
                0x0000000008002324       0x64 Drivers/STM32L4xx_HAL_Driver/Src/stm32l4xx_hal_cortex.o
                0x0000000008002324                HAL_NVIC_SetPriority
 .text.HAL_NVIC_EnableIRQ
                0x0000000008002388       0x1c Drivers/STM32L4xx_HAL_Driver/Src/stm32l4xx_hal_cortex.o
                0x0000000008002388                HAL_NVIC_EnableIRQ
 .text.DFSDM_GetChannelFromInstance
                0x00000000080023a4       0x4c Drivers/STM32L4xx_HAL_Driver/Src/stm32l4xx_hal_dfsdm.o
 .text.HAL_DFSDM_ChannelInit
                0x00000000080023f0       0xe8 Drivers/STM32L4xx_HAL_Driver/Src/stm32l4xx_hal_dfsdm.o
                0x00000000080023f0                HAL_DFSDM_ChannelInit
 .text.HAL_GPIO_Init
                0x00000000080024d8      0x1bc Drivers/STM32L4xx_HAL_Driver/Src/stm32l4xx_hal_gpio.o
                0x00000000080024d8                HAL_GPIO_Init
 .text.HAL_GPIO_DeInit
                0x0000000008002694      0x11c Drivers/STM32L4xx_HAL_Driver/Src/stm32l4xx_hal_gpio.o
                0x0000000008002694                HAL_GPIO_DeInit
 .text.HAL_GPIO_ReadPin
                0x00000000080027b0        0xc Drivers/STM32L4xx_HAL_Driver/Src/stm32l4xx_hal_gpio.o
                0x00000000080027b0                HAL_GPIO_ReadPin
 .text.HAL_GPIO_WritePin
                0x00000000080027bc        0xa Drivers/STM32L4xx_HAL_Driver/Src/stm32l4xx_hal_gpio.o
                0x00000000080027bc                HAL_GPIO_WritePin
 .text.HAL_GPIO_TogglePin
                0x00000000080027c6       0x12 Drivers/STM32L4xx_HAL_Driver/Src/stm32l4xx_hal_gpio.o
                0x00000000080027c6                HAL_GPIO_TogglePin
 .text.HAL_GPIO_EXTI_Callback
                0x00000000080027d8        0x2 Drivers/STM32L4xx_HAL_Driver/Src/stm32l4xx_hal_gpio.o
                0x00000000080027d8                HAL_GPIO_EXTI_Callback
 *fill*         0x00000000080027da        0x2 
 .text.HAL_GPIO_EXTI_IRQHandler
                0x00000000080027dc       0x18 Drivers/STM32L4xx_HAL_Driver/Src/stm32l4xx_hal_gpio.o
                0x00000000080027dc                HAL_GPIO_EXTI_IRQHandler
 .text.I2C_Flush_TXDR
                0x00000000080027f4       0x1c Drivers/STM32L4xx_HAL_Driver/Src/stm32l4xx_hal_i2c.o
 .text.I2C_TransferConfig
                0x0000000008002810       0x28 Drivers/STM32L4xx_HAL_Driver/Src/stm32l4xx_hal_i2c.o
 .text.I2C_IsAcknowledgeFailed
                0x0000000008002838       0x7a Drivers/STM32L4xx_HAL_Driver/Src/stm32l4xx_hal_i2c.o
 .text.I2C_WaitOnSTOPFlagUntilTimeout
                0x00000000080028b2       0x4a Drivers/STM32L4xx_HAL_Driver/Src/stm32l4xx_hal_i2c.o
 .text.I2C_WaitOnFlagUntilTimeout
                0x00000000080028fc       0x54 Drivers/STM32L4xx_HAL_Driver/Src/stm32l4xx_hal_i2c.o
 .text.I2C_WaitOnTXISFlagUntilTimeout
                0x0000000008002950       0x4e Drivers/STM32L4xx_HAL_Driver/Src/stm32l4xx_hal_i2c.o
 *fill*         0x000000000800299e        0x2 
 .text.I2C_RequestMemoryWrite
                0x00000000080029a0       0x6c Drivers/STM32L4xx_HAL_Driver/Src/stm32l4xx_hal_i2c.o
 .text.I2C_RequestMemoryRead
                0x0000000008002a0c       0x6c Drivers/STM32L4xx_HAL_Driver/Src/stm32l4xx_hal_i2c.o
 .text.HAL_I2C_Init
                0x0000000008002a78       0xa2 Drivers/STM32L4xx_HAL_Driver/Src/stm32l4xx_hal_i2c.o
                0x0000000008002a78                HAL_I2C_Init
 .text.HAL_I2C_DeInit
                0x0000000008002b1a       0x32 Drivers/STM32L4xx_HAL_Driver/Src/stm32l4xx_hal_i2c.o
                0x0000000008002b1a                HAL_I2C_DeInit
 .text.HAL_I2C_Mem_Write
                0x0000000008002b4c      0x16c Drivers/STM32L4xx_HAL_Driver/Src/stm32l4xx_hal_i2c.o
                0x0000000008002b4c                HAL_I2C_Mem_Write
 .text.HAL_I2C_Mem_Read
                0x0000000008002cb8      0x178 Drivers/STM32L4xx_HAL_Driver/Src/stm32l4xx_hal_i2c.o
                0x0000000008002cb8                HAL_I2C_Mem_Read
 .text.HAL_I2CEx_ConfigAnalogFilter
                0x0000000008002e30       0x4c Drivers/STM32L4xx_HAL_Driver/Src/stm32l4xx_hal_i2c_ex.o
                0x0000000008002e30                HAL_I2CEx_ConfigAnalogFilter
 .text.HAL_I2CEx_ConfigDigitalFilter
                0x0000000008002e7c       0x4a Drivers/STM32L4xx_HAL_Driver/Src/stm32l4xx_hal_i2c_ex.o
                0x0000000008002e7c                HAL_I2CEx_ConfigDigitalFilter
 .text.HAL_PCD_Init
                0x0000000008002ec6      0x116 Drivers/STM32L4xx_HAL_Driver/Src/stm32l4xx_hal_pcd.o
                0x0000000008002ec6                HAL_PCD_Init
 .text.HAL_PCDEx_ActivateLPM
                0x0000000008002fdc       0x26 Drivers/STM32L4xx_HAL_Driver/Src/stm32l4xx_hal_pcd_ex.o
                0x0000000008002fdc                HAL_PCDEx_ActivateLPM
 *fill*         0x0000000008003002        0x2 
 .text.HAL_PWREx_GetVoltageRange
                0x0000000008003004       0x10 Drivers/STM32L4xx_HAL_Driver/Src/stm32l4xx_hal_pwr_ex.o
                0x0000000008003004                HAL_PWREx_GetVoltageRange
 .text.HAL_PWREx_ControlVoltageScaling
                0x0000000008003014       0x6c Drivers/STM32L4xx_HAL_Driver/Src/stm32l4xx_hal_pwr_ex.o
                0x0000000008003014                HAL_PWREx_ControlVoltageScaling
 .text.HAL_PWREx_EnableVddUSB
                0x0000000008003080       0x10 Drivers/STM32L4xx_HAL_Driver/Src/stm32l4xx_hal_pwr_ex.o
                0x0000000008003080                HAL_PWREx_EnableVddUSB
 .text.QSPI_WaitFlagStateUntilTimeout
                0x0000000008003090       0x4e Drivers/STM32L4xx_HAL_Driver/Src/stm32l4xx_hal_qspi.o
 *fill*         0x00000000080030de        0x2 
 .text.HAL_QSPI_Init
                0x00000000080030e0       0xa0 Drivers/STM32L4xx_HAL_Driver/Src/stm32l4xx_hal_qspi.o
                0x00000000080030e0                HAL_QSPI_Init
 .text.RCC_SetFlashLatencyFromMSIRange
                0x0000000008003180       0x84 Drivers/STM32L4xx_HAL_Driver/Src/stm32l4xx_hal_rcc.o
 .text.HAL_RCC_GetSysClockFreq
                0x0000000008003204       0x9c Drivers/STM32L4xx_HAL_Driver/Src/stm32l4xx_hal_rcc.o
                0x0000000008003204                HAL_RCC_GetSysClockFreq
 .text.HAL_RCC_OscConfig
                0x00000000080032a0      0x50c Drivers/STM32L4xx_HAL_Driver/Src/stm32l4xx_hal_rcc.o
                0x00000000080032a0                HAL_RCC_OscConfig
 .text.HAL_RCC_ClockConfig
                0x00000000080037ac      0x128 Drivers/STM32L4xx_HAL_Driver/Src/stm32l4xx_hal_rcc.o
                0x00000000080037ac                HAL_RCC_ClockConfig
 .text.HAL_RCC_GetPCLK1Freq
                0x00000000080038d4       0x24 Drivers/STM32L4xx_HAL_Driver/Src/stm32l4xx_hal_rcc.o
                0x00000000080038d4                HAL_RCC_GetPCLK1Freq
 .text.HAL_RCC_GetPCLK2Freq
                0x00000000080038f8       0x24 Drivers/STM32L4xx_HAL_Driver/Src/stm32l4xx_hal_rcc.o
                0x00000000080038f8                HAL_RCC_GetPCLK2Freq
 .text.HAL_RCC_GetClockConfig
                0x000000000800391c       0x3c Drivers/STM32L4xx_HAL_Driver/Src/stm32l4xx_hal_rcc.o
                0x000000000800391c                HAL_RCC_GetClockConfig
 .text.RCCEx_PLLSAI1_Config
                0x0000000008003958      0x118 Drivers/STM32L4xx_HAL_Driver/Src/stm32l4xx_hal_rcc_ex.o
 .text.RCCEx_PLLSAI2_Config
                0x0000000008003a70       0xfc Drivers/STM32L4xx_HAL_Driver/Src/stm32l4xx_hal_rcc_ex.o
 .text.HAL_RCCEx_PeriphCLKConfig
                0x0000000008003b6c      0x3d4 Drivers/STM32L4xx_HAL_Driver/Src/stm32l4xx_hal_rcc_ex.o
                0x0000000008003b6c                HAL_RCCEx_PeriphCLKConfig
 .text.HAL_SPI_Init
                0x0000000008003f40       0xd4 Drivers/STM32L4xx_HAL_Driver/Src/stm32l4xx_hal_spi.o
                0x0000000008003f40                HAL_SPI_Init
 .text.TIM_OC1_SetConfig
                0x0000000008004014       0x98 Drivers/STM32L4xx_HAL_Driver/Src/stm32l4xx_hal_tim.o
 .text.TIM_OC3_SetConfig
                0x00000000080040ac       0x88 Drivers/STM32L4xx_HAL_Driver/Src/stm32l4xx_hal_tim.o
 .text.TIM_OC4_SetConfig
                0x0000000008004134       0x68 Drivers/STM32L4xx_HAL_Driver/Src/stm32l4xx_hal_tim.o
 .text.TIM_OC5_SetConfig
                0x000000000800419c       0x68 Drivers/STM32L4xx_HAL_Driver/Src/stm32l4xx_hal_tim.o
 .text.TIM_OC6_SetConfig
                0x0000000008004204       0x68 Drivers/STM32L4xx_HAL_Driver/Src/stm32l4xx_hal_tim.o
 .text.HAL_TIM_Base_MspInit
                0x000000000800426c        0x2 Drivers/STM32L4xx_HAL_Driver/Src/stm32l4xx_hal_tim.o
                0x000000000800426c                HAL_TIM_Base_MspInit
 *fill*         0x000000000800426e        0x2 
 .text.HAL_TIM_Base_Start_IT
                0x0000000008004270       0x74 Drivers/STM32L4xx_HAL_Driver/Src/stm32l4xx_hal_tim.o
                0x0000000008004270                HAL_TIM_Base_Start_IT
 .text.HAL_TIM_OC_DelayElapsedCallback
                0x00000000080042e4        0x2 Drivers/STM32L4xx_HAL_Driver/Src/stm32l4xx_hal_tim.o
                0x00000000080042e4                HAL_TIM_OC_DelayElapsedCallback
 .text.HAL_TIM_IC_CaptureCallback
                0x00000000080042e6        0x2 Drivers/STM32L4xx_HAL_Driver/Src/stm32l4xx_hal_tim.o
                0x00000000080042e6                HAL_TIM_IC_CaptureCallback
 .text.HAL_TIM_PWM_PulseFinishedCallback
                0x00000000080042e8        0x2 Drivers/STM32L4xx_HAL_Driver/Src/stm32l4xx_hal_tim.o
                0x00000000080042e8                HAL_TIM_PWM_PulseFinishedCallback
 .text.HAL_TIM_TriggerCallback
                0x00000000080042ea        0x2 Drivers/STM32L4xx_HAL_Driver/Src/stm32l4xx_hal_tim.o
                0x00000000080042ea                HAL_TIM_TriggerCallback
 .text.HAL_TIM_IRQHandler
                0x00000000080042ec      0x160 Drivers/STM32L4xx_HAL_Driver/Src/stm32l4xx_hal_tim.o
                0x00000000080042ec                HAL_TIM_IRQHandler
 .text.TIM_Base_SetConfig
                0x000000000800444c       0xcc Drivers/STM32L4xx_HAL_Driver/Src/stm32l4xx_hal_tim.o
                0x000000000800444c                TIM_Base_SetConfig
 .text.HAL_TIM_Base_Init
                0x0000000008004518       0x60 Drivers/STM32L4xx_HAL_Driver/Src/stm32l4xx_hal_tim.o
                0x0000000008004518                HAL_TIM_Base_Init
 .text.HAL_TIM_PWM_Init
                0x0000000008004578       0x60 Drivers/STM32L4xx_HAL_Driver/Src/stm32l4xx_hal_tim.o
                0x0000000008004578                HAL_TIM_PWM_Init
 .text.TIM_OC2_SetConfig
                0x00000000080045d8       0x8c Drivers/STM32L4xx_HAL_Driver/Src/stm32l4xx_hal_tim.o
                0x00000000080045d8                TIM_OC2_SetConfig
 .text.HAL_TIM_PWM_ConfigChannel
                0x0000000008004664      0x102 Drivers/STM32L4xx_HAL_Driver/Src/stm32l4xx_hal_tim.o
                0x0000000008004664                HAL_TIM_PWM_ConfigChannel
 .text.TIM_CCxChannelCmd
                0x0000000008004766       0x1c Drivers/STM32L4xx_HAL_Driver/Src/stm32l4xx_hal_tim.o
                0x0000000008004766                TIM_CCxChannelCmd
 *fill*         0x0000000008004782        0x2 
 .text.HAL_TIM_OC_Start
                0x0000000008004784      0x110 Drivers/STM32L4xx_HAL_Driver/Src/stm32l4xx_hal_tim.o
                0x0000000008004784                HAL_TIM_OC_Start
 .text.HAL_TIM_PWM_Start
                0x0000000008004894        0x4 Drivers/STM32L4xx_HAL_Driver/Src/stm32l4xx_hal_tim.o
                0x0000000008004894                HAL_TIM_PWM_Start
 .text.HAL_TIMEx_MasterConfigSynchronization
                0x0000000008004898       0x8c Drivers/STM32L4xx_HAL_Driver/Src/stm32l4xx_hal_tim_ex.o
                0x0000000008004898                HAL_TIMEx_MasterConfigSynchronization
 .text.HAL_TIMEx_CommutCallback
                0x0000000008004924        0x2 Drivers/STM32L4xx_HAL_Driver/Src/stm32l4xx_hal_tim_ex.o
                0x0000000008004924                HAL_TIMEx_CommutCallback
 .text.HAL_TIMEx_BreakCallback
                0x0000000008004926        0x2 Drivers/STM32L4xx_HAL_Driver/Src/stm32l4xx_hal_tim_ex.o
                0x0000000008004926                HAL_TIMEx_BreakCallback
 .text.HAL_TIMEx_Break2Callback
                0x0000000008004928        0x2 Drivers/STM32L4xx_HAL_Driver/Src/stm32l4xx_hal_tim_ex.o
                0x0000000008004928                HAL_TIMEx_Break2Callback
 *fill*         0x000000000800492a        0x2 
 .text.UART_SetConfig
                0x000000000800492c      0x288 Drivers/STM32L4xx_HAL_Driver/Src/stm32l4xx_hal_uart.o
                0x000000000800492c                UART_SetConfig
 .text.UART_AdvFeatureConfig
                0x0000000008004bb4       0xa8 Drivers/STM32L4xx_HAL_Driver/Src/stm32l4xx_hal_uart.o
                0x0000000008004bb4                UART_AdvFeatureConfig
 .text.UART_WaitOnFlagUntilTimeout
                0x0000000008004c5c       0x8c Drivers/STM32L4xx_HAL_Driver/Src/stm32l4xx_hal_uart.o
                0x0000000008004c5c                UART_WaitOnFlagUntilTimeout
 .text.UART_CheckIdleState
                0x0000000008004ce8       0x66 Drivers/STM32L4xx_HAL_Driver/Src/stm32l4xx_hal_uart.o
                0x0000000008004ce8                UART_CheckIdleState
 .text.HAL_UART_Init
                0x0000000008004d4e       0x5c Drivers/STM32L4xx_HAL_Driver/Src/stm32l4xx_hal_uart.o
                0x0000000008004d4e                HAL_UART_Init
 *fill*         0x0000000008004daa        0x2 
 .text.USB_CoreInit
                0x0000000008004dac       0x5c Drivers/STM32L4xx_HAL_Driver/Src/stm32l4xx_ll_usb.o
                0x0000000008004dac                USB_CoreInit
 .text.USB_DisableGlobalInt
                0x0000000008004e08        0xc Drivers/STM32L4xx_HAL_Driver/Src/stm32l4xx_ll_usb.o
                0x0000000008004e08                USB_DisableGlobalInt
 .text.USB_SetCurrentMode
                0x0000000008004e14       0x2e Drivers/STM32L4xx_HAL_Driver/Src/stm32l4xx_ll_usb.o
                0x0000000008004e14                USB_SetCurrentMode
 *fill*         0x0000000008004e42        0x2 
 .text.USB_FlushTxFifo
                0x0000000008004e44       0x24 Drivers/STM32L4xx_HAL_Driver/Src/stm32l4xx_ll_usb.o
                0x0000000008004e44                USB_FlushTxFifo
 .text.USB_FlushRxFifo
                0x0000000008004e68       0x20 Drivers/STM32L4xx_HAL_Driver/Src/stm32l4xx_ll_usb.o
                0x0000000008004e68                USB_FlushRxFifo
 .text.USB_SetDevSpeed
                0x0000000008004e88        0xe Drivers/STM32L4xx_HAL_Driver/Src/stm32l4xx_ll_usb.o
                0x0000000008004e88                USB_SetDevSpeed
 *fill*         0x0000000008004e96        0x2 
 .text.USB_DevInit
                0x0000000008004e98      0x150 Drivers/STM32L4xx_HAL_Driver/Src/stm32l4xx_ll_usb.o
                0x0000000008004e98                USB_DevInit
 .text.USB_DevDisconnect
                0x0000000008004fe8       0x1c Drivers/STM32L4xx_HAL_Driver/Src/stm32l4xx_ll_usb.o
                0x0000000008004fe8                USB_DevDisconnect
 .text.osKernelStart
                0x0000000008005004        0xa Middlewares/Third_Party/FreeRTOS/Source/CMSIS_RTOS/cmsis_os.o
                0x0000000008005004                osKernelStart
 .text.osThreadCreate
                0x000000000800500e       0x50 Middlewares/Third_Party/FreeRTOS/Source/CMSIS_RTOS/cmsis_os.o
                0x000000000800500e                osThreadCreate
 .text.osDelay  0x000000000800505e       0x10 Middlewares/Third_Party/FreeRTOS/Source/CMSIS_RTOS/cmsis_os.o
                0x000000000800505e                osDelay
 *fill*         0x000000000800506e        0x2 
 .text.osTimerCreate
                0x0000000008005070       0x30 Middlewares/Third_Party/FreeRTOS/Source/CMSIS_RTOS/cmsis_os.o
                0x0000000008005070                osTimerCreate
 .text.osTimerStart
                0x00000000080050a0       0x54 Middlewares/Third_Party/FreeRTOS/Source/CMSIS_RTOS/cmsis_os.o
                0x00000000080050a0                osTimerStart
 .text.osTimerStop
                0x00000000080050f4       0x50 Middlewares/Third_Party/FreeRTOS/Source/CMSIS_RTOS/cmsis_os.o
                0x00000000080050f4                osTimerStop
 .text.osMutexCreate
                0x0000000008005144        0xe Middlewares/Third_Party/FreeRTOS/Source/CMSIS_RTOS/cmsis_os.o
                0x0000000008005144                osMutexCreate
 *fill*         0x0000000008005152        0x2 
 .text.osMutexWait
                0x0000000008005154       0x4c Middlewares/Third_Party/FreeRTOS/Source/CMSIS_RTOS/cmsis_os.o
                0x0000000008005154                osMutexWait
 .text.osMutexRelease
                0x00000000080051a0       0x48 Middlewares/Third_Party/FreeRTOS/Source/CMSIS_RTOS/cmsis_os.o
                0x00000000080051a0                osMutexRelease
 .text.vListInitialise
                0x00000000080051e8       0x16 Middlewares/Third_Party/FreeRTOS/Source/list.o
                0x00000000080051e8                vListInitialise
 .text.vListInitialiseItem
                0x00000000080051fe        0x6 Middlewares/Third_Party/FreeRTOS/Source/list.o
                0x00000000080051fe                vListInitialiseItem
 .text.vListInsertEnd
                0x0000000008005204       0x18 Middlewares/Third_Party/FreeRTOS/Source/list.o
                0x0000000008005204                vListInsertEnd
 .text.vListInsert
                0x000000000800521c       0x2e Middlewares/Third_Party/FreeRTOS/Source/list.o
                0x000000000800521c                vListInsert
 .text.uxListRemove
                0x000000000800524a       0x20 Middlewares/Third_Party/FreeRTOS/Source/list.o
                0x000000000800524a                uxListRemove
 .text.prvIsQueueEmpty
                0x000000000800526a       0x16 Middlewares/Third_Party/FreeRTOS/Source/queue.o
 .text.prvCopyDataToQueue
                0x0000000008005280       0x6a Middlewares/Third_Party/FreeRTOS/Source/queue.o
 .text.prvCopyDataFromQueue
                0x00000000080052ea       0x2c Middlewares/Third_Party/FreeRTOS/Source/queue.o
 .text.prvUnlockQueue
                0x0000000008005316       0x70 Middlewares/Third_Party/FreeRTOS/Source/queue.o
 *fill*         0x0000000008005386        0x2 
 .text.xQueueGenericReset
                0x0000000008005388       0x80 Middlewares/Third_Party/FreeRTOS/Source/queue.o
                0x0000000008005388                xQueueGenericReset
 .text.xQueueGenericCreate.part.0
                0x0000000008005408       0x34 Middlewares/Third_Party/FreeRTOS/Source/queue.o
 .text.xQueueGenericCreateStatic
                0x000000000800543c       0x94 Middlewares/Third_Party/FreeRTOS/Source/queue.o
                0x000000000800543c                xQueueGenericCreateStatic
 .text.xQueueGenericSend
                0x00000000080054d0      0x164 Middlewares/Third_Party/FreeRTOS/Source/queue.o
                0x00000000080054d0                xQueueGenericSend
 .text.xQueueCreateMutexStatic
                0x0000000008005634       0x2a Middlewares/Third_Party/FreeRTOS/Source/queue.o
                0x0000000008005634                xQueueCreateMutexStatic
 .text.xQueueCreateMutex
                0x000000000800565e       0x22 Middlewares/Third_Party/FreeRTOS/Source/queue.o
                0x000000000800565e                xQueueCreateMutex
 .text.xQueueGenericSendFromISR
                0x0000000008005680       0xc4 Middlewares/Third_Party/FreeRTOS/Source/queue.o
                0x0000000008005680                xQueueGenericSendFromISR
 .text.xQueueGiveFromISR
                0x0000000008005744       0xa8 Middlewares/Third_Party/FreeRTOS/Source/queue.o
                0x0000000008005744                xQueueGiveFromISR
 .text.xQueueReceive
                0x00000000080057ec      0x140 Middlewares/Third_Party/FreeRTOS/Source/queue.o
                0x00000000080057ec                xQueueReceive
 .text.xQueueSemaphoreTake
                0x000000000800592c      0x188 Middlewares/Third_Party/FreeRTOS/Source/queue.o
                0x000000000800592c                xQueueSemaphoreTake
 .text.xQueueReceiveFromISR
                0x0000000008005ab4       0x9e Middlewares/Third_Party/FreeRTOS/Source/queue.o
                0x0000000008005ab4                xQueueReceiveFromISR
 *fill*         0x0000000008005b52        0x2 
 .text.vQueueAddToRegistry
                0x0000000008005b54       0x24 Middlewares/Third_Party/FreeRTOS/Source/queue.o
                0x0000000008005b54                vQueueAddToRegistry
 .text.vQueueWaitForMessageRestricted
                0x0000000008005b78       0x46 Middlewares/Third_Party/FreeRTOS/Source/queue.o
                0x0000000008005b78                vQueueWaitForMessageRestricted
 *fill*         0x0000000008005bbe        0x2 
 .text.prvAddNewTaskToReadyList
                0x0000000008005bc0      0x12c Middlewares/Third_Party/FreeRTOS/Source/tasks.o
 .text.prvResetNextTaskUnblockTime
                0x0000000008005cec       0x24 Middlewares/Third_Party/FreeRTOS/Source/tasks.o
 .text.prvInitialiseNewTask.isra.0
                0x0000000008005d10       0x8a Middlewares/Third_Party/FreeRTOS/Source/tasks.o
 .text.prvDeleteTCB
                0x0000000008005d9a       0x36 Middlewares/Third_Party/FreeRTOS/Source/tasks.o
 .text.prvIdleTask
                0x0000000008005dd0       0x64 Middlewares/Third_Party/FreeRTOS/Source/tasks.o
 .text.prvAddCurrentTaskToDelayedList
                0x0000000008005e34       0x8c Middlewares/Third_Party/FreeRTOS/Source/tasks.o
 .text.xTaskCreateStatic
                0x0000000008005ec0       0x70 Middlewares/Third_Party/FreeRTOS/Source/tasks.o
                0x0000000008005ec0                xTaskCreateStatic
 .text.xTaskCreate
                0x0000000008005f30       0x5a Middlewares/Third_Party/FreeRTOS/Source/tasks.o
                0x0000000008005f30                xTaskCreate
 *fill*         0x0000000008005f8a        0x2 
 .text.vTaskStartScheduler
                0x0000000008005f8c       0x88 Middlewares/Third_Party/FreeRTOS/Source/tasks.o
                0x0000000008005f8c                vTaskStartScheduler
 .text.vTaskSuspendAll
                0x0000000008006014       0x10 Middlewares/Third_Party/FreeRTOS/Source/tasks.o
                0x0000000008006014                vTaskSuspendAll
 .text.xTaskGetTickCount
                0x0000000008006024        0xc Middlewares/Third_Party/FreeRTOS/Source/tasks.o
                0x0000000008006024                xTaskGetTickCount
 .text.xTaskIncrementTick
                0x0000000008006030      0x130 Middlewares/Third_Party/FreeRTOS/Source/tasks.o
                0x0000000008006030                xTaskIncrementTick
 .text.xTaskResumeAll
                0x0000000008006160       0xf0 Middlewares/Third_Party/FreeRTOS/Source/tasks.o
                0x0000000008006160                xTaskResumeAll
 .text.vTaskDelay
                0x0000000008006250       0x48 Middlewares/Third_Party/FreeRTOS/Source/tasks.o
                0x0000000008006250                vTaskDelay
 .text.vTaskSwitchContext
                0x0000000008006298       0x74 Middlewares/Third_Party/FreeRTOS/Source/tasks.o
                0x0000000008006298                vTaskSwitchContext
 .text.vTaskPlaceOnEventList
                0x000000000800630c       0x34 Middlewares/Third_Party/FreeRTOS/Source/tasks.o
                0x000000000800630c                vTaskPlaceOnEventList
 .text.vTaskPlaceOnEventListRestricted
                0x0000000008006340       0x3c Middlewares/Third_Party/FreeRTOS/Source/tasks.o
                0x0000000008006340                vTaskPlaceOnEventListRestricted
 .text.xTaskRemoveFromEventList
                0x000000000800637c       0x88 Middlewares/Third_Party/FreeRTOS/Source/tasks.o
                0x000000000800637c                xTaskRemoveFromEventList
 .text.vTaskInternalSetTimeOutState
                0x0000000008006404       0x18 Middlewares/Third_Party/FreeRTOS/Source/tasks.o
                0x0000000008006404                vTaskInternalSetTimeOutState
 .text.xTaskCheckForTimeOut
                0x000000000800641c       0x78 Middlewares/Third_Party/FreeRTOS/Source/tasks.o
                0x000000000800641c                xTaskCheckForTimeOut
 .text.vTaskMissedYield
                0x0000000008006494        0xc Middlewares/Third_Party/FreeRTOS/Source/tasks.o
                0x0000000008006494                vTaskMissedYield
 .text.xTaskGetSchedulerState
                0x00000000080064a0       0x20 Middlewares/Third_Party/FreeRTOS/Source/tasks.o
                0x00000000080064a0                xTaskGetSchedulerState
 .text.xTaskPriorityInherit
                0x00000000080064c0       0x9c Middlewares/Third_Party/FreeRTOS/Source/tasks.o
                0x00000000080064c0                xTaskPriorityInherit
 .text.xTaskPriorityDisinherit
                0x000000000800655c       0xa4 Middlewares/Third_Party/FreeRTOS/Source/tasks.o
                0x000000000800655c                xTaskPriorityDisinherit
 .text.vTaskPriorityDisinheritAfterTimeout
                0x0000000008006600       0xb0 Middlewares/Third_Party/FreeRTOS/Source/tasks.o
                0x0000000008006600                vTaskPriorityDisinheritAfterTimeout
 .text.pvTaskIncrementMutexHeldCount
                0x00000000080066b0       0x18 Middlewares/Third_Party/FreeRTOS/Source/tasks.o
                0x00000000080066b0                pvTaskIncrementMutexHeldCount
 .text.prvCheckForValidListAndQueue
                0x00000000080066c8       0x68 Middlewares/Third_Party/FreeRTOS/Source/timers.o
 .text.prvInsertTimerInActiveList
                0x0000000008006730       0x3c Middlewares/Third_Party/FreeRTOS/Source/timers.o
 .text.prvInitialiseNewTimer
                0x000000000800676c       0x4c Middlewares/Third_Party/FreeRTOS/Source/timers.o
 .text.xTimerCreateTimerTask
                0x00000000080067b8       0x64 Middlewares/Third_Party/FreeRTOS/Source/timers.o
                0x00000000080067b8                xTimerCreateTimerTask
 .text.xTimerCreate
                0x000000000800681c       0x34 Middlewares/Third_Party/FreeRTOS/Source/timers.o
                0x000000000800681c                xTimerCreate
 .text.xTimerCreateStatic
                0x0000000008006850       0x4e Middlewares/Third_Party/FreeRTOS/Source/timers.o
                0x0000000008006850                xTimerCreateStatic
 *fill*         0x000000000800689e        0x2 
 .text.xTimerGenericCommand
                0x00000000080068a0       0x58 Middlewares/Third_Party/FreeRTOS/Source/timers.o
                0x00000000080068a0                xTimerGenericCommand
 .text.prvSwitchTimerLists
                0x00000000080068f8       0x7c Middlewares/Third_Party/FreeRTOS/Source/timers.o
 .text.prvTimerTask
                0x0000000008006974      0x204 Middlewares/Third_Party/FreeRTOS/Source/timers.o
 .text.prvPortStartFirstTask
                0x0000000008006b78       0x28 Middlewares/Third_Party/FreeRTOS/Source/portable/GCC/ARM_CM4F/port.o
 .text.vPortEnableVFP
                0x0000000008006ba0       0x14 Middlewares/Third_Party/FreeRTOS/Source/portable/GCC/ARM_CM4F/port.o
 .text.prvTaskExitError
                0x0000000008006bb4       0x40 Middlewares/Third_Party/FreeRTOS/Source/portable/GCC/ARM_CM4F/port.o
 .text.pxPortInitialiseStack
                0x0000000008006bf4       0x2c Middlewares/Third_Party/FreeRTOS/Source/portable/GCC/ARM_CM4F/port.o
                0x0000000008006bf4                pxPortInitialiseStack
 .text.SVC_Handler
                0x0000000008006c20       0x24 Middlewares/Third_Party/FreeRTOS/Source/portable/GCC/ARM_CM4F/port.o
                0x0000000008006c20                SVC_Handler
 .text.vPortEnterCritical
                0x0000000008006c44       0x44 Middlewares/Third_Party/FreeRTOS/Source/portable/GCC/ARM_CM4F/port.o
                0x0000000008006c44                vPortEnterCritical
 .text.vPortExitCritical
                0x0000000008006c88       0x28 Middlewares/Third_Party/FreeRTOS/Source/portable/GCC/ARM_CM4F/port.o
                0x0000000008006c88                vPortExitCritical
 .text.PendSV_Handler
                0x0000000008006cb0       0x64 Middlewares/Third_Party/FreeRTOS/Source/portable/GCC/ARM_CM4F/port.o
                0x0000000008006cb0                PendSV_Handler
 .text.SysTick_Handler
                0x0000000008006d14       0x2c Middlewares/Third_Party/FreeRTOS/Source/portable/GCC/ARM_CM4F/port.o
                0x0000000008006d14                SysTick_Handler
 .text.vPortSetupTimerInterrupt
                0x0000000008006d40       0x34 Middlewares/Third_Party/FreeRTOS/Source/portable/GCC/ARM_CM4F/port.o
                0x0000000008006d40                vPortSetupTimerInterrupt
 .text.xPortStartScheduler
                0x0000000008006d74      0x108 Middlewares/Third_Party/FreeRTOS/Source/portable/GCC/ARM_CM4F/port.o
                0x0000000008006d74                xPortStartScheduler
 .text.vPortValidateInterruptPriority
                0x0000000008006e7c       0x5c Middlewares/Third_Party/FreeRTOS/Source/portable/GCC/ARM_CM4F/port.o
                0x0000000008006e7c                vPortValidateInterruptPriority
 .text.prvInsertBlockIntoFreeList
                0x0000000008006ed8       0x48 Middlewares/Third_Party/FreeRTOS/Source/portable/MemMang/heap_4.o
 .text.pvPortMalloc
                0x0000000008006f20      0x124 Middlewares/Third_Party/FreeRTOS/Source/portable/MemMang/heap_4.o
                0x0000000008006f20                pvPortMalloc
 .text.vPortFree
                0x0000000008007044       0x7c Middlewares/Third_Party/FreeRTOS/Source/portable/MemMang/heap_4.o
                0x0000000008007044                vPortFree
 .text.__errno  0x00000000080070c0        0xc c:/st/stm32cubeide_1.6.1/stm32cubeide/plugins/com.st.stm32cube.ide.mcu.externaltools.gnu-tools-for-stm32.9-2020-q2-update.win32_1.5.0.202011040924/tools/bin/../lib/gcc/arm-none-eabi/9.3.1/../../../../arm-none-eabi/lib/thumb/v7e-m+fp/hard\libc_nano.a(lib_a-errno.o)
                0x00000000080070c0                __errno
 .text.__libc_init_array
                0x00000000080070cc       0x48 c:/st/stm32cubeide_1.6.1/stm32cubeide/plugins/com.st.stm32cube.ide.mcu.externaltools.gnu-tools-for-stm32.9-2020-q2-update.win32_1.5.0.202011040924/tools/bin/../lib/gcc/arm-none-eabi/9.3.1/../../../../arm-none-eabi/lib/thumb/v7e-m+fp/hard\libc_nano.a(lib_a-init.o)
                0x00000000080070cc                __libc_init_array
 .text.memcpy   0x0000000008007114       0x1c c:/st/stm32cubeide_1.6.1/stm32cubeide/plugins/com.st.stm32cube.ide.mcu.externaltools.gnu-tools-for-stm32.9-2020-q2-update.win32_1.5.0.202011040924/tools/bin/../lib/gcc/arm-none-eabi/9.3.1/../../../../arm-none-eabi/lib/thumb/v7e-m+fp/hard\libc_nano.a(lib_a-memcpy-stub.o)
                0x0000000008007114                memcpy
 .text.memset   0x0000000008007130       0x10 c:/st/stm32cubeide_1.6.1/stm32cubeide/plugins/com.st.stm32cube.ide.mcu.externaltools.gnu-tools-for-stm32.9-2020-q2-update.win32_1.5.0.202011040924/tools/bin/../lib/gcc/arm-none-eabi/9.3.1/../../../../arm-none-eabi/lib/thumb/v7e-m+fp/hard\libc_nano.a(lib_a-memset.o)
                0x0000000008007130                memset
 .text.snprintf
                0x0000000008007140       0x68 c:/st/stm32cubeide_1.6.1/stm32cubeide/plugins/com.st.stm32cube.ide.mcu.externaltools.gnu-tools-for-stm32.9-2020-q2-update.win32_1.5.0.202011040924/tools/bin/../lib/gcc/arm-none-eabi/9.3.1/../../../../arm-none-eabi/lib/thumb/v7e-m+fp/hard\libc_nano.a(lib_a-snprintf.o)
                0x0000000008007140                sniprintf
                0x0000000008007140                snprintf
 .text.__ssputs_r
                0x00000000080071a8       0xb6 c:/st/stm32cubeide_1.6.1/stm32cubeide/plugins/com.st.stm32cube.ide.mcu.externaltools.gnu-tools-for-stm32.9-2020-q2-update.win32_1.5.0.202011040924/tools/bin/../lib/gcc/arm-none-eabi/9.3.1/../../../../arm-none-eabi/lib/thumb/v7e-m+fp/hard\libc_nano.a(lib_a-nano-svfprintf.o)
                0x00000000080071a8                __ssputs_r
 *fill*         0x000000000800725e        0x2 
 .text._svfprintf_r
                0x0000000008007260      0x200 c:/st/stm32cubeide_1.6.1/stm32cubeide/plugins/com.st.stm32cube.ide.mcu.externaltools.gnu-tools-for-stm32.9-2020-q2-update.win32_1.5.0.202011040924/tools/bin/../lib/gcc/arm-none-eabi/9.3.1/../../../../arm-none-eabi/lib/thumb/v7e-m+fp/hard\libc_nano.a(lib_a-nano-svfprintf.o)
                0x0000000008007260                _svfiprintf_r
                0x0000000008007260                _svfprintf_r
 .text._printf_common
                0x0000000008007460       0xda c:/st/stm32cubeide_1.6.1/stm32cubeide/plugins/com.st.stm32cube.ide.mcu.externaltools.gnu-tools-for-stm32.9-2020-q2-update.win32_1.5.0.202011040924/tools/bin/../lib/gcc/arm-none-eabi/9.3.1/../../../../arm-none-eabi/lib/thumb/v7e-m+fp/hard\libc_nano.a(lib_a-nano-vfprintf_i.o)
                0x0000000008007460                _printf_common
 *fill*         0x000000000800753a        0x2 
 .text._printf_i
                0x000000000800753c      0x24c c:/st/stm32cubeide_1.6.1/stm32cubeide/plugins/com.st.stm32cube.ide.mcu.externaltools.gnu-tools-for-stm32.9-2020-q2-update.win32_1.5.0.202011040924/tools/bin/../lib/gcc/arm-none-eabi/9.3.1/../../../../arm-none-eabi/lib/thumb/v7e-m+fp/hard\libc_nano.a(lib_a-nano-vfprintf_i.o)
                0x000000000800753c                _printf_i
 .text.memmove  0x0000000008007788       0x34 c:/st/stm32cubeide_1.6.1/stm32cubeide/plugins/com.st.stm32cube.ide.mcu.externaltools.gnu-tools-for-stm32.9-2020-q2-update.win32_1.5.0.202011040924/tools/bin/../lib/gcc/arm-none-eabi/9.3.1/../../../../arm-none-eabi/lib/thumb/v7e-m+fp/hard\libc_nano.a(lib_a-memmove.o)
                0x0000000008007788                memmove
 .text._free_r  0x00000000080077bc       0xa0 c:/st/stm32cubeide_1.6.1/stm32cubeide/plugins/com.st.stm32cube.ide.mcu.externaltools.gnu-tools-for-stm32.9-2020-q2-update.win32_1.5.0.202011040924/tools/bin/../lib/gcc/arm-none-eabi/9.3.1/../../../../arm-none-eabi/lib/thumb/v7e-m+fp/hard\libc_nano.a(lib_a-nano-freer.o)
                0x00000000080077bc                _free_r
 .text._malloc_r
                0x000000000800785c       0xb4 c:/st/stm32cubeide_1.6.1/stm32cubeide/plugins/com.st.stm32cube.ide.mcu.externaltools.gnu-tools-for-stm32.9-2020-q2-update.win32_1.5.0.202011040924/tools/bin/../lib/gcc/arm-none-eabi/9.3.1/../../../../arm-none-eabi/lib/thumb/v7e-m+fp/hard\libc_nano.a(lib_a-nano-mallocr.o)
                0x000000000800785c                _malloc_r
 .text._realloc_r
                0x0000000008007910       0x4c c:/st/stm32cubeide_1.6.1/stm32cubeide/plugins/com.st.stm32cube.ide.mcu.externaltools.gnu-tools-for-stm32.9-2020-q2-update.win32_1.5.0.202011040924/tools/bin/../lib/gcc/arm-none-eabi/9.3.1/../../../../arm-none-eabi/lib/thumb/v7e-m+fp/hard\libc_nano.a(lib_a-nano-reallocr.o)
                0x0000000008007910                _realloc_r
 .text._sbrk_r  0x000000000800795c       0x20 c:/st/stm32cubeide_1.6.1/stm32cubeide/plugins/com.st.stm32cube.ide.mcu.externaltools.gnu-tools-for-stm32.9-2020-q2-update.win32_1.5.0.202011040924/tools/bin/../lib/gcc/arm-none-eabi/9.3.1/../../../../arm-none-eabi/lib/thumb/v7e-m+fp/hard\libc_nano.a(lib_a-sbrkr.o)
                0x000000000800795c                _sbrk_r
 .text.__malloc_lock
                0x000000000800797c        0xc c:/st/stm32cubeide_1.6.1/stm32cubeide/plugins/com.st.stm32cube.ide.mcu.externaltools.gnu-tools-for-stm32.9-2020-q2-update.win32_1.5.0.202011040924/tools/bin/../lib/gcc/arm-none-eabi/9.3.1/../../../../arm-none-eabi/lib/thumb/v7e-m+fp/hard\libc_nano.a(lib_a-mlock.o)
                0x000000000800797c                __malloc_lock
 .text.__malloc_unlock
                0x0000000008007988        0xc c:/st/stm32cubeide_1.6.1/stm32cubeide/plugins/com.st.stm32cube.ide.mcu.externaltools.gnu-tools-for-stm32.9-2020-q2-update.win32_1.5.0.202011040924/tools/bin/../lib/gcc/arm-none-eabi/9.3.1/../../../../arm-none-eabi/lib/thumb/v7e-m+fp/hard\libc_nano.a(lib_a-mlock.o)
                0x0000000008007988                __malloc_unlock
 .text._malloc_usable_size_r
                0x0000000008007994       0x10 c:/st/stm32cubeide_1.6.1/stm32cubeide/plugins/com.st.stm32cube.ide.mcu.externaltools.gnu-tools-for-stm32.9-2020-q2-update.win32_1.5.0.202011040924/tools/bin/../lib/gcc/arm-none-eabi/9.3.1/../../../../arm-none-eabi/lib/thumb/v7e-m+fp/hard\libc_nano.a(lib_a-nano-msizer.o)
                0x0000000008007994                _malloc_usable_size_r
 .text.__retarget_lock_acquire_recursive
                0x00000000080079a4        0x2 c:/st/stm32cubeide_1.6.1/stm32cubeide/plugins/com.st.stm32cube.ide.mcu.externaltools.gnu-tools-for-stm32.9-2020-q2-update.win32_1.5.0.202011040924/tools/bin/../lib/gcc/arm-none-eabi/9.3.1/../../../../arm-none-eabi/lib/thumb/v7e-m+fp/hard\libc_nano.a(lib_a-lock.o)
                0x00000000080079a4                __retarget_lock_acquire_recursive
 .text.__retarget_lock_release_recursive
                0x00000000080079a6        0x2 c:/st/stm32cubeide_1.6.1/stm32cubeide/plugins/com.st.stm32cube.ide.mcu.externaltools.gnu-tools-for-stm32.9-2020-q2-update.win32_1.5.0.202011040924/tools/bin/../lib/gcc/arm-none-eabi/9.3.1/../../../../arm-none-eabi/lib/thumb/v7e-m+fp/hard\libc_nano.a(lib_a-lock.o)
                0x00000000080079a6                __retarget_lock_release_recursive
 *(.glue_7)
 .glue_7        0x00000000080079a8        0x0 linker stubs
 *(.glue_7t)
 .glue_7t       0x00000000080079a8        0x0 linker stubs
 *(.eh_frame)
 .eh_frame      0x00000000080079a8        0x0 c:/st/stm32cubeide_1.6.1/stm32cubeide/plugins/com.st.stm32cube.ide.mcu.externaltools.gnu-tools-for-stm32.9-2020-q2-update.win32_1.5.0.202011040924/tools/bin/../lib/gcc/arm-none-eabi/9.3.1/thumb/v7e-m+fp/hard/crtbegin.o
 *(.init)
 .init          0x00000000080079a8        0x4 c:/st/stm32cubeide_1.6.1/stm32cubeide/plugins/com.st.stm32cube.ide.mcu.externaltools.gnu-tools-for-stm32.9-2020-q2-update.win32_1.5.0.202011040924/tools/bin/../lib/gcc/arm-none-eabi/9.3.1/thumb/v7e-m+fp/hard/crti.o
                0x00000000080079a8                _init
 .init          0x00000000080079ac        0x8 c:/st/stm32cubeide_1.6.1/stm32cubeide/plugins/com.st.stm32cube.ide.mcu.externaltools.gnu-tools-for-stm32.9-2020-q2-update.win32_1.5.0.202011040924/tools/bin/../lib/gcc/arm-none-eabi/9.3.1/thumb/v7e-m+fp/hard/crtn.o
 *(.fini)
 .fini          0x00000000080079b4        0x4 c:/st/stm32cubeide_1.6.1/stm32cubeide/plugins/com.st.stm32cube.ide.mcu.externaltools.gnu-tools-for-stm32.9-2020-q2-update.win32_1.5.0.202011040924/tools/bin/../lib/gcc/arm-none-eabi/9.3.1/thumb/v7e-m+fp/hard/crti.o
                0x00000000080079b4                _fini
 .fini          0x00000000080079b8        0x8 c:/st/stm32cubeide_1.6.1/stm32cubeide/plugins/com.st.stm32cube.ide.mcu.externaltools.gnu-tools-for-stm32.9-2020-q2-update.win32_1.5.0.202011040924/tools/bin/../lib/gcc/arm-none-eabi/9.3.1/thumb/v7e-m+fp/hard/crtn.o
                0x00000000080079c0                . = ALIGN (0x4)
                0x00000000080079c0                _etext = .

.vfp11_veneer   0x00000000080079c0        0x0
 .vfp11_veneer  0x00000000080079c0        0x0 linker stubs

.v4_bx          0x00000000080079c0        0x0
 .v4_bx         0x00000000080079c0        0x0 linker stubs

.iplt           0x00000000080079c0        0x0
 .iplt          0x00000000080079c0        0x0 c:/st/stm32cubeide_1.6.1/stm32cubeide/plugins/com.st.stm32cube.ide.mcu.externaltools.gnu-tools-for-stm32.9-2020-q2-update.win32_1.5.0.202011040924/tools/bin/../lib/gcc/arm-none-eabi/9.3.1/thumb/v7e-m+fp/hard/crtbegin.o

.rodata         0x00000000080079c0      0x318
                0x00000000080079c0                . = ALIGN (0x4)
 *(.rodata)
 .rodata        0x00000000080079c0      0x150 Core/Src/main.o
 *(.rodata*)
 .rodata.str1.1
                0x0000000008007b10       0xa1 Core/Src/main.o
 .rodata.StartLCD_temp.str1.1
                0x0000000008007bb1       0x1c Core/Src/main.o
 .rodata.StartLCD_hum.str1.1
                0x0000000008007bcd       0x13 Core/Src/main.o
 .rodata.StartLCD_TempProblem.str1.1
                0x0000000008007be0       0x17 Core/Src/main.o
 .rodata.StartLCD_HumProblem.str1.1
                0x0000000008007bf7        0xf Core/Src/main.o
 .rodata.StartButton_manager.str1.1
                0x0000000008007c06       0x21 Core/Src/main.o
 .rodata.main.str1.1
                0x0000000008007c27        0xe Core/Src/main.o
 .rodata.AHBPrescTable
                0x0000000008007c35       0x10 Core/Src/system_stm32l4xx.o
                0x0000000008007c35                AHBPrescTable
 .rodata.APBPrescTable
                0x0000000008007c45        0x8 Core/Src/system_stm32l4xx.o
                0x0000000008007c45                APBPrescTable
 *fill*         0x0000000008007c4d        0x3 
 .rodata.MSIRangeTable
                0x0000000008007c50       0x30 Core/Src/system_stm32l4xx.o
                0x0000000008007c50                MSIRangeTable
 .rodata.CSWTCH.51
                0x0000000008007c80        0x3 Drivers/STM32L4xx_HAL_Driver/Src/stm32l4xx_hal_uart.o
 .rodata.CSWTCH.52
                0x0000000008007c83        0xd Drivers/STM32L4xx_HAL_Driver/Src/stm32l4xx_hal_uart.o
 .rodata.osTimerCreate.str1.1
                0x0000000008007c90        0xe Middlewares/Third_Party/FreeRTOS/Source/CMSIS_RTOS/cmsis_os.o
                                          0x1 (size before relaxing)
 .rodata.vTaskStartScheduler.str1.1
                0x0000000008007c90        0x5 Middlewares/Third_Party/FreeRTOS/Source/tasks.o
 .rodata.prvCheckForValidListAndQueue.str1.1
                0x0000000008007c95        0x5 Middlewares/Third_Party/FreeRTOS/Source/timers.o
 .rodata.xTimerCreateTimerTask.str1.1
                0x0000000008007c9a        0x8 Middlewares/Third_Party/FreeRTOS/Source/timers.o
 .rodata._svfprintf_r.str1.1
                0x0000000008007ca2       0x11 c:/st/stm32cubeide_1.6.1/stm32cubeide/plugins/com.st.stm32cube.ide.mcu.externaltools.gnu-tools-for-stm32.9-2020-q2-update.win32_1.5.0.202011040924/tools/bin/../lib/gcc/arm-none-eabi/9.3.1/../../../../arm-none-eabi/lib/thumb/v7e-m+fp/hard\libc_nano.a(lib_a-nano-svfprintf.o)
 .rodata._printf_i.str1.1
                0x0000000008007cb3       0x22 c:/st/stm32cubeide_1.6.1/stm32cubeide/plugins/com.st.stm32cube.ide.mcu.externaltools.gnu-tools-for-stm32.9-2020-q2-update.win32_1.5.0.202011040924/tools/bin/../lib/gcc/arm-none-eabi/9.3.1/../../../../arm-none-eabi/lib/thumb/v7e-m+fp/hard\libc_nano.a(lib_a-nano-vfprintf_i.o)
                0x0000000008007cd8                . = ALIGN (0x4)
 *fill*         0x0000000008007cd5        0x3 

.ARM.extab      0x0000000008007cd8        0x0
                0x0000000008007cd8                . = ALIGN (0x4)
 *(.ARM.extab* .gnu.linkonce.armextab.*)
                0x0000000008007cd8                . = ALIGN (0x4)

.ARM            0x0000000008007cd8        0x8
                0x0000000008007cd8                . = ALIGN (0x4)
                0x0000000008007cd8                __exidx_start = .
 *(.ARM.exidx*)
 .ARM.exidx     0x0000000008007cd8        0x8 c:/st/stm32cubeide_1.6.1/stm32cubeide/plugins/com.st.stm32cube.ide.mcu.externaltools.gnu-tools-for-stm32.9-2020-q2-update.win32_1.5.0.202011040924/tools/bin/../lib/gcc/arm-none-eabi/9.3.1/thumb/v7e-m+fp/hard\libgcc.a(_udivmoddi4.o)
                0x0000000008007ce0                __exidx_end = .
                0x0000000008007ce0                . = ALIGN (0x4)

.rel.dyn        0x0000000008007ce0        0x0
 .rel.iplt      0x0000000008007ce0        0x0 c:/st/stm32cubeide_1.6.1/stm32cubeide/plugins/com.st.stm32cube.ide.mcu.externaltools.gnu-tools-for-stm32.9-2020-q2-update.win32_1.5.0.202011040924/tools/bin/../lib/gcc/arm-none-eabi/9.3.1/thumb/v7e-m+fp/hard/crtbegin.o

.preinit_array  0x0000000008007ce0        0x0
                0x0000000008007ce0                . = ALIGN (0x4)
                0x0000000008007ce0                PROVIDE (__preinit_array_start = .)
 *(.preinit_array*)
                0x0000000008007ce0                PROVIDE (__preinit_array_end = .)
                0x0000000008007ce0                . = ALIGN (0x4)

.init_array     0x0000000008007ce0        0x4
                0x0000000008007ce0                . = ALIGN (0x4)
                0x0000000008007ce0                PROVIDE (__init_array_start = .)
 *(SORT_BY_NAME(.init_array.*))
 *(.init_array*)
 .init_array    0x0000000008007ce0        0x4 c:/st/stm32cubeide_1.6.1/stm32cubeide/plugins/com.st.stm32cube.ide.mcu.externaltools.gnu-tools-for-stm32.9-2020-q2-update.win32_1.5.0.202011040924/tools/bin/../lib/gcc/arm-none-eabi/9.3.1/thumb/v7e-m+fp/hard/crtbegin.o
                0x0000000008007ce4                PROVIDE (__init_array_end = .)
                0x0000000008007ce4                . = ALIGN (0x4)

.fini_array     0x0000000008007ce4        0x4
                0x0000000008007ce4                . = ALIGN (0x4)
                [!provide]                        PROVIDE (__fini_array_start = .)
 *(SORT_BY_NAME(.fini_array.*))
 *(.fini_array*)
 .fini_array    0x0000000008007ce4        0x4 c:/st/stm32cubeide_1.6.1/stm32cubeide/plugins/com.st.stm32cube.ide.mcu.externaltools.gnu-tools-for-stm32.9-2020-q2-update.win32_1.5.0.202011040924/tools/bin/../lib/gcc/arm-none-eabi/9.3.1/thumb/v7e-m+fp/hard/crtbegin.o
                [!provide]                        PROVIDE (__fini_array_end = .)
                0x0000000008007ce8                . = ALIGN (0x4)
                0x0000000008007ce8                _sidata = LOADADDR (.data)

.data           0x0000000020000000       0x98 load address 0x0000000008007ce8
                0x0000000020000000                . = ALIGN (0x4)
                0x0000000020000000                _sdata = .
 *(.data)
 *(.data*)
 .data.emergency_code
                0x0000000020000000        0x4 Core/Src/main.o
                0x0000000020000000                emergency_code
 .data.SystemCoreClock
                0x0000000020000004        0x4 Core/Src/system_stm32l4xx.o
                0x0000000020000004                SystemCoreClock
 .data._fourbit_mode
                0x0000000020000008        0x1 Drivers/CMSIS/BSP/Components/LCD/LiquidCrystal.o
                0x0000000020000008                _fourbit_mode
 *fill*         0x0000000020000009        0x3 
 .data.HTS221_H_Drv
                0x000000002000000c        0xc Drivers/CMSIS/BSP/Components/hts221/hts221.o
                0x000000002000000c                HTS221_H_Drv
 .data.HTS221_T_Drv
                0x0000000020000018       0x10 Drivers/CMSIS/BSP/Components/hts221/hts221.o
                0x0000000020000018                HTS221_T_Drv
 .data.uwTickFreq
                0x0000000020000028        0x1 Drivers/STM32L4xx_HAL_Driver/Src/stm32l4xx_hal.o
                0x0000000020000028                uwTickFreq
 *fill*         0x0000000020000029        0x3 
 .data.uwTickPrio
                0x000000002000002c        0x4 Drivers/STM32L4xx_HAL_Driver/Src/stm32l4xx_hal.o
                0x000000002000002c                uwTickPrio
 .data.uxCriticalNesting
                0x0000000020000030        0x4 Middlewares/Third_Party/FreeRTOS/Source/portable/GCC/ARM_CM4F/port.o
 .data._impure_ptr
                0x0000000020000034        0x4 c:/st/stm32cubeide_1.6.1/stm32cubeide/plugins/com.st.stm32cube.ide.mcu.externaltools.gnu-tools-for-stm32.9-2020-q2-update.win32_1.5.0.202011040924/tools/bin/../lib/gcc/arm-none-eabi/9.3.1/../../../../arm-none-eabi/lib/thumb/v7e-m+fp/hard\libc_nano.a(lib_a-impure.o)
                0x0000000020000034                _impure_ptr
 .data.impure_data
                0x0000000020000038       0x60 c:/st/stm32cubeide_1.6.1/stm32cubeide/plugins/com.st.stm32cube.ide.mcu.externaltools.gnu-tools-for-stm32.9-2020-q2-update.win32_1.5.0.202011040924/tools/bin/../lib/gcc/arm-none-eabi/9.3.1/../../../../arm-none-eabi/lib/thumb/v7e-m+fp/hard\libc_nano.a(lib_a-impure.o)
 *(.RamFunc)
 *(.RamFunc*)
                0x0000000020000098                . = ALIGN (0x4)
                0x0000000020000098                _edata = .

.igot.plt       0x0000000020000098        0x0 load address 0x0000000008007d80
 .igot.plt      0x0000000020000098        0x0 c:/st/stm32cubeide_1.6.1/stm32cubeide/plugins/com.st.stm32cube.ide.mcu.externaltools.gnu-tools-for-stm32.9-2020-q2-update.win32_1.5.0.202011040924/tools/bin/../lib/gcc/arm-none-eabi/9.3.1/thumb/v7e-m+fp/hard/crtbegin.o
                0x0000000020000098                . = ALIGN (0x4)

.bss            0x0000000020000098     0x32f8 load address 0x0000000008007d80
                0x0000000020000098                _sbss = .
                0x0000000020000098                __bss_start__ = _sbss
 *(.bss)
 .bss           0x0000000020000098       0x1c c:/st/stm32cubeide_1.6.1/stm32cubeide/plugins/com.st.stm32cube.ide.mcu.externaltools.gnu-tools-for-stm32.9-2020-q2-update.win32_1.5.0.202011040924/tools/bin/../lib/gcc/arm-none-eabi/9.3.1/thumb/v7e-m+fp/hard/crtbegin.o
 *(.bss*)
 .bss.xIdleStack
                0x00000000200000b4      0x200 Core/Src/freertos.o
 .bss.xIdleTaskTCBBuffer
                0x00000000200002b4       0x54 Core/Src/freertos.o
 .bss.xTimerStack
                0x0000000020000308      0x400 Core/Src/freertos.o
 .bss.xTimerTaskTCBBuffer
                0x0000000020000708       0x54 Core/Src/freertos.o
 .bss.hum_value
                0x000000002000075c        0x4 Core/Src/main.o
                0x000000002000075c                hum_value
 .bss.stop_allarmi
                0x0000000020000760        0x1 Core/Src/main.o
                0x0000000020000760                stop_allarmi
 *fill*         0x0000000020000761        0x3 
 .bss.temp_value
                0x0000000020000764        0x4 Core/Src/main.o
                0x0000000020000764                temp_value
 .bss.DFSDM1_Init
                0x0000000020000768        0x4 Core/Src/stm32l4xx_hal_msp.o
 .bss.__sbrk_heap_end
                0x000000002000076c        0x4 Core/Src/sysmem.o
 .bss.Hsensor_drv
                0x0000000020000770        0x4 Drivers/CMSIS/BSP/B-L475E-IOT01/stm32l475e_iot01_hsensor.o
 .bss.tsensor_drv
                0x0000000020000774        0x4 Drivers/CMSIS/BSP/B-L475E-IOT01/stm32l475e_iot01_tsensor.o
 .bss.dotsize   0x0000000020000778        0x1 Drivers/CMSIS/BSP/Components/LCD/LiquidCrystal.o
                0x0000000020000778                dotsize
 *fill*         0x0000000020000779        0x3 
 .bss.a_dfsdm1ChannelHandle
                0x000000002000077c       0x20 Drivers/STM32L4xx_HAL_Driver/Src/stm32l4xx_hal_dfsdm.o
 .bss.v_dfsdm1ChannelCounter
                0x000000002000079c        0x4 Drivers/STM32L4xx_HAL_Driver/Src/stm32l4xx_hal_dfsdm.o
 .bss.pxCurrentTCB
                0x00000000200007a0        0x4 Middlewares/Third_Party/FreeRTOS/Source/tasks.o
                0x00000000200007a0                pxCurrentTCB
 .bss.pxDelayedTaskList
                0x00000000200007a4        0x4 Middlewares/Third_Party/FreeRTOS/Source/tasks.o
 .bss.pxOverflowDelayedTaskList
                0x00000000200007a8        0x4 Middlewares/Third_Party/FreeRTOS/Source/tasks.o
 .bss.pxReadyTasksLists
                0x00000000200007ac       0x8c Middlewares/Third_Party/FreeRTOS/Source/tasks.o
 .bss.uxCurrentNumberOfTasks
                0x0000000020000838        0x4 Middlewares/Third_Party/FreeRTOS/Source/tasks.o
 .bss.uxDeletedTasksWaitingCleanUp
                0x000000002000083c        0x4 Middlewares/Third_Party/FreeRTOS/Source/tasks.o
 .bss.uxSchedulerSuspended
                0x0000000020000840        0x4 Middlewares/Third_Party/FreeRTOS/Source/tasks.o
 .bss.uxTaskNumber
                0x0000000020000844        0x4 Middlewares/Third_Party/FreeRTOS/Source/tasks.o
 .bss.uxTopReadyPriority
                0x0000000020000848        0x4 Middlewares/Third_Party/FreeRTOS/Source/tasks.o
 .bss.xDelayedTaskList1
                0x000000002000084c       0x14 Middlewares/Third_Party/FreeRTOS/Source/tasks.o
 .bss.xDelayedTaskList2
                0x0000000020000860       0x14 Middlewares/Third_Party/FreeRTOS/Source/tasks.o
 .bss.xNextTaskUnblockTime
                0x0000000020000874        0x4 Middlewares/Third_Party/FreeRTOS/Source/tasks.o
 .bss.xNumOfOverflows
                0x0000000020000878        0x4 Middlewares/Third_Party/FreeRTOS/Source/tasks.o
 .bss.xPendedTicks
                0x000000002000087c        0x4 Middlewares/Third_Party/FreeRTOS/Source/tasks.o
 .bss.xPendingReadyList
                0x0000000020000880       0x14 Middlewares/Third_Party/FreeRTOS/Source/tasks.o
 .bss.xSchedulerRunning
                0x0000000020000894        0x4 Middlewares/Third_Party/FreeRTOS/Source/tasks.o
 .bss.xSuspendedTaskList
                0x0000000020000898       0x14 Middlewares/Third_Party/FreeRTOS/Source/tasks.o
 .bss.xTasksWaitingTermination
                0x00000000200008ac       0x14 Middlewares/Third_Party/FreeRTOS/Source/tasks.o
 .bss.xTickCount
                0x00000000200008c0        0x4 Middlewares/Third_Party/FreeRTOS/Source/tasks.o
 .bss.xYieldPending
                0x00000000200008c4        0x4 Middlewares/Third_Party/FreeRTOS/Source/tasks.o
 .bss.pxCurrentTimerList
                0x00000000200008c8        0x4 Middlewares/Third_Party/FreeRTOS/Source/timers.o
 .bss.pxOverflowTimerList
                0x00000000200008cc        0x4 Middlewares/Third_Party/FreeRTOS/Source/timers.o
 .bss.ucStaticTimerQueueStorage.6965
                0x00000000200008d0       0x78 Middlewares/Third_Party/FreeRTOS/Source/timers.o
 .bss.xActiveTimerList1
                0x0000000020000948       0x14 Middlewares/Third_Party/FreeRTOS/Source/timers.o
 .bss.xActiveTimerList2
                0x000000002000095c       0x14 Middlewares/Third_Party/FreeRTOS/Source/timers.o
 .bss.xLastTime.6916
                0x0000000020000970        0x4 Middlewares/Third_Party/FreeRTOS/Source/timers.o
 .bss.xStaticTimerQueue.6964
                0x0000000020000974       0x48 Middlewares/Third_Party/FreeRTOS/Source/timers.o
 .bss.xTimerQueue
                0x00000000200009bc        0x4 Middlewares/Third_Party/FreeRTOS/Source/timers.o
 .bss.xTimerTaskHandle
                0x00000000200009c0        0x4 Middlewares/Third_Party/FreeRTOS/Source/timers.o
 .bss.ucMaxSysCallPriority
                0x00000000200009c4        0x1 Middlewares/Third_Party/FreeRTOS/Source/portable/GCC/ARM_CM4F/port.o
 *fill*         0x00000000200009c5        0x3 
 .bss.ulMaxPRIGROUPValue
                0x00000000200009c8        0x4 Middlewares/Third_Party/FreeRTOS/Source/portable/GCC/ARM_CM4F/port.o
 .bss.pxEnd     0x00000000200009cc        0x4 Middlewares/Third_Party/FreeRTOS/Source/portable/MemMang/heap_4.o
 .bss.ucHeap    0x00000000200009d0     0x2134 Middlewares/Third_Party/FreeRTOS/Source/portable/MemMang/heap_4.o
 .bss.xBlockAllocatedBit
                0x0000000020002b04        0x4 Middlewares/Third_Party/FreeRTOS/Source/portable/MemMang/heap_4.o
 .bss.xFreeBytesRemaining
                0x0000000020002b08        0x4 Middlewares/Third_Party/FreeRTOS/Source/portable/MemMang/heap_4.o
 .bss.xMinimumEverFreeBytesRemaining
                0x0000000020002b0c        0x4 Middlewares/Third_Party/FreeRTOS/Source/portable/MemMang/heap_4.o
 .bss.xNumberOfSuccessfulAllocations
                0x0000000020002b10        0x4 Middlewares/Third_Party/FreeRTOS/Source/portable/MemMang/heap_4.o
 .bss.xNumberOfSuccessfulFrees
                0x0000000020002b14        0x4 Middlewares/Third_Party/FreeRTOS/Source/portable/MemMang/heap_4.o
 .bss.xStart    0x0000000020002b18        0x8 Middlewares/Third_Party/FreeRTOS/Source/portable/MemMang/heap_4.o
 .bss.__malloc_free_list
                0x0000000020002b20        0x4 c:/st/stm32cubeide_1.6.1/stm32cubeide/plugins/com.st.stm32cube.ide.mcu.externaltools.gnu-tools-for-stm32.9-2020-q2-update.win32_1.5.0.202011040924/tools/bin/../lib/gcc/arm-none-eabi/9.3.1/../../../../arm-none-eabi/lib/thumb/v7e-m+fp/hard\libc_nano.a(lib_a-nano-mallocr.o)
                0x0000000020002b20                __malloc_free_list
 .bss.__malloc_sbrk_start
                0x0000000020002b24        0x4 c:/st/stm32cubeide_1.6.1/stm32cubeide/plugins/com.st.stm32cube.ide.mcu.externaltools.gnu-tools-for-stm32.9-2020-q2-update.win32_1.5.0.202011040924/tools/bin/../lib/gcc/arm-none-eabi/9.3.1/../../../../arm-none-eabi/lib/thumb/v7e-m+fp/hard\libc_nano.a(lib_a-nano-mallocr.o)
                0x0000000020002b24                __malloc_sbrk_start
 *(COMMON)
 COMMON         0x0000000020002b28      0x6d0 Core/Src/main.o
                0x0000000020002b28                hdfsdm1_channel1
                0x0000000020002b60                myTimerLed2Handle
                0x0000000020002b64                Servo_managerHandle
                0x0000000020002b68                LCD_TempProblemHandle
                0x0000000020002b6c                myMutex_humHandle
                0x0000000020002b70                huart3
                0x0000000020002bf4                hpcd_USB_OTG_FS
                0x0000000020002ffc                hi2c2
                0x0000000020003048                myTimerLed1Handle
                0x000000002000304c                Temp_monitorHandle
                0x0000000020003050                LCD_tempHandle
                0x0000000020003054                hspi3
                0x00000000200030b8                T_ProblemDetectHandle
                0x00000000200030bc                LCD_humHandle
                0x00000000200030c0                Button_managerHandle
                0x00000000200030c4                huart1
                0x0000000020003148                LCD_HumProblemHandle
                0x000000002000314c                myMutexEmergencyHandle
                0x0000000020003150                Hum_monitorHandle
                0x0000000020003154                htim2
                0x00000000200031a0                Buzzer_managerHandle
                0x00000000200031a4                myMutex_LCDHandle
                0x00000000200031a8                H_ProblemDetectHandle
                0x00000000200031ac                myMutex_tempHandle
                0x00000000200031b0                hqspi
                0x00000000200031f4                LED_managerHandle
 COMMON         0x00000000200031f8       0x4c Core/Src/stm32l4xx_hal_timebase_tim.o
                0x00000000200031f8                htim17
 COMMON         0x0000000020003244       0xd0 Drivers/CMSIS/BSP/B-L475E-IOT01/stm32l475e_iot01.o
                0x0000000020003244                hDiscoUart
                0x00000000200032c8                hI2cHandler
 COMMON         0x0000000020003314       0x25 Drivers/CMSIS/BSP/Components/LCD/LiquidCrystal.o
                0x0000000020003314                _row_offsets
                0x0000000020003318                _rw_pin
                0x000000002000331c                _port
                0x0000000020003320                _displaycontrol
                0x0000000020003321                _numlines
                0x0000000020003322                _data_pins
                0x0000000020003332                _displaymode
                0x0000000020003333                _displayfunction
                0x0000000020003334                _enable_pin
                0x0000000020003336                _rs_pin
                0x0000000020003338                _initialized
 *fill*         0x0000000020003339        0x3 
 COMMON         0x000000002000333c        0x4 Drivers/STM32L4xx_HAL_Driver/Src/stm32l4xx_hal.o
                0x000000002000333c                uwTick
 COMMON         0x0000000020003340       0x40 Middlewares/Third_Party/FreeRTOS/Source/queue.o
                0x0000000020003340                xQueueRegistry
 COMMON         0x0000000020003380        0x4 c:/st/stm32cubeide_1.6.1/stm32cubeide/plugins/com.st.stm32cube.ide.mcu.externaltools.gnu-tools-for-stm32.9-2020-q2-update.win32_1.5.0.202011040924/tools/bin/../lib/gcc/arm-none-eabi/9.3.1/../../../../arm-none-eabi/lib/thumb/v7e-m+fp/hard\libc_nano.a(lib_a-reent.o)
                0x0000000020003380                errno
 COMMON         0x0000000020003384        0x9 c:/st/stm32cubeide_1.6.1/stm32cubeide/plugins/com.st.stm32cube.ide.mcu.externaltools.gnu-tools-for-stm32.9-2020-q2-update.win32_1.5.0.202011040924/tools/bin/../lib/gcc/arm-none-eabi/9.3.1/../../../../arm-none-eabi/lib/thumb/v7e-m+fp/hard\libc_nano.a(lib_a-lock.o)
                0x0000000020003384                __lock___atexit_recursive_mutex
                0x0000000020003385                __lock___arc4random_mutex
                0x0000000020003386                __lock___env_recursive_mutex
                0x0000000020003387                __lock___sinit_recursive_mutex
                0x0000000020003388                __lock___malloc_recursive_mutex
                0x0000000020003389                __lock___at_quick_exit_mutex
                0x000000002000338a                __lock___dd_hash_mutex
                0x000000002000338b                __lock___tz_mutex
                0x000000002000338c                __lock___sfp_recursive_mutex
                0x0000000020003390                . = ALIGN (0x4)
 *fill*         0x000000002000338d        0x3 
                0x0000000020003390                _ebss = .
                0x0000000020003390                __bss_end__ = _ebss

._user_heap_stack
                0x0000000020003390      0x600 load address 0x0000000008007d80
                0x0000000020003390                . = ALIGN (0x8)
                [!provide]                        PROVIDE (end = .)
                0x0000000020003390                PROVIDE (_end = .)
                0x0000000020003590                . = (. + _Min_Heap_Size)
 *fill*         0x0000000020003390      0x200 
                0x0000000020003990                . = (. + _Min_Stack_Size)
 *fill*         0x0000000020003590      0x400 
                0x0000000020003990                . = ALIGN (0x8)

/DISCARD/
 libc.a(*)
 libm.a(*)
 libgcc.a(*)

.ARM.attributes
                0x0000000000000000       0x30
 *(.ARM.attributes)
 .ARM.attributes
                0x0000000000000000       0x1e c:/st/stm32cubeide_1.6.1/stm32cubeide/plugins/com.st.stm32cube.ide.mcu.externaltools.gnu-tools-for-stm32.9-2020-q2-update.win32_1.5.0.202011040924/tools/bin/../lib/gcc/arm-none-eabi/9.3.1/thumb/v7e-m+fp/hard/crti.o
 .ARM.attributes
                0x000000000000001e       0x34 c:/st/stm32cubeide_1.6.1/stm32cubeide/plugins/com.st.stm32cube.ide.mcu.externaltools.gnu-tools-for-stm32.9-2020-q2-update.win32_1.5.0.202011040924/tools/bin/../lib/gcc/arm-none-eabi/9.3.1/thumb/v7e-m+fp/hard/crtbegin.o
 .ARM.attributes
                0x0000000000000052       0x34 Core/Src/freertos.o
 .ARM.attributes
                0x0000000000000086       0x34 Core/Src/main.o
 .ARM.attributes
                0x00000000000000ba       0x34 Core/Src/stm32l4xx_hal_msp.o
 .ARM.attributes
                0x00000000000000ee       0x34 Core/Src/stm32l4xx_hal_timebase_tim.o
 .ARM.attributes
                0x0000000000000122       0x34 Core/Src/stm32l4xx_it.o
 .ARM.attributes
                0x0000000000000156       0x34 Core/Src/sysmem.o
 .ARM.attributes
                0x000000000000018a       0x34 Core/Src/system_stm32l4xx.o
 .ARM.attributes
                0x00000000000001be       0x21 Core/Startup/startup_stm32l475vgtx.o
 .ARM.attributes
                0x00000000000001df       0x34 Drivers/CMSIS/BSP/B-L475E-IOT01/stm32l475e_iot01.o
 .ARM.attributes
                0x0000000000000213       0x34 Drivers/CMSIS/BSP/B-L475E-IOT01/stm32l475e_iot01_hsensor.o
 .ARM.attributes
                0x0000000000000247       0x34 Drivers/CMSIS/BSP/B-L475E-IOT01/stm32l475e_iot01_tsensor.o
 .ARM.attributes
                0x000000000000027b       0x34 Drivers/CMSIS/BSP/Components/LCD/LiquidCrystal.o
 .ARM.attributes
                0x00000000000002af       0x34 Drivers/CMSIS/BSP/Components/hts221/hts221.o
 .ARM.attributes
                0x00000000000002e3       0x34 Drivers/STM32L4xx_HAL_Driver/Src/stm32l4xx_hal.o
 .ARM.attributes
                0x0000000000000317       0x34 Drivers/STM32L4xx_HAL_Driver/Src/stm32l4xx_hal_cortex.o
 .ARM.attributes
                0x000000000000034b       0x34 Drivers/STM32L4xx_HAL_Driver/Src/stm32l4xx_hal_dfsdm.o
 .ARM.attributes
                0x000000000000037f       0x34 Drivers/STM32L4xx_HAL_Driver/Src/stm32l4xx_hal_gpio.o
 .ARM.attributes
                0x00000000000003b3       0x34 Drivers/STM32L4xx_HAL_Driver/Src/stm32l4xx_hal_i2c.o
 .ARM.attributes
                0x00000000000003e7       0x34 Drivers/STM32L4xx_HAL_Driver/Src/stm32l4xx_hal_i2c_ex.o
 .ARM.attributes
                0x000000000000041b       0x34 Drivers/STM32L4xx_HAL_Driver/Src/stm32l4xx_hal_pcd.o
 .ARM.attributes
                0x000000000000044f       0x34 Drivers/STM32L4xx_HAL_Driver/Src/stm32l4xx_hal_pcd_ex.o
 .ARM.attributes
                0x0000000000000483       0x34 Drivers/STM32L4xx_HAL_Driver/Src/stm32l4xx_hal_pwr_ex.o
 .ARM.attributes
                0x00000000000004b7       0x34 Drivers/STM32L4xx_HAL_Driver/Src/stm32l4xx_hal_qspi.o
 .ARM.attributes
                0x00000000000004eb       0x34 Drivers/STM32L4xx_HAL_Driver/Src/stm32l4xx_hal_rcc.o
 .ARM.attributes
                0x000000000000051f       0x34 Drivers/STM32L4xx_HAL_Driver/Src/stm32l4xx_hal_rcc_ex.o
 .ARM.attributes
                0x0000000000000553       0x34 Drivers/STM32L4xx_HAL_Driver/Src/stm32l4xx_hal_spi.o
 .ARM.attributes
                0x0000000000000587       0x34 Drivers/STM32L4xx_HAL_Driver/Src/stm32l4xx_hal_tim.o
 .ARM.attributes
                0x00000000000005bb       0x34 Drivers/STM32L4xx_HAL_Driver/Src/stm32l4xx_hal_tim_ex.o
 .ARM.attributes
                0x00000000000005ef       0x34 Drivers/STM32L4xx_HAL_Driver/Src/stm32l4xx_hal_uart.o
 .ARM.attributes
                0x0000000000000623       0x34 Drivers/STM32L4xx_HAL_Driver/Src/stm32l4xx_ll_usb.o
 .ARM.attributes
                0x0000000000000657       0x34 Middlewares/Third_Party/FreeRTOS/Source/CMSIS_RTOS/cmsis_os.o
 .ARM.attributes
                0x000000000000068b       0x34 Middlewares/Third_Party/FreeRTOS/Source/list.o
 .ARM.attributes
                0x00000000000006bf       0x34 Middlewares/Third_Party/FreeRTOS/Source/queue.o
 .ARM.attributes
                0x00000000000006f3       0x34 Middlewares/Third_Party/FreeRTOS/Source/tasks.o
 .ARM.attributes
                0x0000000000000727       0x34 Middlewares/Third_Party/FreeRTOS/Source/timers.o
 .ARM.attributes
                0x000000000000075b       0x34 Middlewares/Third_Party/FreeRTOS/Source/portable/GCC/ARM_CM4F/port.o
 .ARM.attributes
                0x000000000000078f       0x34 Middlewares/Third_Party/FreeRTOS/Source/portable/MemMang/heap_4.o
 .ARM.attributes