LiquidCrystal.c:166:6:enableClock	24	static
LiquidCrystal.c:186:6:setRowOffsets	8	static
LiquidCrystal.c:337:6:pulseEnable	16	static
LiquidCrystal.c:346:6:write4bits	24	static
LiquidCrystal.c:354:6:write8bits	24	static
LiquidCrystal.c:321:6:send	16	static
LiquidCrystal.c:309:13:command	0	static
LiquidCrystal.c:195:6:clear	8	static
LiquidCrystal.c:201:6:home	8	static
LiquidCrystal.c:207:6:setCursor	0	static
LiquidCrystal.c:221:6:noDisplay	0	static
LiquidCrystal.c:225:6:display	0	static
LiquidCrystal.c:72:6:begin	48	static
LiquidCrystal.c:46:6:init	36	static
LiquidCrystal.c:37:6:LiquidCrystal	64	static
LiquidCrystal.c:231:6:noCursor	0	static
LiquidCrystal.c:235:6:cursor	0	static
LiquidCrystal.c:241:6:noBlink	0	static
LiquidCrystal.c:245:6:blink	0	static
LiquidCrystal.c:251:6:scrollDisplayLeft	0	static
LiquidCrystal.c:254:6:scrollDisplayRight	0	static
LiquidCrystal.c:259:6:leftToRight	0	static
LiquidCrystal.c:265:6:rightToLeft	0	static
LiquidCrystal.c:271:6:autoscroll	0	static
LiquidCrystal.c:277:6:noAutoscroll	0	static
LiquidCrystal.c:313:15:write	8	static
LiquidCrystal.c:299:6:createChar	16	static
LiquidCrystal.c:283:8:print	16	static
